03/17/2006 8:06:37 AM : Starting build.
03/17/2006 8:06:37 AM : Searching : D:\web page\2360027\fmi\
03/17/2006 8:06:41 AM : Indexing 73 files
03/17/2006 8:06:41 AM : Extracting : D:\web page\2360027\fmi\fmi25256.pdf
03/17/2006 8:06:45 AM : Extracting : D:\web page\2360027\fmi\fmi25257.pdf
03/17/2006 8:06:46 AM : Extracting : D:\web page\2360027\fmi\fmi25258.pdf
03/17/2006 8:06:46 AM : Extracting : D:\web page\2360027\fmi\fmi25259.pdf
03/17/2006 8:06:46 AM : Extracting : D:\web page\2360027\fmi\fmi25261.pdf
03/17/2006 8:06:47 AM : Extracting : D:\web page\2360027\fmi\fmi25263.pdf
03/17/2006 8:06:47 AM : Extracting : D:\web page\2360027\fmi\fmi25267.pdf
03/17/2006 8:06:47 AM : Extracting : D:\web page\2360027\fmi\fmi25269.pdf
03/17/2006 8:06:48 AM : Extracting : D:\web page\2360027\fmi\fmi25275.pdf
03/17/2006 8:06:49 AM : Extracting : D:\web page\2360027\fmi\fmi25276.pdf
03/17/2006 8:06:50 AM : Extracting : D:\web page\2360027\fmi\fmi25277.pdf
03/17/2006 8:06:50 AM : Extracting : D:\web page\2360027\fmi\fmi25279.pdf
03/17/2006 8:06:50 AM : Extracting : D:\web page\2360027\fmi\fmi25280.pdf
03/17/2006 8:06:50 AM : Extracting : D:\web page\2360027\fmi\fmi25281.pdf
03/17/2006 8:06:51 AM : Extracting : D:\web page\2360027\fmi\fmi25282.pdf
03/17/2006 8:06:51 AM : Extracting : D:\web page\2360027\fmi\fmi25283.pdf
03/17/2006 8:06:51 AM : Extracting : D:\web page\2360027\fmi\fmi25284.pdf
03/17/2006 8:06:51 AM : Extracting : D:\web page\2360027\fmi\fmi25285.pdf
03/17/2006 8:06:51 AM : Extracting : D:\web page\2360027\fmi\fmi25286.pdf
03/17/2006 8:06:52 AM : Extracting : D:\web page\2360027\fmi\fmi25289.pdf
03/17/2006 8:06:52 AM : Extracting : D:\web page\2360027\fmi\fmi25290.pdf
03/17/2006 8:06:52 AM : Extracting : D:\web page\2360027\fmi\fmi25291.pdf
03/17/2006 8:06:53 AM : Extracting : D:\web page\2360027\fmi\fmi25298.pdf
03/17/2006 8:06:53 AM : Extracting : D:\web page\2360027\fmi\fmi25299.pdf
03/17/2006 8:06:54 AM : Extracting : D:\web page\2360027\fmi\fmi25300.pdf
03/17/2006 8:06:57 AM : Extracting : D:\web page\2360027\fmi\fmi25302.pdf
03/17/2006 8:06:57 AM : Extracting : D:\web page\2360027\fmi\fmi25303.pdf
03/17/2006 8:06:57 AM : Extracting : D:\web page\2360027\fmi\fmi25306.pdf
03/17/2006 8:06:57 AM : Extracting : D:\web page\2360027\fmi\fmi25307.pdf
03/17/2006 8:06:58 AM : Extracting : D:\web page\2360027\fmi\fmi25308.pdf
03/17/2006 8:06:59 AM : Extracting : D:\web page\2360027\fmi\fmi25310.pdf
03/17/2006 8:06:59 AM : Extracting : D:\web page\2360027\fmi\fmi25311.pdf
03/17/2006 8:06:59 AM : Extracting : D:\web page\2360027\fmi\fmi25313.pdf
03/17/2006 8:07:00 AM : Extracting : D:\web page\2360027\fmi\fmi25314.pdf
03/17/2006 8:07:00 AM : Extracting : D:\web page\2360027\fmi\fmi25315.pdf
03/17/2006 8:07:00 AM : Extracting : D:\web page\2360027\fmi\fmi25319.pdf
03/17/2006 8:07:01 AM : Extracting : D:\web page\2360027\fmi\fmi25320.pdf
03/17/2006 8:07:01 AM : Extracting : D:\web page\2360027\fmi\fmi25321.pdf
03/17/2006 8:07:02 AM : Extracting : D:\web page\2360027\fmi\fmi25322.pdf
03/17/2006 8:07:02 AM : Extracting : D:\web page\2360027\fmi\fmi25325.pdf
03/17/2006 8:07:02 AM : Extracting : D:\web page\2360027\fmi\fmi25326.pdf
03/17/2006 8:07:02 AM : Extracting : D:\web page\2360027\fmi\fmi25330.pdf
03/17/2006 8:07:04 AM : Extracting : D:\web page\2360027\fmi\fmi25331.pdf
03/17/2006 8:07:05 AM : Extracting : D:\web page\2360027\fmi\fmi25332.pdf
03/17/2006 8:07:07 AM : Extracting : D:\web page\2360027\fmi\fmi25333.pdf
03/17/2006 8:07:08 AM : Extracting : D:\web page\2360027\fmi\fmi25334.pdf
03/17/2006 8:07:11 AM : Extracting : D:\web page\2360027\fmi\fmi25335.pdf
03/17/2006 8:07:15 AM : Extracting : D:\web page\2360027\fmi\fmi25337.pdf
03/17/2006 8:07:17 AM : Extracting : D:\web page\2360027\fmi\fmi25338.pdf
03/17/2006 8:07:19 AM : Extracting : D:\web page\2360027\fmi\fmi25339a.pdf
03/17/2006 8:07:21 AM : Extracting : D:\web page\2360027\fmi\fmi25340a.pdf
03/17/2006 8:07:25 AM : Extracting : D:\web page\2360027\fmi\fmi25343.pdf
03/17/2006 8:07:26 AM : Extracting : D:\web page\2360027\fmi\fmi25344.pdf
03/17/2006 8:07:28 AM : Extracting : D:\web page\2360027\fmi\fmi25346.pdf
03/17/2006 8:07:29 AM : Extracting : D:\web page\2360027\fmi\fmi25348.pdf
03/17/2006 8:07:30 AM : Extracting : D:\web page\2360027\fmi\fmi25349.pdf
03/17/2006 8:07:30 AM : Extracting : D:\web page\2360027\fmi\fmi25350.pdf
03/17/2006 8:07:31 AM : Extracting : D:\web page\2360027\fmi\fmi25351.pdf
03/17/2006 8:07:33 AM : Extracting : D:\web page\2360027\fmi\fmi25353.pdf
03/17/2006 8:07:33 AM : Extracting : D:\web page\2360027\fmi\fmi25355.pdf
03/17/2006 8:07:34 AM : Extracting : D:\web page\2360027\fmi\fmi25356.pdf
03/17/2006 8:07:34 AM : Extracting : D:\web page\2360027\fmi\fmi25358.pdf
03/17/2006 8:07:35 AM : Extracting : D:\web page\2360027\fmi\fmi25359.pdf
03/17/2006 8:07:35 AM : Extracting : D:\web page\2360027\fmi\fmi25360.pdf
03/17/2006 8:07:36 AM : Extracting : D:\web page\2360027\fmi\fmi25363.pdf
03/17/2006 8:07:37 AM : Extracting : D:\web page\2360027\fmi\fmi25364.pdf
03/17/2006 8:07:38 AM : Extracting : D:\web page\2360027\fmi\fmi25366.pdf
03/17/2006 8:07:38 AM : Extracting : D:\web page\2360027\fmi\fmi25368.pdf
03/17/2006 8:07:39 AM : Extracting : D:\web page\2360027\fmi\fmi25372.pdf
03/17/2006 8:07:41 AM : Extracting : D:\web page\2360027\fmi\fmi25374.pdf
03/17/2006 8:07:41 AM : Extracting : D:\web page\2360027\fmi\fmi25375.pdf
03/17/2006 8:07:42 AM : Extracting : D:\web page\2360027\fmi\fmi25378.pdf
03/17/2006 8:07:42 AM : Extracting : D:\web page\2360027\fmi\fmi25379.pdf
03/17/2006 8:07:43 AM : Creating Index
03/17/2006 8:07:46 AM :   Total PDF files in all directories : 73
03/17/2006 8:07:46 AM :   Total new files : 73
03/17/2006 8:07:46 AM :   Total pages indexed : 1169
03/17/2006 8:07:46 AM :   Total number of files skipped : 0
03/17/2006 8:07:46 AM :   Total deleted files : 0
03/17/2006 8:07:46 AM : Index build successful.

08/10/2006 11:19:16 AM : Starting rebuild
08/10/2006 11:19:16 AM : Deleting files from current index
08/10/2006 11:19:16 AM : Deleting : D:\web page\2360027\fmi\fmi_index\index.idx
08/10/2006 11:19:16 AM : Deleting : D:\web page\2360027\fmi\fmi_index\index1.idx
08/10/2006 11:19:16 AM : Searching : D:\web page\2360027\fmi\
08/10/2006 11:19:23 AM : Indexing 91 files
08/10/2006 11:19:23 AM : Extracting : D:\web page\2360027\fmi\fmi22901.pdf
08/10/2006 11:19:24 AM : Extracting : D:\web page\2360027\fmi\fmi22904-905.pdf
08/10/2006 11:19:24 AM : Extracting : D:\web page\2360027\fmi\fmi22906.pdf
08/10/2006 11:19:25 AM : Extracting : D:\web page\2360027\fmi\fmi25256.pdf
08/10/2006 11:19:32 AM : Extracting : D:\web page\2360027\fmi\fmi25257.pdf
08/10/2006 11:19:32 AM : Extracting : D:\web page\2360027\fmi\fmi25258.pdf
08/10/2006 11:19:32 AM : Extracting : D:\web page\2360027\fmi\fmi25259.pdf
08/10/2006 11:19:32 AM : Extracting : D:\web page\2360027\fmi\fmi25261.pdf
08/10/2006 11:19:33 AM : Extracting : D:\web page\2360027\fmi\fmi25263.pdf
08/10/2006 11:19:33 AM : Extracting : D:\web page\2360027\fmi\fmi25267.pdf
08/10/2006 11:19:34 AM : Extracting : D:\web page\2360027\fmi\fmi25269.pdf
08/10/2006 11:19:34 AM : Extracting : D:\web page\2360027\fmi\fmi25275.pdf
08/10/2006 11:19:35 AM : Extracting : D:\web page\2360027\fmi\fmi25276.pdf
08/10/2006 11:19:36 AM : Extracting : D:\web page\2360027\fmi\fmi25277.pdf
08/10/2006 11:19:37 AM : Extracting : D:\web page\2360027\fmi\fmi25279.pdf
08/10/2006 11:19:37 AM : Extracting : D:\web page\2360027\fmi\fmi25280.pdf
08/10/2006 11:19:37 AM : Extracting : D:\web page\2360027\fmi\fmi25281.pdf
08/10/2006 11:19:37 AM : Extracting : D:\web page\2360027\fmi\fmi25282.pdf
08/10/2006 11:19:38 AM : Extracting : D:\web page\2360027\fmi\fmi25283.pdf
08/10/2006 11:19:38 AM : Extracting : D:\web page\2360027\fmi\fmi25284.pdf
08/10/2006 11:19:38 AM : Extracting : D:\web page\2360027\fmi\fmi25285.pdf
08/10/2006 11:19:38 AM : Extracting : D:\web page\2360027\fmi\fmi25286.pdf
08/10/2006 11:19:39 AM : Extracting : D:\web page\2360027\fmi\fmi25289.pdf
08/10/2006 11:19:39 AM : Extracting : D:\web page\2360027\fmi\fmi25290.pdf
08/10/2006 11:19:39 AM : Extracting : D:\web page\2360027\fmi\fmi25291.pdf
08/10/2006 11:19:40 AM : Extracting : D:\web page\2360027\fmi\fmi25298.pdf
08/10/2006 11:19:40 AM : Extracting : D:\web page\2360027\fmi\fmi25299.pdf
08/10/2006 11:19:45 AM : Extracting : D:\web page\2360027\fmi\fmi25300.pdf
08/10/2006 11:19:46 AM : Extracting : D:\web page\2360027\fmi\fmi25302.pdf
08/10/2006 11:19:46 AM : Extracting : D:\web page\2360027\fmi\fmi25303.pdf
08/10/2006 11:19:46 AM : Extracting : D:\web page\2360027\fmi\fmi25306.pdf
08/10/2006 11:19:47 AM : Extracting : D:\web page\2360027\fmi\fmi25307.pdf
08/10/2006 11:19:49 AM : Extracting : D:\web page\2360027\fmi\fmi25308.pdf
08/10/2006 11:19:50 AM : Extracting : D:\web page\2360027\fmi\fmi25310.pdf
08/10/2006 11:19:50 AM : Extracting : D:\web page\2360027\fmi\fmi25311.pdf
08/10/2006 11:19:51 AM : Extracting : D:\web page\2360027\fmi\fmi25313.pdf
08/10/2006 11:19:51 AM : Extracting : D:\web page\2360027\fmi\fmi25314.pdf
08/10/2006 11:19:52 AM : Extracting : D:\web page\2360027\fmi\fmi25315.pdf
08/10/2006 11:19:53 AM : Extracting : D:\web page\2360027\fmi\fmi25319.pdf
08/10/2006 11:19:53 AM : Extracting : D:\web page\2360027\fmi\fmi25320.pdf
08/10/2006 11:19:54 AM : Extracting : D:\web page\2360027\fmi\fmi25321.pdf
08/10/2006 11:19:55 AM : Extracting : D:\web page\2360027\fmi\fmi25322.pdf
08/10/2006 11:19:56 AM : Extracting : D:\web page\2360027\fmi\fmi25325.pdf
08/10/2006 11:19:56 AM : Extracting : D:\web page\2360027\fmi\fmi25326.pdf
08/10/2006 11:19:56 AM : Extracting : D:\web page\2360027\fmi\fmi25330.pdf
08/10/2006 11:19:59 AM : Extracting : D:\web page\2360027\fmi\fmi25331.pdf
08/10/2006 11:20:01 AM : Extracting : D:\web page\2360027\fmi\fmi25332.pdf
08/10/2006 11:20:03 AM : Extracting : D:\web page\2360027\fmi\fmi25333.pdf
08/10/2006 11:20:04 AM : Extracting : D:\web page\2360027\fmi\fmi25334.pdf
08/10/2006 11:20:10 AM : Extracting : D:\web page\2360027\fmi\fmi25335.pdf
08/10/2006 11:20:19 AM : Extracting : D:\web page\2360027\fmi\fmi25337.pdf
08/10/2006 11:20:21 AM : Extracting : D:\web page\2360027\fmi\fmi25338.pdf
08/10/2006 11:20:23 AM : Extracting : D:\web page\2360027\fmi\fmi25339a.pdf
08/10/2006 11:20:28 AM : Extracting : D:\web page\2360027\fmi\fmi25340a.pdf
08/10/2006 11:20:32 AM : Extracting : D:\web page\2360027\fmi\fmi25343.pdf
08/10/2006 11:20:34 AM : Extracting : D:\web page\2360027\fmi\fmi25344.pdf
08/10/2006 11:20:35 AM : Extracting : D:\web page\2360027\fmi\fmi25346.pdf
08/10/2006 11:20:37 AM : Extracting : D:\web page\2360027\fmi\fmi25348.pdf
08/10/2006 11:20:38 AM : Extracting : D:\web page\2360027\fmi\fmi25349.pdf
08/10/2006 11:20:38 AM : Extracting : D:\web page\2360027\fmi\fmi25350.pdf
08/10/2006 11:20:39 AM : Extracting : D:\web page\2360027\fmi\fmi25351.pdf
08/10/2006 11:20:40 AM : Extracting : D:\web page\2360027\fmi\fmi25353.pdf
08/10/2006 11:20:41 AM : Extracting : D:\web page\2360027\fmi\fmi25355.pdf
08/10/2006 11:20:41 AM : Extracting : D:\web page\2360027\fmi\fmi25356.pdf
08/10/2006 11:20:42 AM : Extracting : D:\web page\2360027\fmi\fmi25358.pdf
08/10/2006 11:20:42 AM : Extracting : D:\web page\2360027\fmi\fmi25359.pdf
08/10/2006 11:20:43 AM : Extracting : D:\web page\2360027\fmi\fmi25360.pdf
08/10/2006 11:20:43 AM : Extracting : D:\web page\2360027\fmi\fmi25363.pdf
08/10/2006 11:20:45 AM : Extracting : D:\web page\2360027\fmi\fmi25364.pdf
08/10/2006 11:20:46 AM : Extracting : D:\web page\2360027\fmi\fmi25365.pdf
08/10/2006 11:20:50 AM : Extracting : D:\web page\2360027\fmi\fmi25366.pdf
08/10/2006 11:20:51 AM : Extracting : D:\web page\2360027\fmi\fmi25367.pdf
08/10/2006 11:20:53 AM : Extracting : D:\web page\2360027\fmi\fmi25368.pdf
08/10/2006 11:20:53 AM : Extracting : D:\web page\2360027\fmi\fmi25370.pdf
08/10/2006 11:20:55 AM : Extracting : D:\web page\2360027\fmi\fmi25372.pdf
08/10/2006 11:20:56 AM : Extracting : D:\web page\2360027\fmi\fmi25373.pdf
08/10/2006 11:20:59 AM : Extracting : D:\web page\2360027\fmi\fmi25374.pdf
08/10/2006 11:20:59 AM : Extracting : D:\web page\2360027\fmi\fmi25375.pdf
08/10/2006 11:21:01 AM : Extracting : D:\web page\2360027\fmi\fmi25376.pdf
08/10/2006 11:21:01 AM : Extracting : D:\web page\2360027\fmi\fmi25377.pdf
08/10/2006 11:21:05 AM : Extracting : D:\web page\2360027\fmi\fmi25378.pdf
08/10/2006 11:21:06 AM : Extracting : D:\web page\2360027\fmi\fmi25379.pdf
08/10/2006 11:21:08 AM : Extracting : D:\web page\2360027\fmi\fmi25382.pdf
08/10/2006 11:21:10 AM : Extracting : D:\web page\2360027\fmi\fmi25383.pdf
08/10/2006 11:21:11 AM : Extracting : D:\web page\2360027\fmi\fmi25384.pdf
08/10/2006 11:21:12 AM : Extracting : D:\web page\2360027\fmi\fmi25878.pdf
08/10/2006 11:21:12 AM : Extracting : D:\web page\2360027\fmi\fmi25900-901.pdf
08/10/2006 11:21:14 AM : Extracting : D:\web page\2360027\fmi\fmi25902.pdf
08/10/2006 11:21:17 AM : Extracting : D:\web page\2360027\fmi\fmi25903.pdf
08/10/2006 11:21:20 AM : Extracting : D:\web page\2360027\fmi\fmi25904.pdf
08/10/2006 11:21:21 AM : Extracting : D:\web page\2360027\fmi\fmi25905.pdf
08/10/2006 11:21:23 AM : Creating Index
08/10/2006 11:21:55 AM :   Total PDF files in all directories : 91
08/10/2006 11:21:55 AM :   Total new files : 91
08/10/2006 11:21:55 AM :   Total pages indexed : 1440
08/10/2006 11:21:55 AM :   Total number of files skipped : 0
08/10/2006 11:21:55 AM :   Total deleted files : 0
08/10/2006 11:21:55 AM : Index build successful.

12/07/2006 5:25:31 PM : Starting rebuild
12/07/2006 5:25:31 PM : Deleting files from current index
12/07/2006 5:25:31 PM : Deleting : D:\web page\2360027\fmi\fmi_index\index.idx
12/07/2006 5:25:31 PM : Deleting : D:\web page\2360027\fmi\fmi_index\index1.idx
12/07/2006 5:25:31 PM : Searching : D:\web page\2360027\fmi\
12/07/2006 5:25:39 PM : Indexing 96 files
12/07/2006 5:25:39 PM : Extracting : D:\web page\2360027\fmi\fmi22901.pdf
12/07/2006 5:25:40 PM : Extracting : D:\web page\2360027\fmi\fmi22904-905.pdf
12/07/2006 5:25:41 PM : Extracting : D:\web page\2360027\fmi\fmi22906.pdf
12/07/2006 5:25:41 PM : Extracting : D:\web page\2360027\fmi\fmi25256.pdf
12/07/2006 5:25:45 PM : Extracting : D:\web page\2360027\fmi\fmi25257.pdf
12/07/2006 5:25:45 PM : Extracting : D:\web page\2360027\fmi\fmi25258.pdf
12/07/2006 5:25:46 PM : Extracting : D:\web page\2360027\fmi\fmi25259.pdf
12/07/2006 5:25:46 PM : Extracting : D:\web page\2360027\fmi\fmi25261.pdf
12/07/2006 5:25:46 PM : Extracting : D:\web page\2360027\fmi\fmi25263.pdf
12/07/2006 5:25:47 PM : Extracting : D:\web page\2360027\fmi\fmi25267.pdf
12/07/2006 5:25:47 PM : Extracting : D:\web page\2360027\fmi\fmi25269.pdf
12/07/2006 5:25:48 PM : Extracting : D:\web page\2360027\fmi\fmi25275.pdf
12/07/2006 5:25:48 PM : Extracting : D:\web page\2360027\fmi\fmi25276.pdf
12/07/2006 5:25:49 PM : Extracting : D:\web page\2360027\fmi\fmi25277.pdf
12/07/2006 5:25:50 PM : Extracting : D:\web page\2360027\fmi\fmi25279.pdf
12/07/2006 5:25:50 PM : Extracting : D:\web page\2360027\fmi\fmi25280.pdf
12/07/2006 5:25:50 PM : Extracting : D:\web page\2360027\fmi\fmi25281.pdf
12/07/2006 5:25:50 PM : Extracting : D:\web page\2360027\fmi\fmi25282.pdf
12/07/2006 5:25:50 PM : Extracting : D:\web page\2360027\fmi\fmi25283.pdf
12/07/2006 5:25:51 PM : Extracting : D:\web page\2360027\fmi\fmi25284.pdf
12/07/2006 5:25:51 PM : Extracting : D:\web page\2360027\fmi\fmi25285.pdf
12/07/2006 5:25:51 PM : Extracting : D:\web page\2360027\fmi\fmi25286.pdf
12/07/2006 5:25:51 PM : Extracting : D:\web page\2360027\fmi\fmi25289.pdf
12/07/2006 5:25:52 PM : Extracting : D:\web page\2360027\fmi\fmi25290.pdf
12/07/2006 5:25:52 PM : Extracting : D:\web page\2360027\fmi\fmi25291.pdf
12/07/2006 5:25:52 PM : Extracting : D:\web page\2360027\fmi\fmi25298.pdf
12/07/2006 5:25:53 PM : Extracting : D:\web page\2360027\fmi\fmi25299.pdf
12/07/2006 5:25:54 PM : Extracting : D:\web page\2360027\fmi\fmi25300.pdf
12/07/2006 5:25:54 PM : Extracting : D:\web page\2360027\fmi\fmi25302.pdf
12/07/2006 5:25:55 PM : Extracting : D:\web page\2360027\fmi\fmi25303.pdf
12/07/2006 5:25:55 PM : Extracting : D:\web page\2360027\fmi\fmi25306.pdf
12/07/2006 5:25:55 PM : Extracting : D:\web page\2360027\fmi\fmi25307.pdf
12/07/2006 5:25:56 PM : Extracting : D:\web page\2360027\fmi\fmi25308.pdf
12/07/2006 5:25:56 PM : Extracting : D:\web page\2360027\fmi\fmi25310.pdf
12/07/2006 5:25:57 PM : Extracting : D:\web page\2360027\fmi\fmi25311.pdf
12/07/2006 5:25:57 PM : Extracting : D:\web page\2360027\fmi\fmi25313.pdf
12/07/2006 5:25:57 PM : Extracting : D:\web page\2360027\fmi\fmi25314.pdf
12/07/2006 5:25:58 PM : Extracting : D:\web page\2360027\fmi\fmi25315.pdf
12/07/2006 5:25:58 PM : Extracting : D:\web page\2360027\fmi\fmi25319.pdf
12/07/2006 5:25:58 PM : Extracting : D:\web page\2360027\fmi\fmi25320.pdf
12/07/2006 5:25:59 PM : Extracting : D:\web page\2360027\fmi\fmi25321.pdf
12/07/2006 5:25:59 PM : Extracting : D:\web page\2360027\fmi\fmi25322.pdf
12/07/2006 5:26:00 PM : Extracting : D:\web page\2360027\fmi\fmi25325.pdf
12/07/2006 5:26:00 PM : Extracting : D:\web page\2360027\fmi\fmi25326.pdf
12/07/2006 5:26:00 PM : Extracting : D:\web page\2360027\fmi\fmi25330.pdf
12/07/2006 5:26:02 PM : Extracting : D:\web page\2360027\fmi\fmi25331.pdf
12/07/2006 5:26:03 PM : Extracting : D:\web page\2360027\fmi\fmi25332.pdf
12/07/2006 5:26:05 PM : Extracting : D:\web page\2360027\fmi\fmi25333.pdf
12/07/2006 5:26:06 PM : Extracting : D:\web page\2360027\fmi\fmi25334.pdf
12/07/2006 5:26:09 PM : Extracting : D:\web page\2360027\fmi\fmi25335.pdf
12/07/2006 5:26:12 PM : Extracting : D:\web page\2360027\fmi\fmi25337.pdf
12/07/2006 5:26:14 PM : Extracting : D:\web page\2360027\fmi\fmi25338.pdf
12/07/2006 5:26:16 PM : Extracting : D:\web page\2360027\fmi\fmi25339a.pdf
12/07/2006 5:26:19 PM : Extracting : D:\web page\2360027\fmi\fmi25340a.pdf
12/07/2006 5:26:22 PM : Extracting : D:\web page\2360027\fmi\fmi25343.pdf
12/07/2006 5:26:23 PM : Extracting : D:\web page\2360027\fmi\fmi25344.pdf
12/07/2006 5:26:25 PM : Extracting : D:\web page\2360027\fmi\fmi25346.pdf
12/07/2006 5:26:26 PM : Extracting : D:\web page\2360027\fmi\fmi25348.pdf
12/07/2006 5:26:27 PM : Extracting : D:\web page\2360027\fmi\fmi25349.pdf
12/07/2006 5:26:27 PM : Extracting : D:\web page\2360027\fmi\fmi25350.pdf
12/07/2006 5:26:28 PM : Extracting : D:\web page\2360027\fmi\fmi25351.pdf
12/07/2006 5:26:30 PM : Extracting : D:\web page\2360027\fmi\fmi25353.pdf
12/07/2006 5:26:30 PM : Extracting : D:\web page\2360027\fmi\fmi25355.pdf
12/07/2006 5:26:31 PM : Extracting : D:\web page\2360027\fmi\fmi25356.pdf
12/07/2006 5:26:31 PM : Extracting : D:\web page\2360027\fmi\fmi25358.pdf
12/07/2006 5:26:32 PM : Extracting : D:\web page\2360027\fmi\fmi25359.pdf
12/07/2006 5:26:32 PM : Extracting : D:\web page\2360027\fmi\fmi25360.pdf
12/07/2006 5:26:33 PM : Extracting : D:\web page\2360027\fmi\fmi25363.pdf
12/07/2006 5:26:34 PM : Extracting : D:\web page\2360027\fmi\fmi25364.pdf
12/07/2006 5:26:35 PM : Extracting : D:\web page\2360027\fmi\fmi25365.pdf
12/07/2006 5:26:36 PM : Extracting : D:\web page\2360027\fmi\fmi25366.pdf
12/07/2006 5:26:37 PM : Extracting : D:\web page\2360027\fmi\fmi25367.pdf
12/07/2006 5:26:37 PM : Extracting : D:\web page\2360027\fmi\fmi25368.pdf
12/07/2006 5:26:38 PM : Extracting : D:\web page\2360027\fmi\fmi25370.pdf
12/07/2006 5:26:39 PM : Extracting : D:\web page\2360027\fmi\fmi25370A.pdf
12/07/2006 5:26:39 PM : Extracting : D:\web page\2360027\fmi\fmi25371.pdf
12/07/2006 5:26:40 PM : Extracting : D:\web page\2360027\fmi\fmi25372.pdf
12/07/2006 5:26:41 PM : Extracting : D:\web page\2360027\fmi\fmi25373.pdf
12/07/2006 5:26:42 PM : Extracting : D:\web page\2360027\fmi\fmi25374.pdf
12/07/2006 5:26:43 PM : Extracting : D:\web page\2360027\fmi\fmi25375.pdf
12/07/2006 5:26:43 PM : Extracting : D:\web page\2360027\fmi\fmi25376.pdf
12/07/2006 5:26:44 PM : Extracting : D:\web page\2360027\fmi\fmi25377.pdf
12/07/2006 5:26:45 PM : Extracting : D:\web page\2360027\fmi\fmi25378.pdf
12/07/2006 5:26:45 PM : Extracting : D:\web page\2360027\fmi\fmi25379.pdf
12/07/2006 5:26:46 PM : Extracting : D:\web page\2360027\fmi\fmi25382.pdf
12/07/2006 5:26:48 PM : Extracting : D:\web page\2360027\fmi\fmi25383.pdf
12/07/2006 5:26:48 PM : Extracting : D:\web page\2360027\fmi\fmi25384.pdf
12/07/2006 5:26:49 PM : Extracting : D:\web page\2360027\fmi\fmi25388.pdf
12/07/2006 5:26:49 PM : Extracting : D:\web page\2360027\fmi\fmi25390.pdf
12/07/2006 5:26:52 PM : Extracting : D:\web page\2360027\fmi\fmi25392.pdf
12/07/2006 5:26:56 PM : Extracting : D:\web page\2360027\fmi\fmi25878.pdf
12/07/2006 5:26:56 PM : Extracting : D:\web page\2360027\fmi\fmi25900-901.pdf
12/07/2006 5:26:56 PM : Extracting : D:\web page\2360027\fmi\fmi25902.pdf
12/07/2006 5:26:58 PM : Extracting : D:\web page\2360027\fmi\fmi25903.pdf
12/07/2006 5:27:00 PM : Extracting : D:\web page\2360027\fmi\fmi25904.pdf
12/07/2006 5:27:00 PM : Extracting : D:\web page\2360027\fmi\fmi25905.pdf
12/07/2006 5:27:02 PM : Creating Index
12/07/2006 5:27:06 PM :   Total PDF files in all directories : 96
12/07/2006 5:27:06 PM :   Total new files : 96
12/07/2006 5:27:06 PM :   Total pages indexed : 1519
12/07/2006 5:27:06 PM :   Total number of files skipped : 0
12/07/2006 5:27:06 PM :   Total deleted files : 0
12/07/2006 5:27:06 PM : Index build successful.

06/21/2007 9:36:13 AM : Starting rebuild of Index : D:\DVD Images\2360027-300r12\fmi\fmi_index.pdx
06/21/2007 9:36:13 AM : Deleting files from current index
06/21/2007 9:36:13 AM : Deleting : D:\DVD Images\2360027-300r12\fmi\fmi_index\index.idx
06/21/2007 9:36:13 AM : Deleting : D:\DVD Images\2360027-300r12\fmi\fmi_index\index1.idx
06/21/2007 9:36:14 AM : Searching : D:\DVD Images\2360027-300r12\fmi\
06/21/2007 9:36:21 AM : Indexing 105 files
06/21/2007 9:36:21 AM : Extracting : D:\DVD Images\2360027-300r12\fmi\fmi22901.pdf
06/21/2007 9:36:21 AM : Extracting : D:\DVD Images\2360027-300r12\fmi\fmi22904-905.pdf
06/21/2007 9:36:25 AM : Extracting : D:\DVD Images\2360027-300r12\fmi\fmi22906.pdf
06/21/2007 9:36:25 AM : Extracting : D:\DVD Images\2360027-300r12\fmi\fmi25256.pdf
06/21/2007 9:36:29 AM : Extracting : D:\DVD Images\2360027-300r12\fmi\fmi25257.pdf
06/21/2007 9:36:29 AM : Extracting : D:\DVD Images\2360027-300r12\fmi\fmi25258.pdf
06/21/2007 9:36:29 AM : Extracting : D:\DVD Images\2360027-300r12\fmi\fmi25259.pdf
06/21/2007 9:36:30 AM : Extracting : D:\DVD Images\2360027-300r12\fmi\fmi25261.pdf
06/21/2007 9:36:30 AM : Extracting : D:\DVD Images\2360027-300r12\fmi\fmi25263.pdf
06/21/2007 9:36:30 AM : Extracting : D:\DVD Images\2360027-300r12\fmi\fmi25267.pdf
06/21/2007 9:36:30 AM : Extracting : D:\DVD Images\2360027-300r12\fmi\fmi25269.pdf
06/21/2007 9:36:30 AM : Extracting : D:\DVD Images\2360027-300r12\fmi\fmi25275.pdf
06/21/2007 9:36:31 AM : Extracting : D:\DVD Images\2360027-300r12\fmi\fmi25276.pdf
06/21/2007 9:36:32 AM : Extracting : D:\DVD Images\2360027-300r12\fmi\fmi25277.pdf
06/21/2007 9:36:32 AM : Extracting : D:\DVD Images\2360027-300r12\fmi\fmi25279.pdf
06/21/2007 9:36:32 AM : Extracting : D:\DVD Images\2360027-300r12\fmi\fmi25280.pdf
06/21/2007 9:36:32 AM : Extracting : D:\DVD Images\2360027-300r12\fmi\fmi25281.pdf
06/21/2007 9:36:32 AM : Extracting : D:\DVD Images\2360027-300r12\fmi\fmi25282.pdf
06/21/2007 9:36:32 AM : Extracting : D:\DVD Images\2360027-300r12\fmi\fmi25283.pdf
06/21/2007 9:36:32 AM : Extracting : D:\DVD Images\2360027-300r12\fmi\fmi25284.pdf
06/21/2007 9:36:33 AM : Extracting : D:\DVD Images\2360027-300r12\fmi\fmi25285.pdf
06/21/2007 9:36:33 AM : Extracting : D:\DVD Images\2360027-300r12\fmi\fmi25286.pdf
06/21/2007 9:36:33 AM : Extracting : D:\DVD Images\2360027-300r12\fmi\fmi25289.pdf
06/21/2007 9:36:33 AM : Extracting : D:\DVD Images\2360027-300r12\fmi\fmi25290.pdf
06/21/2007 9:36:33 AM : Extracting : D:\DVD Images\2360027-300r12\fmi\fmi25291.pdf
06/21/2007 9:36:33 AM : Extracting : D:\DVD Images\2360027-300r12\fmi\fmi25298.pdf
06/21/2007 9:36:34 AM : Extracting : D:\DVD Images\2360027-300r12\fmi\fmi25299.pdf
06/21/2007 9:36:34 AM : Extracting : D:\DVD Images\2360027-300r12\fmi\fmi25300.pdf
06/21/2007 9:36:35 AM : Extracting : D:\DVD Images\2360027-300r12\fmi\fmi25302.pdf
06/21/2007 9:36:35 AM : Extracting : D:\DVD Images\2360027-300r12\fmi\fmi25303.pdf
06/21/2007 9:36:35 AM : Extracting : D:\DVD Images\2360027-300r12\fmi\fmi25306.pdf
06/21/2007 9:36:35 AM : Extracting : D:\DVD Images\2360027-300r12\fmi\fmi25307.pdf
06/21/2007 9:36:36 AM : Extracting : D:\DVD Images\2360027-300r12\fmi\fmi25308.pdf
06/21/2007 9:36:36 AM : Extracting : D:\DVD Images\2360027-300r12\fmi\fmi25310.pdf
06/21/2007 9:36:36 AM : Extracting : D:\DVD Images\2360027-300r12\fmi\fmi25311.pdf
06/21/2007 9:36:36 AM : Extracting : D:\DVD Images\2360027-300r12\fmi\fmi25313.pdf
06/21/2007 9:36:36 AM : Extracting : D:\DVD Images\2360027-300r12\fmi\fmi25314.pdf
06/21/2007 9:36:37 AM : Extracting : D:\DVD Images\2360027-300r12\fmi\fmi25315.pdf
06/21/2007 9:36:37 AM : Extracting : D:\DVD Images\2360027-300r12\fmi\fmi25319.pdf
06/21/2007 9:36:37 AM : Extracting : D:\DVD Images\2360027-300r12\fmi\fmi25320.pdf
06/21/2007 9:36:38 AM : Extracting : D:\DVD Images\2360027-300r12\fmi\fmi25321.pdf
06/21/2007 9:36:38 AM : Extracting : D:\DVD Images\2360027-300r12\fmi\fmi25322.pdf
06/21/2007 9:36:38 AM : Extracting : D:\DVD Images\2360027-300r12\fmi\fmi25325.pdf
06/21/2007 9:36:38 AM : Extracting : D:\DVD Images\2360027-300r12\fmi\fmi25326.pdf
06/21/2007 9:36:39 AM : Extracting : D:\DVD Images\2360027-300r12\fmi\fmi25330.pdf
06/21/2007 9:36:40 AM : Extracting : D:\DVD Images\2360027-300r12\fmi\fmi25331.pdf
06/21/2007 9:36:41 AM : Extracting : D:\DVD Images\2360027-300r12\fmi\fmi25332.pdf
06/21/2007 9:36:42 AM : Extracting : D:\DVD Images\2360027-300r12\fmi\fmi25333.pdf
06/21/2007 9:36:42 AM : Extracting : D:\DVD Images\2360027-300r12\fmi\fmi25334.pdf
06/21/2007 9:36:44 AM : Extracting : D:\DVD Images\2360027-300r12\fmi\fmi25335.pdf
06/21/2007 9:36:46 AM : Extracting : D:\DVD Images\2360027-300r12\fmi\fmi25337.pdf
06/21/2007 9:36:48 AM : Extracting : D:\DVD Images\2360027-300r12\fmi\fmi25338.pdf
06/21/2007 9:36:49 AM : Extracting : D:\DVD Images\2360027-300r12\fmi\fmi25339a.pdf
06/21/2007 9:36:50 AM : Extracting : D:\DVD Images\2360027-300r12\fmi\fmi25340a.pdf
06/21/2007 9:36:53 AM : Extracting : D:\DVD Images\2360027-300r12\fmi\fmi25343.pdf
06/21/2007 9:36:54 AM : Extracting : D:\DVD Images\2360027-300r12\fmi\fmi25344.pdf
06/21/2007 9:36:55 AM : Extracting : D:\DVD Images\2360027-300r12\fmi\fmi25346.pdf
06/21/2007 9:36:55 AM : Extracting : D:\DVD Images\2360027-300r12\fmi\fmi25348.pdf
06/21/2007 9:36:56 AM : Extracting : D:\DVD Images\2360027-300r12\fmi\fmi25349.pdf
06/21/2007 9:36:56 AM : Extracting : D:\DVD Images\2360027-300r12\fmi\fmi25350.pdf
06/21/2007 9:36:56 AM : Extracting : D:\DVD Images\2360027-300r12\fmi\fmi25351.pdf
06/21/2007 9:36:57 AM : Extracting : D:\DVD Images\2360027-300r12\fmi\fmi25353.pdf
06/21/2007 9:36:57 AM : Extracting : D:\DVD Images\2360027-300r12\fmi\fmi25355.pdf
06/21/2007 9:36:58 AM : Extracting : D:\DVD Images\2360027-300r12\fmi\fmi25356.pdf
06/21/2007 9:36:58 AM : Extracting : D:\DVD Images\2360027-300r12\fmi\fmi25358.pdf
06/21/2007 9:36:58 AM : Extracting : D:\DVD Images\2360027-300r12\fmi\fmi25359.pdf
06/21/2007 9:36:59 AM : Extracting : D:\DVD Images\2360027-300r12\fmi\fmi25360.pdf
06/21/2007 9:36:59 AM : Extracting : D:\DVD Images\2360027-300r12\fmi\fmi25363.pdf
06/21/2007 9:37:00 AM : Extracting : D:\DVD Images\2360027-300r12\fmi\fmi25364.pdf
06/21/2007 9:37:00 AM : Extracting : D:\DVD Images\2360027-300r12\fmi\fmi25365.pdf
06/21/2007 9:37:01 AM : Extracting : D:\DVD Images\2360027-300r12\fmi\fmi25366.pdf
06/21/2007 9:37:01 AM : Extracting : D:\DVD Images\2360027-300r12\fmi\fmi25367.pdf
06/21/2007 9:37:02 AM : Extracting : D:\DVD Images\2360027-300r12\fmi\fmi25368.pdf
06/21/2007 9:37:03 AM : Extracting : D:\DVD Images\2360027-300r12\fmi\fmi25370.pdf
06/21/2007 9:37:03 AM : Extracting : D:\DVD Images\2360027-300r12\fmi\fmi25370A.pdf
06/21/2007 9:37:03 AM : Extracting : D:\DVD Images\2360027-300r12\fmi\fmi25371.pdf
06/21/2007 9:37:03 AM : Extracting : D:\DVD Images\2360027-300r12\fmi\fmi25372.pdf
06/21/2007 9:37:05 AM : Extracting : D:\DVD Images\2360027-300r12\fmi\fmi25373.pdf
06/21/2007 9:37:06 AM : Extracting : D:\DVD Images\2360027-300r12\fmi\fmi25374.pdf
06/21/2007 9:37:06 AM : Extracting : D:\DVD Images\2360027-300r12\fmi\fmi25375.pdf
06/21/2007 9:37:06 AM : Extracting : D:\DVD Images\2360027-300r12\fmi\fmi25376.pdf
06/21/2007 9:37:06 AM : Extracting : D:\DVD Images\2360027-300r12\fmi\fmi25377.pdf
06/21/2007 9:37:07 AM : Extracting : D:\DVD Images\2360027-300r12\fmi\fmi25378.pdf
06/21/2007 9:37:07 AM : Extracting : D:\DVD Images\2360027-300r12\fmi\fmi25379.pdf
06/21/2007 9:37:07 AM : Extracting : D:\DVD Images\2360027-300r12\fmi\fmi25382.pdf
06/21/2007 9:37:08 AM : Extracting : D:\DVD Images\2360027-300r12\fmi\fmi25383.pdf
06/21/2007 9:37:08 AM : Extracting : D:\DVD Images\2360027-300r12\fmi\fmi25384.pdf
06/21/2007 9:37:08 AM : Extracting : D:\DVD Images\2360027-300r12\fmi\fmi25385.pdf
06/21/2007 9:37:09 AM : Extracting : D:\DVD Images\2360027-300r12\fmi\fmi25388.pdf
06/21/2007 9:37:09 AM : Extracting : D:\DVD Images\2360027-300r12\fmi\fmi25390.pdf
06/21/2007 9:37:09 AM : Extracting : D:\DVD Images\2360027-300r12\fmi\fmi25391.pdf
06/21/2007 9:37:10 AM : Extracting : D:\DVD Images\2360027-300r12\fmi\fmi25392.pdf
06/21/2007 9:37:10 AM : Extracting : D:\DVD Images\2360027-300r12\fmi\fmi25394.pdf
06/21/2007 9:37:11 AM : Extracting : D:\DVD Images\2360027-300r12\fmi\fmi25395.pdf
06/21/2007 9:37:11 AM : Extracting : D:\DVD Images\2360027-300r12\fmi\fmi25396.pdf
06/21/2007 9:37:12 AM : Extracting : D:\DVD Images\2360027-300r12\fmi\fmi25398.pdf
06/21/2007 9:37:12 AM : Extracting : D:\DVD Images\2360027-300r12\fmi\fmi25399.pdf
06/21/2007 9:37:12 AM : Extracting : D:\DVD Images\2360027-300r12\fmi\fmi25400.pdf
06/21/2007 9:37:13 AM : Extracting : D:\DVD Images\2360027-300r12\fmi\fmi25401a.pdf
06/21/2007 9:37:13 AM : Extracting : D:\DVD Images\2360027-300r12\fmi\fmi25878.pdf
06/21/2007 9:37:13 AM : Extracting : D:\DVD Images\2360027-300r12\fmi\fmi25900-901.pdf
06/21/2007 9:37:14 AM : Extracting : D:\DVD Images\2360027-300r12\fmi\fmi25902.pdf
06/21/2007 9:37:15 AM : Extracting : D:\DVD Images\2360027-300r12\fmi\fmi25903.pdf
06/21/2007 9:37:16 AM : Extracting : D:\DVD Images\2360027-300r12\fmi\fmi25904.pdf
06/21/2007 9:37:16 AM : Extracting : D:\DVD Images\2360027-300r12\fmi\fmi25905.pdf
06/21/2007 9:37:17 AM : Creating Index
06/21/2007 9:37:22 AM :   Total PDF files in all directories : 105
06/21/2007 9:37:22 AM :   Total PDF attachments : 0
06/21/2007 9:37:22 AM :   Total new files : 105
06/21/2007 9:37:22 AM :   Total pages indexed : 1651
06/21/2007 9:37:22 AM :   Total number of files skipped : 0
06/21/2007 9:37:22 AM :   Total deleted files : 0
06/21/2007 9:37:22 AM : Index build successful.

12/17/2007 12:39:41 PM : Starting rebuild of Index : F:\2360027 copy for CT DVD Rev 13\fmi\fmi_index.pdx
12/17/2007 12:39:41 PM : Deleting files from current index
12/17/2007 12:39:41 PM : Deleting : F:\2360027 copy for CT DVD Rev 13\fmi\fmi_index\index.idx
12/17/2007 12:39:41 PM : Deleting : F:\2360027 copy for CT DVD Rev 13\fmi\fmi_index\index1.idx
12/17/2007 12:39:41 PM : Searching : F:\2360027 copy for CT DVD Rev 13\fmi\
12/17/2007 12:39:46 PM : Indexing 110 files
12/17/2007 12:39:47 PM : Extracting : F:\2360027 copy for CT DVD Rev 13\fmi\fmi22901.pdf
12/17/2007 12:39:47 PM : Extracting : F:\2360027 copy for CT DVD Rev 13\fmi\fmi22904-905.pdf
12/17/2007 12:39:49 PM : Extracting : F:\2360027 copy for CT DVD Rev 13\fmi\fmi22906.pdf
12/17/2007 12:39:49 PM : Extracting : F:\2360027 copy for CT DVD Rev 13\fmi\fmi25256.pdf
12/17/2007 12:39:55 PM : Extracting : F:\2360027 copy for CT DVD Rev 13\fmi\fmi25257.pdf
12/17/2007 12:39:55 PM : Extracting : F:\2360027 copy for CT DVD Rev 13\fmi\fmi25258.pdf
12/17/2007 12:39:55 PM : Extracting : F:\2360027 copy for CT DVD Rev 13\fmi\fmi25259.pdf
12/17/2007 12:39:56 PM : Extracting : F:\2360027 copy for CT DVD Rev 13\fmi\fmi25261.pdf
12/17/2007 12:39:56 PM : Extracting : F:\2360027 copy for CT DVD Rev 13\fmi\fmi25263.pdf
12/17/2007 12:39:56 PM : Extracting : F:\2360027 copy for CT DVD Rev 13\fmi\fmi25267.pdf
12/17/2007 12:39:57 PM : Extracting : F:\2360027 copy for CT DVD Rev 13\fmi\fmi25269.pdf
12/17/2007 12:39:57 PM : Extracting : F:\2360027 copy for CT DVD Rev 13\fmi\fmi25275.pdf
12/17/2007 12:39:58 PM : Extracting : F:\2360027 copy for CT DVD Rev 13\fmi\fmi25276.pdf
12/17/2007 12:39:59 PM : Extracting : F:\2360027 copy for CT DVD Rev 13\fmi\fmi25277.pdf
12/17/2007 12:39:59 PM : Extracting : F:\2360027 copy for CT DVD Rev 13\fmi\fmi25279.pdf
12/17/2007 12:39:59 PM : Extracting : F:\2360027 copy for CT DVD Rev 13\fmi\fmi25280.pdf
12/17/2007 12:40:00 PM : Extracting : F:\2360027 copy for CT DVD Rev 13\fmi\fmi25281.pdf
12/17/2007 12:40:00 PM : Extracting : F:\2360027 copy for CT DVD Rev 13\fmi\fmi25282.pdf
12/17/2007 12:40:00 PM : Extracting : F:\2360027 copy for CT DVD Rev 13\fmi\fmi25283.pdf
12/17/2007 12:40:00 PM : Extracting : F:\2360027 copy for CT DVD Rev 13\fmi\fmi25284.pdf
12/17/2007 12:40:00 PM : Extracting : F:\2360027 copy for CT DVD Rev 13\fmi\fmi25285.pdf
12/17/2007 12:40:00 PM : Extracting : F:\2360027 copy for CT DVD Rev 13\fmi\fmi25286.pdf
12/17/2007 12:40:00 PM : Extracting : F:\2360027 copy for CT DVD Rev 13\fmi\fmi25289.pdf
12/17/2007 12:40:01 PM : Extracting : F:\2360027 copy for CT DVD Rev 13\fmi\fmi25290.pdf
12/17/2007 12:40:01 PM : Extracting : F:\2360027 copy for CT DVD Rev 13\fmi\fmi25291.pdf
12/17/2007 12:40:02 PM : Extracting : F:\2360027 copy for CT DVD Rev 13\fmi\fmi25298.pdf
12/17/2007 12:40:02 PM : Extracting : F:\2360027 copy for CT DVD Rev 13\fmi\fmi25299.pdf
12/17/2007 12:40:03 PM : Extracting : F:\2360027 copy for CT DVD Rev 13\fmi\fmi25300.pdf
12/17/2007 12:40:03 PM : Extracting : F:\2360027 copy for CT DVD Rev 13\fmi\fmi25302.pdf
12/17/2007 12:40:03 PM : Extracting : F:\2360027 copy for CT DVD Rev 13\fmi\fmi25303.pdf
12/17/2007 12:40:04 PM : Extracting : F:\2360027 copy for CT DVD Rev 13\fmi\fmi25306.pdf
12/17/2007 12:40:04 PM : Extracting : F:\2360027 copy for CT DVD Rev 13\fmi\fmi25307.pdf
12/17/2007 12:40:05 PM : Extracting : F:\2360027 copy for CT DVD Rev 13\fmi\fmi25308.pdf
12/17/2007 12:40:05 PM : Extracting : F:\2360027 copy for CT DVD Rev 13\fmi\fmi25310.pdf
12/17/2007 12:40:06 PM : Extracting : F:\2360027 copy for CT DVD Rev 13\fmi\fmi25311.pdf
12/17/2007 12:40:06 PM : Extracting : F:\2360027 copy for CT DVD Rev 13\fmi\fmi25313.pdf
12/17/2007 12:40:06 PM : Extracting : F:\2360027 copy for CT DVD Rev 13\fmi\fmi25314.pdf
12/17/2007 12:40:07 PM : Extracting : F:\2360027 copy for CT DVD Rev 13\fmi\fmi25315.pdf
12/17/2007 12:40:07 PM : Extracting : F:\2360027 copy for CT DVD Rev 13\fmi\fmi25319.pdf
12/17/2007 12:40:07 PM : Extracting : F:\2360027 copy for CT DVD Rev 13\fmi\fmi25320.pdf
12/17/2007 12:40:08 PM : Extracting : F:\2360027 copy for CT DVD Rev 13\fmi\fmi25321.pdf
12/17/2007 12:40:09 PM : Extracting : F:\2360027 copy for CT DVD Rev 13\fmi\fmi25322.pdf
12/17/2007 12:40:09 PM : Extracting : F:\2360027 copy for CT DVD Rev 13\fmi\fmi25325.pdf
12/17/2007 12:40:09 PM : Extracting : F:\2360027 copy for CT DVD Rev 13\fmi\fmi25326.pdf
12/17/2007 12:40:10 PM : Extracting : F:\2360027 copy for CT DVD Rev 13\fmi\fmi25330.pdf
12/17/2007 12:40:11 PM : Extracting : F:\2360027 copy for CT DVD Rev 13\fmi\fmi25331.pdf
12/17/2007 12:40:12 PM : Extracting : F:\2360027 copy for CT DVD Rev 13\fmi\fmi25332.pdf
12/17/2007 12:40:14 PM : Extracting : F:\2360027 copy for CT DVD Rev 13\fmi\fmi25333.pdf
12/17/2007 12:40:15 PM : Extracting : F:\2360027 copy for CT DVD Rev 13\fmi\fmi25334.pdf
12/17/2007 12:40:18 PM : Extracting : F:\2360027 copy for CT DVD Rev 13\fmi\fmi25335.pdf
12/17/2007 12:40:21 PM : Extracting : F:\2360027 copy for CT DVD Rev 13\fmi\fmi25337.pdf
12/17/2007 12:40:23 PM : Extracting : F:\2360027 copy for CT DVD Rev 13\fmi\fmi25338.pdf
12/17/2007 12:40:24 PM : Extracting : F:\2360027 copy for CT DVD Rev 13\fmi\fmi25339a.pdf
12/17/2007 12:40:27 PM : Extracting : F:\2360027 copy for CT DVD Rev 13\fmi\fmi25340a.pdf
12/17/2007 12:40:29 PM : Extracting : F:\2360027 copy for CT DVD Rev 13\fmi\fmi25343.pdf
12/17/2007 12:40:31 PM : Extracting : F:\2360027 copy for CT DVD Rev 13\fmi\fmi25344.pdf
12/17/2007 12:40:32 PM : Extracting : F:\2360027 copy for CT DVD Rev 13\fmi\fmi25346.pdf
12/17/2007 12:40:32 PM : Extracting : F:\2360027 copy for CT DVD Rev 13\fmi\fmi25348.pdf
12/17/2007 12:40:33 PM : Extracting : F:\2360027 copy for CT DVD Rev 13\fmi\fmi25349.pdf
12/17/2007 12:40:34 PM : Extracting : F:\2360027 copy for CT DVD Rev 13\fmi\fmi25350.pdf
12/17/2007 12:40:34 PM : Extracting : F:\2360027 copy for CT DVD Rev 13\fmi\fmi25351.pdf
12/17/2007 12:40:36 PM : Extracting : F:\2360027 copy for CT DVD Rev 13\fmi\fmi25353.pdf
12/17/2007 12:40:36 PM : Extracting : F:\2360027 copy for CT DVD Rev 13\fmi\fmi25355.pdf
12/17/2007 12:40:36 PM : Extracting : F:\2360027 copy for CT DVD Rev 13\fmi\fmi25356.pdf
12/17/2007 12:40:36 PM : Extracting : F:\2360027 copy for CT DVD Rev 13\fmi\fmi25358.pdf
12/17/2007 12:40:37 PM : Extracting : F:\2360027 copy for CT DVD Rev 13\fmi\fmi25359.pdf
12/17/2007 12:40:37 PM : Extracting : F:\2360027 copy for CT DVD Rev 13\fmi\fmi25360.pdf
12/17/2007 12:40:38 PM : Extracting : F:\2360027 copy for CT DVD Rev 13\fmi\fmi25363.pdf
12/17/2007 12:40:39 PM : Extracting : F:\2360027 copy for CT DVD Rev 13\fmi\fmi25364.pdf
12/17/2007 12:40:40 PM : Extracting : F:\2360027 copy for CT DVD Rev 13\fmi\fmi25365.pdf
12/17/2007 12:40:41 PM : Extracting : F:\2360027 copy for CT DVD Rev 13\fmi\fmi25366.pdf
12/17/2007 12:40:41 PM : Extracting : F:\2360027 copy for CT DVD Rev 13\fmi\fmi25367.pdf
12/17/2007 12:40:42 PM : Extracting : F:\2360027 copy for CT DVD Rev 13\fmi\fmi25368.pdf
12/17/2007 12:40:42 PM : Extracting : F:\2360027 copy for CT DVD Rev 13\fmi\fmi25370.pdf
12/17/2007 12:40:43 PM : Extracting : F:\2360027 copy for CT DVD Rev 13\fmi\fmi25370A.pdf
12/17/2007 12:40:43 PM : Extracting : F:\2360027 copy for CT DVD Rev 13\fmi\fmi25371.pdf
12/17/2007 12:40:44 PM : Extracting : F:\2360027 copy for CT DVD Rev 13\fmi\fmi25372.pdf
12/17/2007 12:40:46 PM : Extracting : F:\2360027 copy for CT DVD Rev 13\fmi\fmi25373.pdf
12/17/2007 12:40:47 PM : Extracting : F:\2360027 copy for CT DVD Rev 13\fmi\fmi25374.pdf
12/17/2007 12:40:47 PM : Extracting : F:\2360027 copy for CT DVD Rev 13\fmi\fmi25375.pdf
12/17/2007 12:40:48 PM : Extracting : F:\2360027 copy for CT DVD Rev 13\fmi\fmi25376.pdf
12/17/2007 12:40:48 PM : Extracting : F:\2360027 copy for CT DVD Rev 13\fmi\fmi25377.pdf
12/17/2007 12:40:49 PM : Extracting : F:\2360027 copy for CT DVD Rev 13\fmi\fmi25378.pdf
12/17/2007 12:40:50 PM : Extracting : F:\2360027 copy for CT DVD Rev 13\fmi\fmi25379.pdf
12/17/2007 12:40:50 PM : Extracting : F:\2360027 copy for CT DVD Rev 13\fmi\fmi25382.pdf
12/17/2007 12:40:51 PM : Extracting : F:\2360027 copy for CT DVD Rev 13\fmi\fmi25383.pdf
12/17/2007 12:40:51 PM : Extracting : F:\2360027 copy for CT DVD Rev 13\fmi\fmi25384.pdf
12/17/2007 12:40:52 PM : Extracting : F:\2360027 copy for CT DVD Rev 13\fmi\fmi25385.pdf
12/17/2007 12:40:52 PM : Extracting : F:\2360027 copy for CT DVD Rev 13\fmi\fmi25388.pdf
12/17/2007 12:40:52 PM : Extracting : F:\2360027 copy for CT DVD Rev 13\fmi\fmi25390.pdf
12/17/2007 12:40:53 PM : Extracting : F:\2360027 copy for CT DVD Rev 13\fmi\fmi25391.pdf
12/17/2007 12:40:54 PM : Extracting : F:\2360027 copy for CT DVD Rev 13\fmi\fmi25392.pdf
12/17/2007 12:40:55 PM : Extracting : F:\2360027 copy for CT DVD Rev 13\fmi\fmi25395.pdf
12/17/2007 12:40:56 PM : Extracting : F:\2360027 copy for CT DVD Rev 13\fmi\fmi25396.pdf
12/17/2007 12:40:56 PM : Extracting : F:\2360027 copy for CT DVD Rev 13\fmi\fmi25878.pdf
12/17/2007 12:40:56 PM : Extracting : F:\2360027 copy for CT DVD Rev 13\fmi\fmi25900-901.pdf
12/17/2007 12:40:57 PM : Extracting : F:\2360027 copy for CT DVD Rev 13\fmi\fmi25902.pdf
12/17/2007 12:40:58 PM : Extracting : F:\2360027 copy for CT DVD Rev 13\fmi\fmi25903.pdf
12/17/2007 12:41:00 PM : Extracting : F:\2360027 copy for CT DVD Rev 13\fmi\fmi25904.pdf
12/17/2007 12:41:01 PM : Extracting : F:\2360027 copy for CT DVD Rev 13\fmi\fmi25905.pdf
12/17/2007 12:41:02 PM : Extracting : F:\2360027 copy for CT DVD Rev 13\fmi\fmi25399.pdf
12/17/2007 12:41:03 PM : Extracting : F:\2360027 copy for CT DVD Rev 13\fmi\fmi25398.pdf
12/17/2007 12:41:04 PM : Extracting : F:\2360027 copy for CT DVD Rev 13\fmi\fmi25401a.pdf
12/17/2007 12:41:04 PM : Extracting : F:\2360027 copy for CT DVD Rev 13\fmi\fmi25403.pdf
12/17/2007 12:41:04 PM : Extracting : F:\2360027 copy for CT DVD Rev 13\fmi\fmi25389.pdf
12/17/2007 12:41:05 PM : Extracting : F:\2360027 copy for CT DVD Rev 13\fmi\fmi25401b.pdf
12/17/2007 12:41:06 PM : Extracting : F:\2360027 copy for CT DVD Rev 13\fmi\fmi25394.pdf
12/17/2007 12:41:06 PM : Extracting : F:\2360027 copy for CT DVD Rev 13\fmi\fmi25402.pdf
12/17/2007 12:41:07 PM : Extracting : F:\2360027 copy for CT DVD Rev 13\fmi\fmi25400.pdf
12/17/2007 12:41:08 PM : Extracting : F:\2360027 copy for CT DVD Rev 13\fmi\fmi25405.pdf
12/17/2007 12:41:08 PM : Creating Index
12/17/2007 12:41:22 PM :   Total PDF files in all directories : 110
12/17/2007 12:41:22 PM :   Total PDF attachments : 0
12/17/2007 12:41:22 PM :   Total new files : 110
12/17/2007 12:41:22 PM :   Total pages indexed : 1758
12/17/2007 12:41:22 PM :   Total number of files skipped : 0
12/17/2007 12:41:22 PM :   Total deleted files : 0
12/17/2007 12:41:22 PM : Index build successful.

04/24/2008 11:26:49 AM : Starting rebuild of Index : F:\2360027 copy for CT DVD Rev 14\fmi\fmi_index.pdx
04/24/2008 11:26:49 AM : Deleting files from current index
04/24/2008 11:26:49 AM : Deleting : F:\2360027 copy for CT DVD Rev 14\fmi\fmi_index\index.idx
04/24/2008 11:26:49 AM : Deleting : F:\2360027 copy for CT DVD Rev 14\fmi\fmi_index\index1.idx
04/24/2008 11:26:50 AM : Searching : F:\2360027 copy for CT DVD Rev 14\fmi\
04/24/2008 11:26:54 AM : Indexing 112 files
04/24/2008 11:26:54 AM : Extracting : F:\2360027 copy for CT DVD Rev 14\fmi\fmi22901.pdf
04/24/2008 11:26:54 AM : Extracting : F:\2360027 copy for CT DVD Rev 14\fmi\fmi22904-905.pdf
04/24/2008 11:26:54 AM : Extracting : F:\2360027 copy for CT DVD Rev 14\fmi\fmi22906.pdf
04/24/2008 11:26:55 AM : Extracting : F:\2360027 copy for CT DVD Rev 14\fmi\fmi25256.pdf
04/24/2008 11:26:58 AM : Extracting : F:\2360027 copy for CT DVD Rev 14\fmi\fmi25257.pdf
04/24/2008 11:26:58 AM : Extracting : F:\2360027 copy for CT DVD Rev 14\fmi\fmi25258.pdf
04/24/2008 11:26:59 AM : Extracting : F:\2360027 copy for CT DVD Rev 14\fmi\fmi25259.pdf
04/24/2008 11:26:59 AM : Extracting : F:\2360027 copy for CT DVD Rev 14\fmi\fmi25261.pdf
04/24/2008 11:26:59 AM : Extracting : F:\2360027 copy for CT DVD Rev 14\fmi\fmi25263.pdf
04/24/2008 11:26:59 AM : Extracting : F:\2360027 copy for CT DVD Rev 14\fmi\fmi25267.pdf
04/24/2008 11:26:59 AM : Extracting : F:\2360027 copy for CT DVD Rev 14\fmi\fmi25269.pdf
04/24/2008 11:27:00 AM : Extracting : F:\2360027 copy for CT DVD Rev 14\fmi\fmi25275.pdf
04/24/2008 11:27:00 AM : Extracting : F:\2360027 copy for CT DVD Rev 14\fmi\fmi25276.pdf
04/24/2008 11:27:01 AM : Extracting : F:\2360027 copy for CT DVD Rev 14\fmi\fmi25277.pdf
04/24/2008 11:27:01 AM : Extracting : F:\2360027 copy for CT DVD Rev 14\fmi\fmi25279.pdf
04/24/2008 11:27:01 AM : Extracting : F:\2360027 copy for CT DVD Rev 14\fmi\fmi25280.pdf
04/24/2008 11:27:01 AM : Extracting : F:\2360027 copy for CT DVD Rev 14\fmi\fmi25281.pdf
04/24/2008 11:27:01 AM : Extracting : F:\2360027 copy for CT DVD Rev 14\fmi\fmi25282.pdf
04/24/2008 11:27:01 AM : Extracting : F:\2360027 copy for CT DVD Rev 14\fmi\fmi25283.pdf
04/24/2008 11:27:02 AM : Extracting : F:\2360027 copy for CT DVD Rev 14\fmi\fmi25284.pdf
04/24/2008 11:27:02 AM : Extracting : F:\2360027 copy for CT DVD Rev 14\fmi\fmi25285.pdf
04/24/2008 11:27:02 AM : Extracting : F:\2360027 copy for CT DVD Rev 14\fmi\fmi25286.pdf
04/24/2008 11:27:02 AM : Extracting : F:\2360027 copy for CT DVD Rev 14\fmi\fmi25289.pdf
04/24/2008 11:27:02 AM : Extracting : F:\2360027 copy for CT DVD Rev 14\fmi\fmi25290.pdf
04/24/2008 11:27:02 AM : Extracting : F:\2360027 copy for CT DVD Rev 14\fmi\fmi25291.pdf
04/24/2008 11:27:03 AM : Extracting : F:\2360027 copy for CT DVD Rev 14\fmi\fmi25298.pdf
04/24/2008 11:27:03 AM : Extracting : F:\2360027 copy for CT DVD Rev 14\fmi\fmi25299.pdf
04/24/2008 11:27:03 AM : Extracting : F:\2360027 copy for CT DVD Rev 14\fmi\fmi25300.pdf
04/24/2008 11:27:04 AM : Extracting : F:\2360027 copy for CT DVD Rev 14\fmi\fmi25302.pdf
04/24/2008 11:27:04 AM : Extracting : F:\2360027 copy for CT DVD Rev 14\fmi\fmi25303.pdf
04/24/2008 11:27:04 AM : Extracting : F:\2360027 copy for CT DVD Rev 14\fmi\fmi25306.pdf
04/24/2008 11:27:04 AM : Extracting : F:\2360027 copy for CT DVD Rev 14\fmi\fmi25307.pdf
04/24/2008 11:27:05 AM : Extracting : F:\2360027 copy for CT DVD Rev 14\fmi\fmi25308.pdf
04/24/2008 11:27:05 AM : Extracting : F:\2360027 copy for CT DVD Rev 14\fmi\fmi25310.pdf
04/24/2008 11:27:05 AM : Extracting : F:\2360027 copy for CT DVD Rev 14\fmi\fmi25311.pdf
04/24/2008 11:27:05 AM : Extracting : F:\2360027 copy for CT DVD Rev 14\fmi\fmi25313.pdf
04/24/2008 11:27:05 AM : Extracting : F:\2360027 copy for CT DVD Rev 14\fmi\fmi25314.pdf
04/24/2008 11:27:06 AM : Extracting : F:\2360027 copy for CT DVD Rev 14\fmi\fmi25315.pdf
04/24/2008 11:27:06 AM : Extracting : F:\2360027 copy for CT DVD Rev 14\fmi\fmi25319.pdf
04/24/2008 11:27:06 AM : Extracting : F:\2360027 copy for CT DVD Rev 14\fmi\fmi25320.pdf
04/24/2008 11:27:07 AM : Extracting : F:\2360027 copy for CT DVD Rev 14\fmi\fmi25321.pdf
04/24/2008 11:27:07 AM : Extracting : F:\2360027 copy for CT DVD Rev 14\fmi\fmi25322.pdf
04/24/2008 11:27:07 AM : Extracting : F:\2360027 copy for CT DVD Rev 14\fmi\fmi25325.pdf
04/24/2008 11:27:07 AM : Extracting : F:\2360027 copy for CT DVD Rev 14\fmi\fmi25326.pdf
04/24/2008 11:27:07 AM : Extracting : F:\2360027 copy for CT DVD Rev 14\fmi\fmi25330.pdf
04/24/2008 11:27:08 AM : Extracting : F:\2360027 copy for CT DVD Rev 14\fmi\fmi25331.pdf
04/24/2008 11:27:09 AM : Extracting : F:\2360027 copy for CT DVD Rev 14\fmi\fmi25332.pdf
04/24/2008 11:27:10 AM : Extracting : F:\2360027 copy for CT DVD Rev 14\fmi\fmi25333.pdf
04/24/2008 11:27:11 AM : Extracting : F:\2360027 copy for CT DVD Rev 14\fmi\fmi25334.pdf
04/24/2008 11:27:13 AM : Extracting : F:\2360027 copy for CT DVD Rev 14\fmi\fmi25335.pdf
04/24/2008 11:27:15 AM : Extracting : F:\2360027 copy for CT DVD Rev 14\fmi\fmi25337.pdf
04/24/2008 11:27:16 AM : Extracting : F:\2360027 copy for CT DVD Rev 14\fmi\fmi25338.pdf
04/24/2008 11:27:17 AM : Extracting : F:\2360027 copy for CT DVD Rev 14\fmi\fmi25339a.pdf
04/24/2008 11:27:19 AM : Extracting : F:\2360027 copy for CT DVD Rev 14\fmi\fmi25340a.pdf
04/24/2008 11:27:20 AM : Extracting : F:\2360027 copy for CT DVD Rev 14\fmi\fmi25343.pdf
04/24/2008 11:27:21 AM : Extracting : F:\2360027 copy for CT DVD Rev 14\fmi\fmi25344.pdf
04/24/2008 11:27:22 AM : Extracting : F:\2360027 copy for CT DVD Rev 14\fmi\fmi25346.pdf
04/24/2008 11:27:22 AM : Extracting : F:\2360027 copy for CT DVD Rev 14\fmi\fmi25348.pdf
04/24/2008 11:27:23 AM : Extracting : F:\2360027 copy for CT DVD Rev 14\fmi\fmi25349.pdf
04/24/2008 11:27:23 AM : Extracting : F:\2360027 copy for CT DVD Rev 14\fmi\fmi25350.pdf
04/24/2008 11:27:23 AM : Extracting : F:\2360027 copy for CT DVD Rev 14\fmi\fmi25351.pdf
04/24/2008 11:27:24 AM : Extracting : F:\2360027 copy for CT DVD Rev 14\fmi\fmi25353.pdf
04/24/2008 11:27:25 AM : Extracting : F:\2360027 copy for CT DVD Rev 14\fmi\fmi25355.pdf
04/24/2008 11:27:25 AM : Extracting : F:\2360027 copy for CT DVD Rev 14\fmi\fmi25356.pdf
04/24/2008 11:27:25 AM : Extracting : F:\2360027 copy for CT DVD Rev 14\fmi\fmi25358.pdf
04/24/2008 11:27:25 AM : Extracting : F:\2360027 copy for CT DVD Rev 14\fmi\fmi25359.pdf
04/24/2008 11:27:26 AM : Extracting : F:\2360027 copy for CT DVD Rev 14\fmi\fmi25360.pdf
04/24/2008 11:27:26 AM : Extracting : F:\2360027 copy for CT DVD Rev 14\fmi\fmi25363.pdf
04/24/2008 11:27:26 AM : Extracting : F:\2360027 copy for CT DVD Rev 14\fmi\fmi25364.pdf
04/24/2008 11:27:27 AM : Extracting : F:\2360027 copy for CT DVD Rev 14\fmi\fmi25365.pdf
04/24/2008 11:27:28 AM : Extracting : F:\2360027 copy for CT DVD Rev 14\fmi\fmi25366.pdf
04/24/2008 11:27:28 AM : Extracting : F:\2360027 copy for CT DVD Rev 14\fmi\fmi25367.pdf
04/24/2008 11:27:29 AM : Extracting : F:\2360027 copy for CT DVD Rev 14\fmi\fmi25368.pdf
04/24/2008 11:27:29 AM : Extracting : F:\2360027 copy for CT DVD Rev 14\fmi\fmi25370.pdf
04/24/2008 11:27:29 AM : Extracting : F:\2360027 copy for CT DVD Rev 14\fmi\fmi25370A.pdf
04/24/2008 11:27:29 AM : Extracting : F:\2360027 copy for CT DVD Rev 14\fmi\fmi25371.pdf
04/24/2008 11:27:30 AM : Extracting : F:\2360027 copy for CT DVD Rev 14\fmi\fmi25372.pdf
04/24/2008 11:27:31 AM : Extracting : F:\2360027 copy for CT DVD Rev 14\fmi\fmi25373.pdf
04/24/2008 11:27:32 AM : Extracting : F:\2360027 copy for CT DVD Rev 14\fmi\fmi25374.pdf
04/24/2008 11:27:32 AM : Extracting : F:\2360027 copy for CT DVD Rev 14\fmi\fmi25375.pdf
04/24/2008 11:27:33 AM : Extracting : F:\2360027 copy for CT DVD Rev 14\fmi\fmi25376.pdf
04/24/2008 11:27:33 AM : Extracting : F:\2360027 copy for CT DVD Rev 14\fmi\fmi25377.pdf
04/24/2008 11:27:33 AM : Extracting : F:\2360027 copy for CT DVD Rev 14\fmi\fmi25378.pdf
04/24/2008 11:27:34 AM : Extracting : F:\2360027 copy for CT DVD Rev 14\fmi\fmi25379.pdf
04/24/2008 11:27:34 AM : Extracting : F:\2360027 copy for CT DVD Rev 14\fmi\fmi25382.pdf
04/24/2008 11:27:35 AM : Extracting : F:\2360027 copy for CT DVD Rev 14\fmi\fmi25383.pdf
04/24/2008 11:27:35 AM : Extracting : F:\2360027 copy for CT DVD Rev 14\fmi\fmi25384.pdf
04/24/2008 11:27:35 AM : Extracting : F:\2360027 copy for CT DVD Rev 14\fmi\fmi25385.pdf
04/24/2008 11:27:36 AM : Extracting : F:\2360027 copy for CT DVD Rev 14\fmi\fmi25388.pdf
04/24/2008 11:27:36 AM : Extracting : F:\2360027 copy for CT DVD Rev 14\fmi\fmi25390.pdf
04/24/2008 11:27:36 AM : Extracting : F:\2360027 copy for CT DVD Rev 14\fmi\fmi25391.pdf
04/24/2008 11:27:37 AM : Extracting : F:\2360027 copy for CT DVD Rev 14\fmi\fmi25392.pdf
04/24/2008 11:27:37 AM : Extracting : F:\2360027 copy for CT DVD Rev 14\fmi\fmi25395.pdf
04/24/2008 11:27:38 AM : Extracting : F:\2360027 copy for CT DVD Rev 14\fmi\fmi25396.pdf
04/24/2008 11:27:38 AM : Extracting : F:\2360027 copy for CT DVD Rev 14\fmi\fmi25878.pdf
04/24/2008 11:27:39 AM : Extracting : F:\2360027 copy for CT DVD Rev 14\fmi\fmi25900-901.pdf
04/24/2008 11:27:39 AM : Extracting : F:\2360027 copy for CT DVD Rev 14\fmi\fmi25902.pdf
04/24/2008 11:27:40 AM : Extracting : F:\2360027 copy for CT DVD Rev 14\fmi\fmi25903.pdf
04/24/2008 11:27:41 AM : Extracting : F:\2360027 copy for CT DVD Rev 14\fmi\fmi25904.pdf
04/24/2008 11:27:41 AM : Extracting : F:\2360027 copy for CT DVD Rev 14\fmi\fmi25905.pdf
04/24/2008 11:27:43 AM : Extracting : F:\2360027 copy for CT DVD Rev 14\fmi\fmi25399.pdf
04/24/2008 11:27:43 AM : Extracting : F:\2360027 copy for CT DVD Rev 14\fmi\fmi25398.pdf
04/24/2008 11:27:43 AM : Extracting : F:\2360027 copy for CT DVD Rev 14\fmi\fmi25401a.pdf
04/24/2008 11:27:44 AM : Extracting : F:\2360027 copy for CT DVD Rev 14\fmi\fmi25403.pdf
04/24/2008 11:27:44 AM : Extracting : F:\2360027 copy for CT DVD Rev 14\fmi\fmi25389.pdf
04/24/2008 11:27:44 AM : Extracting : F:\2360027 copy for CT DVD Rev 14\fmi\fmi25401b.pdf
04/24/2008 11:27:45 AM : Extracting : F:\2360027 copy for CT DVD Rev 14\fmi\fmi25394.pdf
04/24/2008 11:27:45 AM : Extracting : F:\2360027 copy for CT DVD Rev 14\fmi\fmi25402.pdf
04/24/2008 11:27:46 AM : Extracting : F:\2360027 copy for CT DVD Rev 14\fmi\fmi25400.pdf
04/24/2008 11:27:46 AM : Extracting : F:\2360027 copy for CT DVD Rev 14\fmi\fmi25405.pdf
04/24/2008 11:27:46 AM : Extracting : F:\2360027 copy for CT DVD Rev 14\fmi\fmi25406.pdf
04/24/2008 11:27:47 AM : Extracting : F:\2360027 copy for CT DVD Rev 14\fmi\fmi25410.pdf
04/24/2008 11:27:47 AM : Creating Index
04/24/2008 11:27:58 AM :   Total PDF files in all directories : 112
04/24/2008 11:27:58 AM :   Total PDF attachments : 0
04/24/2008 11:27:58 AM :   Total new files : 112
04/24/2008 11:27:58 AM :   Total pages indexed : 1790
04/24/2008 11:27:58 AM :   Total number of files skipped : 0
04/24/2008 11:27:58 AM :   Total deleted files : 0
04/24/2008 11:27:58 AM : Index build successful.

12/22/2008 9:03:25 AM : Starting rebuild of Index : F:\2360027_Rev15_(CT-DVD)\fmi\fmi_index.pdx
12/22/2008 9:03:25 AM : Deleting files from current index
12/22/2008 9:03:25 AM : Deleting : F:\2360027_Rev15_(CT-DVD)\fmi\fmi_index\index.idx
12/22/2008 9:03:25 AM : Deleting : F:\2360027_Rev15_(CT-DVD)\fmi\fmi_index\index1.idx
12/22/2008 9:03:25 AM : Searching : F:\2360027_Rev15_(CT-DVD)\fmi\
12/22/2008 9:03:31 AM : Indexing 114 files
12/22/2008 9:03:31 AM : Extracting : F:\2360027_Rev15_(CT-DVD)\fmi\fmi22901.pdf
12/22/2008 9:03:32 AM : Extracting : F:\2360027_Rev15_(CT-DVD)\fmi\fmi22904-905.pdf
12/22/2008 9:03:34 AM : Extracting : F:\2360027_Rev15_(CT-DVD)\fmi\fmi22906.pdf
12/22/2008 9:03:34 AM : Extracting : F:\2360027_Rev15_(CT-DVD)\fmi\fmi25256.pdf
12/22/2008 9:03:38 AM : Extracting : F:\2360027_Rev15_(CT-DVD)\fmi\fmi25257.pdf
12/22/2008 9:03:38 AM : Extracting : F:\2360027_Rev15_(CT-DVD)\fmi\fmi25258.pdf
12/22/2008 9:03:38 AM : Extracting : F:\2360027_Rev15_(CT-DVD)\fmi\fmi25259.pdf
12/22/2008 9:03:38 AM : Extracting : F:\2360027_Rev15_(CT-DVD)\fmi\fmi25261.pdf
12/22/2008 9:03:38 AM : Extracting : F:\2360027_Rev15_(CT-DVD)\fmi\fmi25263.pdf
12/22/2008 9:03:39 AM : Extracting : F:\2360027_Rev15_(CT-DVD)\fmi\fmi25267.pdf
12/22/2008 9:03:39 AM : Extracting : F:\2360027_Rev15_(CT-DVD)\fmi\fmi25269.pdf
12/22/2008 9:03:39 AM : Extracting : F:\2360027_Rev15_(CT-DVD)\fmi\fmi25275.pdf
12/22/2008 9:03:39 AM : Extracting : F:\2360027_Rev15_(CT-DVD)\fmi\fmi25276.pdf
12/22/2008 9:03:40 AM : Extracting : F:\2360027_Rev15_(CT-DVD)\fmi\fmi25277.pdf
12/22/2008 9:03:40 AM : Extracting : F:\2360027_Rev15_(CT-DVD)\fmi\fmi25279.pdf
12/22/2008 9:03:40 AM : Extracting : F:\2360027_Rev15_(CT-DVD)\fmi\fmi25280.pdf
12/22/2008 9:03:40 AM : Extracting : F:\2360027_Rev15_(CT-DVD)\fmi\fmi25281.pdf
12/22/2008 9:03:41 AM : Extracting : F:\2360027_Rev15_(CT-DVD)\fmi\fmi25282.pdf
12/22/2008 9:03:41 AM : Extracting : F:\2360027_Rev15_(CT-DVD)\fmi\fmi25283.pdf
12/22/2008 9:03:41 AM : Extracting : F:\2360027_Rev15_(CT-DVD)\fmi\fmi25284.pdf
12/22/2008 9:03:41 AM : Extracting : F:\2360027_Rev15_(CT-DVD)\fmi\fmi25285.pdf
12/22/2008 9:03:41 AM : Extracting : F:\2360027_Rev15_(CT-DVD)\fmi\fmi25286.pdf
12/22/2008 9:03:41 AM : Extracting : F:\2360027_Rev15_(CT-DVD)\fmi\fmi25289.pdf
12/22/2008 9:03:41 AM : Extracting : F:\2360027_Rev15_(CT-DVD)\fmi\fmi25290.pdf
12/22/2008 9:03:42 AM : Extracting : F:\2360027_Rev15_(CT-DVD)\fmi\fmi25291.pdf
12/22/2008 9:03:42 AM : Extracting : F:\2360027_Rev15_(CT-DVD)\fmi\fmi25298.pdf
12/22/2008 9:03:42 AM : Extracting : F:\2360027_Rev15_(CT-DVD)\fmi\fmi25299.pdf
12/22/2008 9:03:42 AM : Extracting : F:\2360027_Rev15_(CT-DVD)\fmi\fmi25300.pdf
12/22/2008 9:03:43 AM : Extracting : F:\2360027_Rev15_(CT-DVD)\fmi\fmi25302.pdf
12/22/2008 9:03:43 AM : Extracting : F:\2360027_Rev15_(CT-DVD)\fmi\fmi25303.pdf
12/22/2008 9:03:43 AM : Extracting : F:\2360027_Rev15_(CT-DVD)\fmi\fmi25306.pdf
12/22/2008 9:03:43 AM : Extracting : F:\2360027_Rev15_(CT-DVD)\fmi\fmi25307.pdf
12/22/2008 9:03:44 AM : Extracting : F:\2360027_Rev15_(CT-DVD)\fmi\fmi25308.pdf
12/22/2008 9:03:44 AM : Extracting : F:\2360027_Rev15_(CT-DVD)\fmi\fmi25310.pdf
12/22/2008 9:03:44 AM : Extracting : F:\2360027_Rev15_(CT-DVD)\fmi\fmi25311.pdf
12/22/2008 9:03:44 AM : Extracting : F:\2360027_Rev15_(CT-DVD)\fmi\fmi25313.pdf
12/22/2008 9:03:45 AM : Extracting : F:\2360027_Rev15_(CT-DVD)\fmi\fmi25314.pdf
12/22/2008 9:03:45 AM : Extracting : F:\2360027_Rev15_(CT-DVD)\fmi\fmi25315.pdf
12/22/2008 9:03:45 AM : Extracting : F:\2360027_Rev15_(CT-DVD)\fmi\fmi25319.pdf
12/22/2008 9:03:45 AM : Extracting : F:\2360027_Rev15_(CT-DVD)\fmi\fmi25320.pdf
12/22/2008 9:03:46 AM : Extracting : F:\2360027_Rev15_(CT-DVD)\fmi\fmi25321.pdf
12/22/2008 9:03:46 AM : Extracting : F:\2360027_Rev15_(CT-DVD)\fmi\fmi25322.pdf
12/22/2008 9:03:46 AM : Extracting : F:\2360027_Rev15_(CT-DVD)\fmi\fmi25325.pdf
12/22/2008 9:03:46 AM : Extracting : F:\2360027_Rev15_(CT-DVD)\fmi\fmi25326.pdf
12/22/2008 9:03:46 AM : Extracting : F:\2360027_Rev15_(CT-DVD)\fmi\fmi25330.pdf
12/22/2008 9:03:47 AM : Extracting : F:\2360027_Rev15_(CT-DVD)\fmi\fmi25331.pdf
12/22/2008 9:03:48 AM : Extracting : F:\2360027_Rev15_(CT-DVD)\fmi\fmi25332.pdf
12/22/2008 9:03:49 AM : Extracting : F:\2360027_Rev15_(CT-DVD)\fmi\fmi25333.pdf
12/22/2008 9:03:50 AM : Extracting : F:\2360027_Rev15_(CT-DVD)\fmi\fmi25334.pdf
12/22/2008 9:03:51 AM : Extracting : F:\2360027_Rev15_(CT-DVD)\fmi\fmi25335.pdf
12/22/2008 9:03:53 AM : Extracting : F:\2360027_Rev15_(CT-DVD)\fmi\fmi25337.pdf
12/22/2008 9:03:54 AM : Extracting : F:\2360027_Rev15_(CT-DVD)\fmi\fmi25338.pdf
12/22/2008 9:03:56 AM : Extracting : F:\2360027_Rev15_(CT-DVD)\fmi\fmi25339a.pdf
12/22/2008 9:03:57 AM : Extracting : F:\2360027_Rev15_(CT-DVD)\fmi\fmi25340a.pdf
12/22/2008 9:03:59 AM : Extracting : F:\2360027_Rev15_(CT-DVD)\fmi\fmi25343.pdf
12/22/2008 9:03:59 AM : Extracting : F:\2360027_Rev15_(CT-DVD)\fmi\fmi25344.pdf
12/22/2008 9:04:00 AM : Extracting : F:\2360027_Rev15_(CT-DVD)\fmi\fmi25346.pdf
12/22/2008 9:04:01 AM : Extracting : F:\2360027_Rev15_(CT-DVD)\fmi\fmi25348.pdf
12/22/2008 9:04:01 AM : Extracting : F:\2360027_Rev15_(CT-DVD)\fmi\fmi25349.pdf
12/22/2008 9:04:01 AM : Extracting : F:\2360027_Rev15_(CT-DVD)\fmi\fmi25350.pdf
12/22/2008 9:04:02 AM : Extracting : F:\2360027_Rev15_(CT-DVD)\fmi\fmi25351.pdf
12/22/2008 9:04:03 AM : Extracting : F:\2360027_Rev15_(CT-DVD)\fmi\fmi25353.pdf
12/22/2008 9:04:03 AM : Extracting : F:\2360027_Rev15_(CT-DVD)\fmi\fmi25355.pdf
12/22/2008 9:04:03 AM : Extracting : F:\2360027_Rev15_(CT-DVD)\fmi\fmi25356.pdf
12/22/2008 9:04:03 AM : Extracting : F:\2360027_Rev15_(CT-DVD)\fmi\fmi25358.pdf
12/22/2008 9:04:04 AM : Extracting : F:\2360027_Rev15_(CT-DVD)\fmi\fmi25359.pdf
12/22/2008 9:04:04 AM : Extracting : F:\2360027_Rev15_(CT-DVD)\fmi\fmi25360.pdf
12/22/2008 9:04:04 AM : Extracting : F:\2360027_Rev15_(CT-DVD)\fmi\fmi25363.pdf
12/22/2008 9:04:05 AM : Extracting : F:\2360027_Rev15_(CT-DVD)\fmi\fmi25364.pdf
12/22/2008 9:04:05 AM : Extracting : F:\2360027_Rev15_(CT-DVD)\fmi\fmi25365.pdf
12/22/2008 9:04:06 AM : Extracting : F:\2360027_Rev15_(CT-DVD)\fmi\fmi25366.pdf
12/22/2008 9:04:07 AM : Extracting : F:\2360027_Rev15_(CT-DVD)\fmi\fmi25367.pdf
12/22/2008 9:04:07 AM : Extracting : F:\2360027_Rev15_(CT-DVD)\fmi\fmi25368.pdf
12/22/2008 9:04:07 AM : Extracting : F:\2360027_Rev15_(CT-DVD)\fmi\fmi25370.pdf
12/22/2008 9:04:07 AM : Extracting : F:\2360027_Rev15_(CT-DVD)\fmi\fmi25370A.pdf
12/22/2008 9:04:08 AM : Extracting : F:\2360027_Rev15_(CT-DVD)\fmi\fmi25371.pdf
12/22/2008 9:04:08 AM : Extracting : F:\2360027_Rev15_(CT-DVD)\fmi\fmi25372.pdf
12/22/2008 9:04:09 AM : Extracting : F:\2360027_Rev15_(CT-DVD)\fmi\fmi25373.pdf
12/22/2008 9:04:10 AM : Extracting : F:\2360027_Rev15_(CT-DVD)\fmi\fmi25374.pdf
12/22/2008 9:04:10 AM : Extracting : F:\2360027_Rev15_(CT-DVD)\fmi\fmi25375.pdf
12/22/2008 9:04:10 AM : Extracting : F:\2360027_Rev15_(CT-DVD)\fmi\fmi25376.pdf
12/22/2008 9:04:11 AM : Extracting : F:\2360027_Rev15_(CT-DVD)\fmi\fmi25377.pdf
12/22/2008 9:04:11 AM : Extracting : F:\2360027_Rev15_(CT-DVD)\fmi\fmi25378.pdf
12/22/2008 9:04:11 AM : Extracting : F:\2360027_Rev15_(CT-DVD)\fmi\fmi25379.pdf
12/22/2008 9:04:12 AM : Extracting : F:\2360027_Rev15_(CT-DVD)\fmi\fmi25382.pdf
12/22/2008 9:04:12 AM : Extracting : F:\2360027_Rev15_(CT-DVD)\fmi\fmi25383.pdf
12/22/2008 9:04:12 AM : Extracting : F:\2360027_Rev15_(CT-DVD)\fmi\fmi25384.pdf
12/22/2008 9:04:13 AM : Extracting : F:\2360027_Rev15_(CT-DVD)\fmi\fmi25385.pdf
12/22/2008 9:04:13 AM : Extracting : F:\2360027_Rev15_(CT-DVD)\fmi\fmi25388.pdf
12/22/2008 9:04:14 AM : Extracting : F:\2360027_Rev15_(CT-DVD)\fmi\fmi25390.pdf
12/22/2008 9:04:14 AM : Extracting : F:\2360027_Rev15_(CT-DVD)\fmi\fmi25391.pdf
12/22/2008 9:04:14 AM : Extracting : F:\2360027_Rev15_(CT-DVD)\fmi\fmi25392.pdf
12/22/2008 9:04:15 AM : Extracting : F:\2360027_Rev15_(CT-DVD)\fmi\fmi25395.pdf
12/22/2008 9:04:15 AM : Extracting : F:\2360027_Rev15_(CT-DVD)\fmi\fmi25396.pdf
12/22/2008 9:04:16 AM : Extracting : F:\2360027_Rev15_(CT-DVD)\fmi\fmi25878.pdf
12/22/2008 9:04:16 AM : Extracting : F:\2360027_Rev15_(CT-DVD)\fmi\fmi25900-901.pdf
12/22/2008 9:04:16 AM : Extracting : F:\2360027_Rev15_(CT-DVD)\fmi\fmi25902.pdf
12/22/2008 9:04:17 AM : Extracting : F:\2360027_Rev15_(CT-DVD)\fmi\fmi25903.pdf
12/22/2008 9:04:18 AM : Extracting : F:\2360027_Rev15_(CT-DVD)\fmi\fmi25904.pdf
12/22/2008 9:04:18 AM : Extracting : F:\2360027_Rev15_(CT-DVD)\fmi\fmi25905.pdf
12/22/2008 9:04:19 AM : Extracting : F:\2360027_Rev15_(CT-DVD)\fmi\fmi25399.pdf
12/22/2008 9:04:20 AM : Extracting : F:\2360027_Rev15_(CT-DVD)\fmi\fmi25398.pdf
12/22/2008 9:04:20 AM : Extracting : F:\2360027_Rev15_(CT-DVD)\fmi\fmi25401a.pdf
12/22/2008 9:04:20 AM : Extracting : F:\2360027_Rev15_(CT-DVD)\fmi\fmi25403.pdf
12/22/2008 9:04:20 AM : Extracting : F:\2360027_Rev15_(CT-DVD)\fmi\fmi25389.pdf
12/22/2008 9:04:21 AM : Extracting : F:\2360027_Rev15_(CT-DVD)\fmi\fmi25401b.pdf
12/22/2008 9:04:21 AM : Extracting : F:\2360027_Rev15_(CT-DVD)\fmi\fmi25394.pdf
12/22/2008 9:04:22 AM : Extracting : F:\2360027_Rev15_(CT-DVD)\fmi\fmi25402.pdf
12/22/2008 9:04:22 AM : Extracting : F:\2360027_Rev15_(CT-DVD)\fmi\fmi25400.pdf
12/22/2008 9:04:23 AM : Extracting : F:\2360027_Rev15_(CT-DVD)\fmi\fmi25405.pdf
12/22/2008 9:04:23 AM : Extracting : F:\2360027_Rev15_(CT-DVD)\fmi\fmi25406.pdf
12/22/2008 9:04:23 AM : Extracting : F:\2360027_Rev15_(CT-DVD)\fmi\fmi25410.pdf
12/22/2008 9:04:24 AM : Extracting : F:\2360027_Rev15_(CT-DVD)\fmi\fmi25407.pdf
12/22/2008 9:04:24 AM : Extracting : F:\2360027_Rev15_(CT-DVD)\fmi\fmi25408A_B.pdf
12/22/2008 9:04:24 AM : Creating Index
12/22/2008 9:04:35 AM :   Total PDF files in all directories : 114
12/22/2008 9:04:35 AM :   Total PDF attachments : 0
12/22/2008 9:04:35 AM :   Total new files : 114
12/22/2008 9:04:35 AM :   Total pages indexed : 1828
12/22/2008 9:04:35 AM :   Total number of files skipped : 0
12/22/2008 9:04:35 AM :   Total deleted files : 0
12/22/2008 9:04:35 AM : Index build successful.
