03/17/2006 9:18:07 AM : Starting build.
03/17/2006 9:18:07 AM : Searching : D:\web page\2360027\xtras\
03/17/2006 9:18:08 AM : Indexing 36 files
03/17/2006 9:18:09 AM : Extracting : D:\web page\2360027\xtras\2218879.pdf
03/17/2006 9:18:10 AM : Extracting : D:\web page\2360027\xtras\2353645.pdf
03/17/2006 9:18:14 AM : Extracting : D:\web page\2360027\xtras\console_matrix.pdf
03/17/2006 9:18:14 AM : Extracting : D:\web page\2360027\xtras\ctse_cd-roms.pdf
03/17/2006 9:18:14 AM : Extracting : D:\web page\2360027\xtras\ctse_e-mails\All CT Products\CT Service Supplies and Kits.pdf
03/17/2006 9:18:14 AM : Extracting : D:\web page\2360027\xtras\ctse_e-mails\All CT Products\Table Encoder Cable Interference.pdf
03/17/2006 9:18:14 AM : Extracting : D:\web page\2360027\xtras\ctse_e-mails\CTi\Upgrading From Maxoptic To Sony F551 MOD Drive.pdf
03/17/2006 9:18:15 AM : Extracting : D:\web page\2360027\xtras\ctse_e-mails\HighSpeed Family (US)\2302508 Brush Block Barrier Height.pdf
03/17/2006 9:18:15 AM : Extracting : D:\web page\2360027\xtras\ctse_e-mails\HighSpeed Family (US)\2302508 Brush Block Barrier Thickness.pdf
03/17/2006 9:18:15 AM : Extracting : D:\web page\2360027\xtras\ctse_e-mails\HighSpeed Family (US)\Andok C is End Of Life.pdf
03/17/2006 9:18:15 AM : Extracting : D:\web page\2360027\xtras\ctse_e-mails\HighSpeed Family (US)\ETC Slip Rings and Brush Replacements.pdf
03/17/2006 9:18:15 AM : Extracting : D:\web page\2360027\xtras\ctse_e-mails\HighSpeed Family (US)\Mixing ETC and Schliefring Brush Blocks - Clarification.pdf
03/17/2006 9:18:16 AM : Extracting : D:\web page\2360027\xtras\ctse_e-mails\HighSpeed Family (US)\OBC Chassis FRUs For All CTi Gantry Flavors.pdf
03/17/2006 9:18:16 AM : Extracting : D:\web page\2360027\xtras\ctse_e-mails\HighSpeed Family (US)\Power Brush Block 2302508 Barrier Height Issue.pdf
03/17/2006 9:18:16 AM : Extracting : D:\web page\2360027\xtras\ctse_e-mails\LightSpeed Family\Axial Drive Motor FRU.pdf
03/17/2006 9:18:16 AM : Extracting : D:\web page\2360027\xtras\ctse_e-mails\LightSpeed Family\Axial Encoder C-Pulse Set Up Issue.pdf
03/17/2006 9:18:16 AM : Extracting : D:\web page\2360027\xtras\ctse_e-mails\LightSpeed Family\Brush Block Guide Pins.pdf
03/17/2006 9:18:17 AM : Extracting : D:\web page\2360027\xtras\ctse_e-mails\LightSpeed Family\Brush Block Placement.pdf
03/17/2006 9:18:17 AM : Extracting : D:\web page\2360027\xtras\ctse_e-mails\LightSpeed Family\Console De-staged.pdf
03/17/2006 9:18:17 AM : Extracting : D:\web page\2360027\xtras\ctse_e-mails\LightSpeed Family\Cradle Drive Solenoid.pdf
03/17/2006 9:18:17 AM : Extracting : D:\web page\2360027\xtras\ctse_e-mails\LightSpeed Family\Dark Steel Blue Raceway Part Number.pdf
03/17/2006 9:18:17 AM : Extracting : D:\web page\2360027\xtras\ctse_e-mails\LightSpeed Family\Gantry Display ESD Rework.pdf
03/17/2006 9:18:18 AM : Extracting : D:\web page\2360027\xtras\ctse_e-mails\LightSpeed Family\Gantry Top Cover Switch Pad Adhesive.pdf
03/17/2006 9:18:18 AM : Extracting : D:\web page\2360027\xtras\ctse_e-mails\LightSpeed Family\Hardware and Electrical Repair Kits Available.pdf
03/17/2006 9:18:18 AM : Extracting : D:\web page\2360027\xtras\ctse_e-mails\LightSpeed Family\HSDCD Taxi Modem Violation Upgrade Kit.pdf
03/17/2006 9:18:19 AM : Extracting : D:\web page\2360027\xtras\ctse_e-mails\LightSpeed Family\LightSpeed Plus Ultra Axial Drive Belt Noise.pdf
03/17/2006 9:18:19 AM : Extracting : D:\web page\2360027\xtras\ctse_e-mails\LightSpeed Family\Power Pan Circuit Breaker.pdf
03/17/2006 9:18:19 AM : Extracting : D:\web page\2360027\xtras\ctse_e-mails\LightSpeed Family\Proper Signal Brush Placement.pdf
03/17/2006 9:18:20 AM : Extracting : D:\web page\2360027\xtras\ctse_e-mails\LightSpeed Family\Reconfig Replaces Characterization Files with Defaults.pdf
03/17/2006 9:18:20 AM : Extracting : D:\web page\2360027\xtras\ctse_e-mails\LightSpeed Family\Scan analysis tool does not work.pdf
03/17/2006 9:18:20 AM : Extracting : D:\web page\2360027\xtras\ctse_e-mails\LightSpeed Family\Weakly Attached LASER Alignment Light Window.pdf
03/17/2006 9:18:20 AM : Extracting : D:\web page\2360027\xtras\gre_ts.pdf
03/17/2006 9:18:22 AM : Extracting : D:\web page\2360027\xtras\irixgd10.pdf
03/17/2006 9:18:23 AM : Extracting : D:\web page\2360027\xtras\ls_sdr.pdf
03/17/2006 9:18:23 AM : Extracting : D:\web page\2360027\xtras\monitors.pdf
03/17/2006 9:18:28 AM : Extracting : D:\web page\2360027\xtras\sony_mod.pdf
03/17/2006 9:18:28 AM : Creating Index
03/17/2006 9:18:30 AM :   Total PDF files in all directories : 36
03/17/2006 9:18:30 AM :   Total new files : 36
03/17/2006 9:18:30 AM :   Total pages indexed : 328
03/17/2006 9:18:30 AM :   Total number of files skipped : 0
03/17/2006 9:18:30 AM :   Total deleted files : 0
03/17/2006 9:18:30 AM : Index build successful.

08/10/2006 2:54:11 PM : Starting rebuild
08/10/2006 2:54:11 PM : Deleting files from current index
08/10/2006 2:54:11 PM : Deleting : D:\web page\2360027\xtras\extras\index.idx
08/10/2006 2:54:11 PM : Deleting : D:\web page\2360027\xtras\extras\index1.idx
08/10/2006 2:54:11 PM : Searching : D:\web page\2360027\xtras\
08/10/2006 2:54:13 PM : Indexing 36 files
08/10/2006 2:54:13 PM : Extracting : D:\web page\2360027\xtras\2218879.pdf
08/10/2006 2:54:15 PM : Extracting : D:\web page\2360027\xtras\2353645.pdf
08/10/2006 2:54:20 PM : Extracting : D:\web page\2360027\xtras\console_matrix.pdf
08/10/2006 2:54:20 PM : Extracting : D:\web page\2360027\xtras\ctse_cd-roms.pdf
08/10/2006 2:54:20 PM : Extracting : D:\web page\2360027\xtras\ctse_e-mails\All CT Products\CT Service Supplies and Kits.pdf
08/10/2006 2:54:20 PM : Extracting : D:\web page\2360027\xtras\ctse_e-mails\All CT Products\Table Encoder Cable Interference.pdf
08/10/2006 2:54:21 PM : Extracting : D:\web page\2360027\xtras\ctse_e-mails\CTi\Upgrading From Maxoptic To Sony F551 MOD Drive.pdf
08/10/2006 2:54:21 PM : Extracting : D:\web page\2360027\xtras\ctse_e-mails\HighSpeed Family (US)\2302508 Brush Block Barrier Height.pdf
08/10/2006 2:54:21 PM : Extracting : D:\web page\2360027\xtras\ctse_e-mails\HighSpeed Family (US)\2302508 Brush Block Barrier Thickness.pdf
08/10/2006 2:54:21 PM : Extracting : D:\web page\2360027\xtras\ctse_e-mails\HighSpeed Family (US)\Andok C is End Of Life.pdf
08/10/2006 2:54:21 PM : Extracting : D:\web page\2360027\xtras\ctse_e-mails\HighSpeed Family (US)\ETC Slip Rings and Brush Replacements.pdf
08/10/2006 2:54:22 PM : Extracting : D:\web page\2360027\xtras\ctse_e-mails\HighSpeed Family (US)\Mixing ETC and Schliefring Brush Blocks - Clarification.pdf
08/10/2006 2:54:23 PM : Extracting : D:\web page\2360027\xtras\ctse_e-mails\HighSpeed Family (US)\OBC Chassis FRUs For All CTi Gantry Flavors.pdf
08/10/2006 2:54:23 PM : Extracting : D:\web page\2360027\xtras\ctse_e-mails\HighSpeed Family (US)\Power Brush Block 2302508 Barrier Height Issue.pdf
08/10/2006 2:54:23 PM : Extracting : D:\web page\2360027\xtras\ctse_e-mails\LightSpeed Family\Axial Drive Motor FRU.pdf
08/10/2006 2:54:23 PM : Extracting : D:\web page\2360027\xtras\ctse_e-mails\LightSpeed Family\Axial Encoder C-Pulse Set Up Issue.pdf
08/10/2006 2:54:23 PM : Extracting : D:\web page\2360027\xtras\ctse_e-mails\LightSpeed Family\Brush Block Guide Pins.pdf
08/10/2006 2:54:24 PM : Extracting : D:\web page\2360027\xtras\ctse_e-mails\LightSpeed Family\Brush Block Placement.pdf
08/10/2006 2:54:24 PM : Extracting : D:\web page\2360027\xtras\ctse_e-mails\LightSpeed Family\Console De-staged.pdf
08/10/2006 2:54:24 PM : Extracting : D:\web page\2360027\xtras\ctse_e-mails\LightSpeed Family\Cradle Drive Solenoid.pdf
08/10/2006 2:54:24 PM : Extracting : D:\web page\2360027\xtras\ctse_e-mails\LightSpeed Family\Dark Steel Blue Raceway Part Number.pdf
08/10/2006 2:54:24 PM : Extracting : D:\web page\2360027\xtras\ctse_e-mails\LightSpeed Family\Gantry Display ESD Rework.pdf
08/10/2006 2:54:25 PM : Extracting : D:\web page\2360027\xtras\ctse_e-mails\LightSpeed Family\Gantry Top Cover Switch Pad Adhesive.pdf
08/10/2006 2:54:25 PM : Extracting : D:\web page\2360027\xtras\ctse_e-mails\LightSpeed Family\Hardware and Electrical Repair Kits Available.pdf
08/10/2006 2:54:25 PM : Extracting : D:\web page\2360027\xtras\ctse_e-mails\LightSpeed Family\HSDCD Taxi Modem Violation Upgrade Kit.pdf
08/10/2006 2:54:26 PM : Extracting : D:\web page\2360027\xtras\ctse_e-mails\LightSpeed Family\LightSpeed Plus Ultra Axial Drive Belt Noise.pdf
08/10/2006 2:54:26 PM : Extracting : D:\web page\2360027\xtras\ctse_e-mails\LightSpeed Family\Power Pan Circuit Breaker.pdf
08/10/2006 2:54:27 PM : Extracting : D:\web page\2360027\xtras\ctse_e-mails\LightSpeed Family\Proper Signal Brush Placement.pdf
08/10/2006 2:54:28 PM : Extracting : D:\web page\2360027\xtras\ctse_e-mails\LightSpeed Family\Reconfig Replaces Characterization Files with Defaults.pdf
08/10/2006 2:54:28 PM : Extracting : D:\web page\2360027\xtras\ctse_e-mails\LightSpeed Family\Scan analysis tool does not work.pdf
08/10/2006 2:54:28 PM : Extracting : D:\web page\2360027\xtras\ctse_e-mails\LightSpeed Family\Weakly Attached LASER Alignment Light Window.pdf
08/10/2006 2:54:28 PM : Extracting : D:\web page\2360027\xtras\gre_ts.pdf
08/10/2006 2:54:29 PM : Extracting : D:\web page\2360027\xtras\irixgd10.pdf
08/10/2006 2:54:30 PM : Extracting : D:\web page\2360027\xtras\ls_sdr.pdf
08/10/2006 2:54:31 PM : Extracting : D:\web page\2360027\xtras\monitors.pdf
08/10/2006 2:54:35 PM : Extracting : D:\web page\2360027\xtras\sony_mod.pdf
08/10/2006 2:54:35 PM : Creating Index
08/10/2006 2:54:37 PM :   Total PDF files in all directories : 36
08/10/2006 2:54:37 PM :   Total new files : 36
08/10/2006 2:54:37 PM :   Total pages indexed : 328
08/10/2006 2:54:37 PM :   Total number of files skipped : 0
08/10/2006 2:54:37 PM :   Total deleted files : 0
08/10/2006 2:54:37 PM : Index build successful.

12/07/2006 6:40:46 PM : Starting rebuild
12/07/2006 6:40:46 PM : Deleting files from current index
12/07/2006 6:40:46 PM : Deleting : D:\web page\2360027\xtras\extras\index.idx
12/07/2006 6:40:46 PM : Deleting : D:\web page\2360027\xtras\extras\index1.idx
12/07/2006 6:40:46 PM : Searching : D:\web page\2360027\xtras\
12/07/2006 6:40:48 PM : Indexing 37 files
12/07/2006 6:40:48 PM : Extracting : D:\web page\2360027\xtras\2218879.pdf
12/07/2006 6:40:50 PM : Extracting : D:\web page\2360027\xtras\2353645.pdf
12/07/2006 6:40:53 PM : Extracting : D:\web page\2360027\xtras\5174892.pdf
12/07/2006 6:40:54 PM : Extracting : D:\web page\2360027\xtras\console_matrix.pdf
12/07/2006 6:40:54 PM : Extracting : D:\web page\2360027\xtras\ctse_cd-roms.pdf
12/07/2006 6:40:54 PM : Extracting : D:\web page\2360027\xtras\ctse_e-mails\All CT Products\CT Service Supplies and Kits.pdf
12/07/2006 6:40:54 PM : Extracting : D:\web page\2360027\xtras\ctse_e-mails\All CT Products\Table Encoder Cable Interference.pdf
12/07/2006 6:40:55 PM : Extracting : D:\web page\2360027\xtras\ctse_e-mails\CTi\Upgrading From Maxoptic To Sony F551 MOD Drive.pdf
12/07/2006 6:40:55 PM : Extracting : D:\web page\2360027\xtras\ctse_e-mails\HighSpeed Family (US)\2302508 Brush Block Barrier Height.pdf
12/07/2006 6:40:55 PM : Extracting : D:\web page\2360027\xtras\ctse_e-mails\HighSpeed Family (US)\2302508 Brush Block Barrier Thickness.pdf
12/07/2006 6:40:55 PM : Extracting : D:\web page\2360027\xtras\ctse_e-mails\HighSpeed Family (US)\Andok C is End Of Life.pdf
12/07/2006 6:40:55 PM : Extracting : D:\web page\2360027\xtras\ctse_e-mails\HighSpeed Family (US)\ETC Slip Rings and Brush Replacements.pdf
12/07/2006 6:40:56 PM : Extracting : D:\web page\2360027\xtras\ctse_e-mails\HighSpeed Family (US)\Mixing ETC and Schliefring Brush Blocks - Clarification.pdf
12/07/2006 6:40:56 PM : Extracting : D:\web page\2360027\xtras\ctse_e-mails\HighSpeed Family (US)\OBC Chassis FRUs For All CTi Gantry Flavors.pdf
12/07/2006 6:40:57 PM : Extracting : D:\web page\2360027\xtras\ctse_e-mails\HighSpeed Family (US)\Power Brush Block 2302508 Barrier Height Issue.pdf
12/07/2006 6:40:57 PM : Extracting : D:\web page\2360027\xtras\ctse_e-mails\LightSpeed Family\Axial Drive Motor FRU.pdf
12/07/2006 6:40:57 PM : Extracting : D:\web page\2360027\xtras\ctse_e-mails\LightSpeed Family\Axial Encoder C-Pulse Set Up Issue.pdf
12/07/2006 6:40:57 PM : Extracting : D:\web page\2360027\xtras\ctse_e-mails\LightSpeed Family\Brush Block Guide Pins.pdf
12/07/2006 6:40:57 PM : Extracting : D:\web page\2360027\xtras\ctse_e-mails\LightSpeed Family\Brush Block Placement.pdf
12/07/2006 6:40:57 PM : Extracting : D:\web page\2360027\xtras\ctse_e-mails\LightSpeed Family\Console De-staged.pdf
12/07/2006 6:40:57 PM : Extracting : D:\web page\2360027\xtras\ctse_e-mails\LightSpeed Family\Cradle Drive Solenoid.pdf
12/07/2006 6:40:58 PM : Extracting : D:\web page\2360027\xtras\ctse_e-mails\LightSpeed Family\Dark Steel Blue Raceway Part Number.pdf
12/07/2006 6:40:58 PM : Extracting : D:\web page\2360027\xtras\ctse_e-mails\LightSpeed Family\Gantry Display ESD Rework.pdf
12/07/2006 6:40:58 PM : Extracting : D:\web page\2360027\xtras\ctse_e-mails\LightSpeed Family\Gantry Top Cover Switch Pad Adhesive.pdf
12/07/2006 6:40:58 PM : Extracting : D:\web page\2360027\xtras\ctse_e-mails\LightSpeed Family\Hardware and Electrical Repair Kits Available.pdf
12/07/2006 6:40:59 PM : Extracting : D:\web page\2360027\xtras\ctse_e-mails\LightSpeed Family\HSDCD Taxi Modem Violation Upgrade Kit.pdf
12/07/2006 6:41:00 PM : Extracting : D:\web page\2360027\xtras\ctse_e-mails\LightSpeed Family\LightSpeed Plus Ultra Axial Drive Belt Noise.pdf
12/07/2006 6:41:00 PM : Extracting : D:\web page\2360027\xtras\ctse_e-mails\LightSpeed Family\Power Pan Circuit Breaker.pdf
12/07/2006 6:41:00 PM : Extracting : D:\web page\2360027\xtras\ctse_e-mails\LightSpeed Family\Proper Signal Brush Placement.pdf
12/07/2006 6:41:01 PM : Extracting : D:\web page\2360027\xtras\ctse_e-mails\LightSpeed Family\Reconfig Replaces Characterization Files with Defaults.pdf
12/07/2006 6:41:01 PM : Extracting : D:\web page\2360027\xtras\ctse_e-mails\LightSpeed Family\Scan analysis tool does not work.pdf
12/07/2006 6:41:01 PM : Extracting : D:\web page\2360027\xtras\ctse_e-mails\LightSpeed Family\Weakly Attached LASER Alignment Light Window.pdf
12/07/2006 6:41:01 PM : Extracting : D:\web page\2360027\xtras\gre_ts.pdf
12/07/2006 6:41:02 PM : Extracting : D:\web page\2360027\xtras\irixgd10.pdf
12/07/2006 6:41:03 PM : Extracting : D:\web page\2360027\xtras\ls_sdr.pdf
12/07/2006 6:41:04 PM : Extracting : D:\web page\2360027\xtras\monitors.pdf
12/07/2006 6:41:08 PM : Extracting : D:\web page\2360027\xtras\sony_mod.pdf
12/07/2006 6:41:08 PM : Creating Index
12/07/2006 6:41:10 PM :   Total PDF files in all directories : 37
12/07/2006 6:41:10 PM :   Total new files : 37
12/07/2006 6:41:10 PM :   Total pages indexed : 356
12/07/2006 6:41:10 PM :   Total number of files skipped : 0
12/07/2006 6:41:10 PM :   Total deleted files : 0
12/07/2006 6:41:10 PM : Index build successful.

12/12/2006 10:53:28 AM : Starting rebuild
12/12/2006 10:53:28 AM : Deleting files from current index
12/12/2006 10:53:28 AM : Deleting : D:\web page\2360027\xtras\extras\index.idx
12/12/2006 10:53:28 AM : Deleting : D:\web page\2360027\xtras\extras\index1.idx
12/12/2006 10:53:28 AM : Searching : D:\web page\2360027\xtras\
12/12/2006 10:53:30 AM : Indexing 37 files
12/12/2006 10:53:30 AM : Extracting : D:\web page\2360027\xtras\2218879.pdf
12/12/2006 10:53:32 AM : Extracting : D:\web page\2360027\xtras\2353645.pdf
12/12/2006 10:53:35 AM : Extracting : D:\web page\2360027\xtras\5174892.pdf
12/12/2006 10:53:36 AM : Extracting : D:\web page\2360027\xtras\console_matrix.pdf
12/12/2006 10:53:36 AM : Extracting : D:\web page\2360027\xtras\ctse_cd-roms.pdf
12/12/2006 10:53:36 AM : Extracting : D:\web page\2360027\xtras\ctse_e-mails\All CT Products\CT Service Supplies and Kits.pdf
12/12/2006 10:53:37 AM : Extracting : D:\web page\2360027\xtras\ctse_e-mails\All CT Products\Table Encoder Cable Interference.pdf
12/12/2006 10:53:37 AM : Extracting : D:\web page\2360027\xtras\ctse_e-mails\CTi\Upgrading From Maxoptic To Sony F551 MOD Drive.pdf
12/12/2006 10:53:37 AM : Extracting : D:\web page\2360027\xtras\ctse_e-mails\HighSpeed Family (US)\2302508 Brush Block Barrier Height.pdf
12/12/2006 10:53:38 AM : Extracting : D:\web page\2360027\xtras\ctse_e-mails\HighSpeed Family (US)\2302508 Brush Block Barrier Thickness.pdf
12/12/2006 10:53:38 AM : Extracting : D:\web page\2360027\xtras\ctse_e-mails\HighSpeed Family (US)\Andok C is End Of Life.pdf
12/12/2006 10:53:38 AM : Extracting : D:\web page\2360027\xtras\ctse_e-mails\HighSpeed Family (US)\ETC Slip Rings and Brush Replacements.pdf
12/12/2006 10:53:39 AM : Extracting : D:\web page\2360027\xtras\ctse_e-mails\HighSpeed Family (US)\Mixing ETC and Schliefring Brush Blocks - Clarification.pdf
12/12/2006 10:53:40 AM : Extracting : D:\web page\2360027\xtras\ctse_e-mails\HighSpeed Family (US)\OBC Chassis FRUs For All CTi Gantry Flavors.pdf
12/12/2006 10:53:40 AM : Extracting : D:\web page\2360027\xtras\ctse_e-mails\HighSpeed Family (US)\Power Brush Block 2302508 Barrier Height Issue.pdf
12/12/2006 10:53:40 AM : Extracting : D:\web page\2360027\xtras\ctse_e-mails\LightSpeed Family\Axial Drive Motor FRU.pdf
12/12/2006 10:53:40 AM : Extracting : D:\web page\2360027\xtras\ctse_e-mails\LightSpeed Family\Axial Encoder C-Pulse Set Up Issue.pdf
12/12/2006 10:53:40 AM : Extracting : D:\web page\2360027\xtras\ctse_e-mails\LightSpeed Family\Brush Block Guide Pins.pdf
12/12/2006 10:53:41 AM : Extracting : D:\web page\2360027\xtras\ctse_e-mails\LightSpeed Family\Brush Block Placement.pdf
12/12/2006 10:53:41 AM : Extracting : D:\web page\2360027\xtras\ctse_e-mails\LightSpeed Family\Console De-staged.pdf
12/12/2006 10:53:41 AM : Extracting : D:\web page\2360027\xtras\ctse_e-mails\LightSpeed Family\Cradle Drive Solenoid.pdf
12/12/2006 10:53:41 AM : Extracting : D:\web page\2360027\xtras\ctse_e-mails\LightSpeed Family\Dark Steel Blue Raceway Part Number.pdf
12/12/2006 10:53:41 AM : Extracting : D:\web page\2360027\xtras\ctse_e-mails\LightSpeed Family\Gantry Display ESD Rework.pdf
12/12/2006 10:53:42 AM : Extracting : D:\web page\2360027\xtras\ctse_e-mails\LightSpeed Family\Gantry Top Cover Switch Pad Adhesive.pdf
12/12/2006 10:53:42 AM : Extracting : D:\web page\2360027\xtras\ctse_e-mails\LightSpeed Family\Hardware and Electrical Repair Kits Available.pdf
12/12/2006 10:53:42 AM : Extracting : D:\web page\2360027\xtras\ctse_e-mails\LightSpeed Family\HSDCD Taxi Modem Violation Upgrade Kit.pdf
12/12/2006 10:53:43 AM : Extracting : D:\web page\2360027\xtras\ctse_e-mails\LightSpeed Family\LightSpeed Plus Ultra Axial Drive Belt Noise.pdf
12/12/2006 10:53:44 AM : Extracting : D:\web page\2360027\xtras\ctse_e-mails\LightSpeed Family\Power Pan Circuit Breaker.pdf
12/12/2006 10:53:44 AM : Extracting : D:\web page\2360027\xtras\ctse_e-mails\LightSpeed Family\Proper Signal Brush Placement.pdf
12/12/2006 10:53:45 AM : Extracting : D:\web page\2360027\xtras\ctse_e-mails\LightSpeed Family\Reconfig Replaces Characterization Files with Defaults.pdf
12/12/2006 10:53:45 AM : Extracting : D:\web page\2360027\xtras\ctse_e-mails\LightSpeed Family\Scan analysis tool does not work.pdf
12/12/2006 10:53:45 AM : Extracting : D:\web page\2360027\xtras\ctse_e-mails\LightSpeed Family\Weakly Attached LASER Alignment Light Window.pdf
12/12/2006 10:53:45 AM : Extracting : D:\web page\2360027\xtras\gre_ts.pdf
12/12/2006 10:53:47 AM : Extracting : D:\web page\2360027\xtras\irixgd10.pdf
12/12/2006 10:53:48 AM : Extracting : D:\web page\2360027\xtras\ls_sdr.pdf
12/12/2006 10:53:48 AM : Extracting : D:\web page\2360027\xtras\monitors.pdf
12/12/2006 10:53:53 AM : Extracting : D:\web page\2360027\xtras\sony_mod.pdf
12/12/2006 10:53:54 AM : Creating Index
12/12/2006 10:53:55 AM :   Total PDF files in all directories : 37
12/12/2006 10:53:55 AM :   Total new files : 37
12/12/2006 10:53:55 AM :   Total pages indexed : 356
12/12/2006 10:53:55 AM :   Total number of files skipped : 0
12/12/2006 10:53:55 AM :   Total deleted files : 0
12/12/2006 10:53:55 AM : Index build successful.

12/13/2006 11:10:58 AM : Starting rebuild
12/13/2006 11:10:58 AM : Deleting files from current index
12/13/2006 11:10:58 AM : Deleting : D:\web page\2360027\xtras\extras\index.idx
12/13/2006 11:10:58 AM : Deleting : D:\web page\2360027\xtras\extras\index1.idx
12/13/2006 11:10:58 AM : Searching : D:\web page\2360027\xtras\
12/13/2006 11:11:00 AM : Indexing 37 files
12/13/2006 11:11:00 AM : Extracting : D:\web page\2360027\xtras\2218879.pdf
12/13/2006 11:11:02 AM : Extracting : D:\web page\2360027\xtras\2353645.pdf
12/13/2006 11:11:05 AM : Extracting : D:\web page\2360027\xtras\5174892.pdf
12/13/2006 11:11:06 AM : Extracting : D:\web page\2360027\xtras\console_matrix.pdf
12/13/2006 11:11:06 AM : Extracting : D:\web page\2360027\xtras\ctse_cd-roms.pdf
12/13/2006 11:11:06 AM : Extracting : D:\web page\2360027\xtras\ctse_e-mails\All CT Products\CT Service Supplies and Kits.pdf
12/13/2006 11:11:06 AM : Extracting : D:\web page\2360027\xtras\ctse_e-mails\All CT Products\Table Encoder Cable Interference.pdf
12/13/2006 11:11:06 AM : Extracting : D:\web page\2360027\xtras\ctse_e-mails\CTi\Upgrading From Maxoptic To Sony F551 MOD Drive.pdf
12/13/2006 11:11:07 AM : Extracting : D:\web page\2360027\xtras\ctse_e-mails\HighSpeed Family (US)\2302508 Brush Block Barrier Height.pdf
12/13/2006 11:11:07 AM : Extracting : D:\web page\2360027\xtras\ctse_e-mails\HighSpeed Family (US)\2302508 Brush Block Barrier Thickness.pdf
12/13/2006 11:11:07 AM : Extracting : D:\web page\2360027\xtras\ctse_e-mails\HighSpeed Family (US)\Andok C is End Of Life.pdf
12/13/2006 11:11:07 AM : Extracting : D:\web page\2360027\xtras\ctse_e-mails\HighSpeed Family (US)\ETC Slip Rings and Brush Replacements.pdf
12/13/2006 11:11:08 AM : Extracting : D:\web page\2360027\xtras\ctse_e-mails\HighSpeed Family (US)\Mixing ETC and Schliefring Brush Blocks - Clarification.pdf
12/13/2006 11:11:08 AM : Extracting : D:\web page\2360027\xtras\ctse_e-mails\HighSpeed Family (US)\OBC Chassis FRUs For All CTi Gantry Flavors.pdf
12/13/2006 11:11:08 AM : Extracting : D:\web page\2360027\xtras\ctse_e-mails\HighSpeed Family (US)\Power Brush Block 2302508 Barrier Height Issue.pdf
12/13/2006 11:11:09 AM : Extracting : D:\web page\2360027\xtras\ctse_e-mails\LightSpeed Family\Axial Drive Motor FRU.pdf
12/13/2006 11:11:09 AM : Extracting : D:\web page\2360027\xtras\ctse_e-mails\LightSpeed Family\Axial Encoder C-Pulse Set Up Issue.pdf
12/13/2006 11:11:09 AM : Extracting : D:\web page\2360027\xtras\ctse_e-mails\LightSpeed Family\Brush Block Guide Pins.pdf
12/13/2006 11:11:09 AM : Extracting : D:\web page\2360027\xtras\ctse_e-mails\LightSpeed Family\Brush Block Placement.pdf
12/13/2006 11:11:09 AM : Extracting : D:\web page\2360027\xtras\ctse_e-mails\LightSpeed Family\Console De-staged.pdf
12/13/2006 11:11:09 AM : Extracting : D:\web page\2360027\xtras\ctse_e-mails\LightSpeed Family\Cradle Drive Solenoid.pdf
12/13/2006 11:11:09 AM : Extracting : D:\web page\2360027\xtras\ctse_e-mails\LightSpeed Family\Dark Steel Blue Raceway Part Number.pdf
12/13/2006 11:11:10 AM : Extracting : D:\web page\2360027\xtras\ctse_e-mails\LightSpeed Family\Gantry Display ESD Rework.pdf
12/13/2006 11:11:10 AM : Extracting : D:\web page\2360027\xtras\ctse_e-mails\LightSpeed Family\Gantry Top Cover Switch Pad Adhesive.pdf
12/13/2006 11:11:10 AM : Extracting : D:\web page\2360027\xtras\ctse_e-mails\LightSpeed Family\Hardware and Electrical Repair Kits Available.pdf
12/13/2006 11:11:10 AM : Extracting : D:\web page\2360027\xtras\ctse_e-mails\LightSpeed Family\HSDCD Taxi Modem Violation Upgrade Kit.pdf
12/13/2006 11:11:12 AM : Extracting : D:\web page\2360027\xtras\ctse_e-mails\LightSpeed Family\LightSpeed Plus Ultra Axial Drive Belt Noise.pdf
12/13/2006 11:11:12 AM : Extracting : D:\web page\2360027\xtras\ctse_e-mails\LightSpeed Family\Power Pan Circuit Breaker.pdf
12/13/2006 11:11:12 AM : Extracting : D:\web page\2360027\xtras\ctse_e-mails\LightSpeed Family\Proper Signal Brush Placement.pdf
12/13/2006 11:11:13 AM : Extracting : D:\web page\2360027\xtras\ctse_e-mails\LightSpeed Family\Reconfig Replaces Characterization Files with Defaults.pdf
12/13/2006 11:11:13 AM : Extracting : D:\web page\2360027\xtras\ctse_e-mails\LightSpeed Family\Scan analysis tool does not work.pdf
12/13/2006 11:11:13 AM : Extracting : D:\web page\2360027\xtras\ctse_e-mails\LightSpeed Family\Weakly Attached LASER Alignment Light Window.pdf
12/13/2006 11:11:13 AM : Extracting : D:\web page\2360027\xtras\gre_ts.pdf
12/13/2006 11:11:15 AM : Extracting : D:\web page\2360027\xtras\irixgd10.pdf
12/13/2006 11:11:16 AM : Extracting : D:\web page\2360027\xtras\ls_sdr.pdf
12/13/2006 11:11:16 AM : Extracting : D:\web page\2360027\xtras\monitors.pdf
12/13/2006 11:11:21 AM : Extracting : D:\web page\2360027\xtras\sony_mod.pdf
12/13/2006 11:11:21 AM : Creating Index
12/13/2006 11:11:23 AM :   Total PDF files in all directories : 37
12/13/2006 11:11:23 AM :   Total new files : 37
12/13/2006 11:11:23 AM :   Total pages indexed : 356
12/13/2006 11:11:23 AM :   Total number of files skipped : 0
12/13/2006 11:11:23 AM :   Total deleted files : 0
12/13/2006 11:11:23 AM : Index build successful.

06/21/2007 10:11:39 AM : Starting rebuild of Index : D:\DVD Images\2360027-300r12\xtras\extras.pdx
06/21/2007 10:11:39 AM : Deleting files from current index
06/21/2007 10:11:39 AM : Deleting : D:\DVD Images\2360027-300r12\xtras\extras\index.idx
06/21/2007 10:11:39 AM : Deleting : D:\DVD Images\2360027-300r12\xtras\extras\index1.idx
06/21/2007 10:11:39 AM : Searching : D:\DVD Images\2360027-300r12\xtras\
06/21/2007 10:11:40 AM : Indexing 39 files
06/21/2007 10:11:40 AM : Extracting : D:\DVD Images\2360027-300r12\xtras\2218879.pdf
06/21/2007 10:11:41 AM : Extracting : D:\DVD Images\2360027-300r12\xtras\2353645.pdf
06/21/2007 10:11:46 AM : Extracting : D:\DVD Images\2360027-300r12\xtras\5174892.pdf
06/21/2007 10:11:46 AM : Extracting : D:\DVD Images\2360027-300r12\xtras\cardiac_ts_guide.pdf
06/21/2007 10:11:46 AM : Extracting : D:\DVD Images\2360027-300r12\xtras\console_matrix.pdf
06/21/2007 10:11:46 AM : Extracting : D:\DVD Images\2360027-300r12\xtras\ctse_cd-roms.pdf
06/21/2007 10:11:46 AM : Extracting : D:\DVD Images\2360027-300r12\xtras\ctse_e-mails\All CT Products\CT Service Supplies and Kits.pdf
06/21/2007 10:11:46 AM : Extracting : D:\DVD Images\2360027-300r12\xtras\ctse_e-mails\All CT Products\Table Encoder Cable Interference.pdf
06/21/2007 10:11:46 AM : Extracting : D:\DVD Images\2360027-300r12\xtras\ctse_e-mails\CTi\Upgrading From Maxoptic To Sony F551 MOD Drive.pdf
06/21/2007 10:11:47 AM : Extracting : D:\DVD Images\2360027-300r12\xtras\ctse_e-mails\HighSpeed Family (US)\2302508 Brush Block Barrier Height.pdf
06/21/2007 10:11:47 AM : Extracting : D:\DVD Images\2360027-300r12\xtras\ctse_e-mails\HighSpeed Family (US)\2302508 Brush Block Barrier Thickness.pdf
06/21/2007 10:11:47 AM : Extracting : D:\DVD Images\2360027-300r12\xtras\ctse_e-mails\HighSpeed Family (US)\Andok C is End Of Life.pdf
06/21/2007 10:11:47 AM : Extracting : D:\DVD Images\2360027-300r12\xtras\ctse_e-mails\HighSpeed Family (US)\ETC Slip Rings and Brush Replacements.pdf
06/21/2007 10:11:47 AM : Extracting : D:\DVD Images\2360027-300r12\xtras\ctse_e-mails\HighSpeed Family (US)\Mixing ETC and Schliefring Brush Blocks - Clarification.pdf
06/21/2007 10:11:48 AM : Extracting : D:\DVD Images\2360027-300r12\xtras\ctse_e-mails\HighSpeed Family (US)\OBC Chassis FRUs For All CTi Gantry Flavors.pdf
06/21/2007 10:11:48 AM : Extracting : D:\DVD Images\2360027-300r12\xtras\ctse_e-mails\HighSpeed Family (US)\Power Brush Block 2302508 Barrier Height Issue.pdf
06/21/2007 10:11:48 AM : Extracting : D:\DVD Images\2360027-300r12\xtras\ctse_e-mails\LightSpeed Family\Axial Drive Motor FRU.pdf
06/21/2007 10:11:48 AM : Extracting : D:\DVD Images\2360027-300r12\xtras\ctse_e-mails\LightSpeed Family\Axial Encoder C-Pulse Set Up Issue.pdf
06/21/2007 10:11:48 AM : Extracting : D:\DVD Images\2360027-300r12\xtras\ctse_e-mails\LightSpeed Family\Brush Block Guide Pins.pdf
06/21/2007 10:11:48 AM : Extracting : D:\DVD Images\2360027-300r12\xtras\ctse_e-mails\LightSpeed Family\Brush Block Placement.pdf
06/21/2007 10:11:48 AM : Extracting : D:\DVD Images\2360027-300r12\xtras\ctse_e-mails\LightSpeed Family\Console De-staged.pdf
06/21/2007 10:11:48 AM : Extracting : D:\DVD Images\2360027-300r12\xtras\ctse_e-mails\LightSpeed Family\Cradle Drive Solenoid.pdf
06/21/2007 10:11:48 AM : Extracting : D:\DVD Images\2360027-300r12\xtras\ctse_e-mails\LightSpeed Family\Dark Steel Blue Raceway Part Number.pdf
06/21/2007 10:11:48 AM : Extracting : D:\DVD Images\2360027-300r12\xtras\ctse_e-mails\LightSpeed Family\Gantry Display ESD Rework.pdf
06/21/2007 10:11:48 AM : Extracting : D:\DVD Images\2360027-300r12\xtras\ctse_e-mails\LightSpeed Family\Gantry Top Cover Switch Pad Adhesive.pdf
06/21/2007 10:11:48 AM : Extracting : D:\DVD Images\2360027-300r12\xtras\ctse_e-mails\LightSpeed Family\Hardware and Electrical Repair Kits Available.pdf
06/21/2007 10:11:48 AM : Extracting : D:\DVD Images\2360027-300r12\xtras\ctse_e-mails\LightSpeed Family\HSDCD Taxi Modem Violation Upgrade Kit.pdf
06/21/2007 10:11:49 AM : Extracting : D:\DVD Images\2360027-300r12\xtras\ctse_e-mails\LightSpeed Family\LightSpeed Plus Ultra Axial Drive Belt Noise.pdf
06/21/2007 10:11:49 AM : Extracting : D:\DVD Images\2360027-300r12\xtras\ctse_e-mails\LightSpeed Family\Power Pan Circuit Breaker.pdf
06/21/2007 10:11:49 AM : Extracting : D:\DVD Images\2360027-300r12\xtras\ctse_e-mails\LightSpeed Family\Proper Signal Brush Placement.pdf
06/21/2007 10:11:50 AM : Extracting : D:\DVD Images\2360027-300r12\xtras\ctse_e-mails\LightSpeed Family\Reconfig Replaces Characterization Files with Defaults.pdf
06/21/2007 10:11:50 AM : Extracting : D:\DVD Images\2360027-300r12\xtras\ctse_e-mails\LightSpeed Family\Scan analysis tool does not work.pdf
06/21/2007 10:11:50 AM : Extracting : D:\DVD Images\2360027-300r12\xtras\ctse_e-mails\LightSpeed Family\Weakly Attached LASER Alignment Light Window.pdf
06/21/2007 10:11:50 AM : Extracting : D:\DVD Images\2360027-300r12\xtras\gre_ts.pdf
06/21/2007 10:11:51 AM : Extracting : D:\DVD Images\2360027-300r12\xtras\irixgd10.pdf
06/21/2007 10:11:51 AM : Extracting : D:\DVD Images\2360027-300r12\xtras\ls_sdr.pdf
06/21/2007 10:11:51 AM : Extracting : D:\DVD Images\2360027-300r12\xtras\monitors.pdf
06/21/2007 10:11:54 AM : Extracting : D:\DVD Images\2360027-300r12\xtras\nemoto_dual_shot_alpha_injector_service_manual.pdf
06/21/2007 10:11:55 AM : Extracting : D:\DVD Images\2360027-300r12\xtras\sony_mod.pdf
06/21/2007 10:11:56 AM : Creating Index
06/21/2007 10:11:58 AM :   Total PDF files in all directories : 39
06/21/2007 10:11:58 AM :   Total PDF attachments : 0
06/21/2007 10:11:58 AM :   Total new files : 39
06/21/2007 10:11:58 AM :   Total pages indexed : 463
06/21/2007 10:11:58 AM :   Total number of files skipped : 0
06/21/2007 10:11:58 AM :   Total deleted files : 0
06/21/2007 10:11:58 AM : Index build successful.

12/17/2007 12:53:09 PM : Starting rebuild of Index : F:\2360027 copy for CT DVD Rev 13\xtras\extras.pdx
12/17/2007 12:53:09 PM : Deleting files from current index
12/17/2007 12:53:10 PM : Deleting : F:\2360027 copy for CT DVD Rev 13\xtras\extras\index.idx
12/17/2007 12:53:10 PM : Deleting : F:\2360027 copy for CT DVD Rev 13\xtras\extras\index1.idx
12/17/2007 12:53:10 PM : Searching : F:\2360027 copy for CT DVD Rev 13\xtras\
12/17/2007 12:53:11 PM : Indexing 39 files
12/17/2007 12:53:11 PM : Extracting : F:\2360027 copy for CT DVD Rev 13\xtras\2218879.pdf
12/17/2007 12:53:13 PM : Extracting : F:\2360027 copy for CT DVD Rev 13\xtras\2353645.pdf
12/17/2007 12:53:20 PM : Extracting : F:\2360027 copy for CT DVD Rev 13\xtras\5174892.pdf
12/17/2007 12:53:21 PM : Extracting : F:\2360027 copy for CT DVD Rev 13\xtras\console_matrix.pdf
12/17/2007 12:53:21 PM : Extracting : F:\2360027 copy for CT DVD Rev 13\xtras\gre_ts.pdf
12/17/2007 12:53:23 PM : Extracting : F:\2360027 copy for CT DVD Rev 13\xtras\irixgd10.pdf
12/17/2007 12:53:24 PM : Extracting : F:\2360027 copy for CT DVD Rev 13\xtras\ls_sdr.pdf
12/17/2007 12:53:24 PM : Extracting : F:\2360027 copy for CT DVD Rev 13\xtras\monitors.pdf
12/17/2007 12:53:30 PM : Extracting : F:\2360027 copy for CT DVD Rev 13\xtras\nemoto_dual_shot_alpha_injector_service_manual.pdf
12/17/2007 12:53:32 PM : Extracting : F:\2360027 copy for CT DVD Rev 13\xtras\sony_mod.pdf
12/17/2007 12:53:32 PM : Extracting : F:\2360027 copy for CT DVD Rev 13\xtras\cardiac_ts_guide.pdf
12/17/2007 12:53:32 PM : Extracting : F:\2360027 copy for CT DVD Rev 13\xtras\ctse_e-mails\All CT Products\CT Service Supplies and Kits.pdf
12/17/2007 12:53:32 PM : Extracting : F:\2360027 copy for CT DVD Rev 13\xtras\ctse_e-mails\All CT Products\Table Encoder Cable Interference.pdf
12/17/2007 12:53:32 PM : Extracting : F:\2360027 copy for CT DVD Rev 13\xtras\ctse_e-mails\CTi\Upgrading From Maxoptic To Sony F551 MOD Drive.pdf
12/17/2007 12:53:33 PM : Extracting : F:\2360027 copy for CT DVD Rev 13\xtras\ctse_e-mails\HighSpeed Family (US)\2302508 Brush Block Barrier Height.pdf
12/17/2007 12:53:33 PM : Extracting : F:\2360027 copy for CT DVD Rev 13\xtras\ctse_e-mails\HighSpeed Family (US)\2302508 Brush Block Barrier Thickness.pdf
12/17/2007 12:53:33 PM : Extracting : F:\2360027 copy for CT DVD Rev 13\xtras\ctse_e-mails\HighSpeed Family (US)\Andok C is End Of Life.pdf
12/17/2007 12:53:33 PM : Extracting : F:\2360027 copy for CT DVD Rev 13\xtras\ctse_e-mails\HighSpeed Family (US)\ETC Slip Rings and Brush Replacements.pdf
12/17/2007 12:53:34 PM : Extracting : F:\2360027 copy for CT DVD Rev 13\xtras\ctse_e-mails\HighSpeed Family (US)\Mixing ETC and Schliefring Brush Blocks - Clarification.pdf
12/17/2007 12:53:34 PM : Extracting : F:\2360027 copy for CT DVD Rev 13\xtras\ctse_e-mails\HighSpeed Family (US)\OBC Chassis FRUs For All CTi Gantry Flavors.pdf
12/17/2007 12:53:34 PM : Extracting : F:\2360027 copy for CT DVD Rev 13\xtras\ctse_e-mails\HighSpeed Family (US)\Power Brush Block 2302508 Barrier Height Issue.pdf
12/17/2007 12:53:34 PM : Extracting : F:\2360027 copy for CT DVD Rev 13\xtras\ctse_e-mails\LightSpeed Family\Axial Drive Motor FRU.pdf
12/17/2007 12:53:34 PM : Extracting : F:\2360027 copy for CT DVD Rev 13\xtras\ctse_e-mails\LightSpeed Family\Axial Encoder C-Pulse Set Up Issue.pdf
12/17/2007 12:53:34 PM : Extracting : F:\2360027 copy for CT DVD Rev 13\xtras\ctse_e-mails\LightSpeed Family\Brush Block Guide Pins.pdf
12/17/2007 12:53:35 PM : Extracting : F:\2360027 copy for CT DVD Rev 13\xtras\ctse_e-mails\LightSpeed Family\Brush Block Placement.pdf
12/17/2007 12:53:35 PM : Extracting : F:\2360027 copy for CT DVD Rev 13\xtras\ctse_e-mails\LightSpeed Family\Console De-staged.pdf
12/17/2007 12:53:35 PM : Extracting : F:\2360027 copy for CT DVD Rev 13\xtras\ctse_e-mails\LightSpeed Family\Cradle Drive Solenoid.pdf
12/17/2007 12:53:35 PM : Extracting : F:\2360027 copy for CT DVD Rev 13\xtras\ctse_e-mails\LightSpeed Family\Dark Steel Blue Raceway Part Number.pdf
12/17/2007 12:53:35 PM : Extracting : F:\2360027 copy for CT DVD Rev 13\xtras\ctse_e-mails\LightSpeed Family\Gantry Display ESD Rework.pdf
12/17/2007 12:53:35 PM : Extracting : F:\2360027 copy for CT DVD Rev 13\xtras\ctse_e-mails\LightSpeed Family\Gantry Top Cover Switch Pad Adhesive.pdf
12/17/2007 12:53:35 PM : Extracting : F:\2360027 copy for CT DVD Rev 13\xtras\ctse_e-mails\LightSpeed Family\Hardware and Electrical Repair Kits Available.pdf
12/17/2007 12:53:36 PM : Extracting : F:\2360027 copy for CT DVD Rev 13\xtras\ctse_e-mails\LightSpeed Family\HSDCD Taxi Modem Violation Upgrade Kit.pdf
12/17/2007 12:53:36 PM : Extracting : F:\2360027 copy for CT DVD Rev 13\xtras\ctse_e-mails\LightSpeed Family\LightSpeed Plus Ultra Axial Drive Belt Noise.pdf
12/17/2007 12:53:36 PM : Extracting : F:\2360027 copy for CT DVD Rev 13\xtras\ctse_e-mails\LightSpeed Family\Power Pan Circuit Breaker.pdf
12/17/2007 12:53:37 PM : Extracting : F:\2360027 copy for CT DVD Rev 13\xtras\ctse_e-mails\LightSpeed Family\Proper Signal Brush Placement.pdf
12/17/2007 12:53:37 PM : Extracting : F:\2360027 copy for CT DVD Rev 13\xtras\ctse_e-mails\LightSpeed Family\Reconfig Replaces Characterization Files with Defaults.pdf
12/17/2007 12:53:37 PM : Extracting : F:\2360027 copy for CT DVD Rev 13\xtras\ctse_e-mails\LightSpeed Family\Scan analysis tool does not work.pdf
12/17/2007 12:53:38 PM : Extracting : F:\2360027 copy for CT DVD Rev 13\xtras\ctse_e-mails\LightSpeed Family\Weakly Attached LASER Alignment Light Window.pdf
12/17/2007 12:53:38 PM : Extracting : F:\2360027 copy for CT DVD Rev 13\xtras\ctse_cd-roms.pdf
12/17/2007 12:53:38 PM : Creating Index
12/17/2007 12:53:43 PM :   Total PDF files in all directories : 39
12/17/2007 12:53:43 PM :   Total PDF attachments : 0
12/17/2007 12:53:43 PM :   Total new files : 39
12/17/2007 12:53:43 PM :   Total pages indexed : 463
12/17/2007 12:53:43 PM :   Total number of files skipped : 0
12/17/2007 12:53:43 PM :   Total deleted files : 0
12/17/2007 12:53:43 PM : Index build successful.

04/24/2008 11:37:43 AM : Starting rebuild of Index : F:\2360027 copy for CT DVD Rev 14\xtras\extras.pdx
04/24/2008 11:37:43 AM : Deleting files from current index
04/24/2008 11:37:43 AM : Deleting : F:\2360027 copy for CT DVD Rev 14\xtras\extras\index.idx
04/24/2008 11:37:43 AM : Deleting : F:\2360027 copy for CT DVD Rev 14\xtras\extras\index1.idx
04/24/2008 11:37:43 AM : Searching : F:\2360027 copy for CT DVD Rev 14\xtras\
04/24/2008 11:37:44 AM : Indexing 39 files
04/24/2008 11:37:44 AM : Extracting : F:\2360027 copy for CT DVD Rev 14\xtras\2218879.pdf
04/24/2008 11:37:45 AM : Extracting : F:\2360027 copy for CT DVD Rev 14\xtras\2353645.pdf
04/24/2008 11:37:49 AM : Extracting : F:\2360027 copy for CT DVD Rev 14\xtras\5174892.pdf
04/24/2008 11:37:49 AM : Extracting : F:\2360027 copy for CT DVD Rev 14\xtras\console_matrix.pdf
04/24/2008 11:37:50 AM : Extracting : F:\2360027 copy for CT DVD Rev 14\xtras\gre_ts.pdf
04/24/2008 11:37:50 AM : Extracting : F:\2360027 copy for CT DVD Rev 14\xtras\irixgd10.pdf
04/24/2008 11:37:51 AM : Extracting : F:\2360027 copy for CT DVD Rev 14\xtras\ls_sdr.pdf
04/24/2008 11:37:51 AM : Extracting : F:\2360027 copy for CT DVD Rev 14\xtras\monitors.pdf
04/24/2008 11:37:54 AM : Extracting : F:\2360027 copy for CT DVD Rev 14\xtras\nemoto_dual_shot_alpha_injector_service_manual.pdf
04/24/2008 11:37:55 AM : Extracting : F:\2360027 copy for CT DVD Rev 14\xtras\sony_mod.pdf
04/24/2008 11:37:55 AM : Extracting : F:\2360027 copy for CT DVD Rev 14\xtras\cardiac_ts_guide.pdf
04/24/2008 11:37:55 AM : Extracting : F:\2360027 copy for CT DVD Rev 14\xtras\ctse_cd-roms.pdf
04/24/2008 11:37:55 AM : Extracting : F:\2360027 copy for CT DVD Rev 14\xtras\ctse_e-mails\All CT Products\CT Service Supplies and Kits.pdf
04/24/2008 11:37:56 AM : Extracting : F:\2360027 copy for CT DVD Rev 14\xtras\ctse_e-mails\All CT Products\Table Encoder Cable Interference.pdf
04/24/2008 11:37:56 AM : Extracting : F:\2360027 copy for CT DVD Rev 14\xtras\ctse_e-mails\CTi\Upgrading From Maxoptic To Sony F551 MOD Drive.pdf
04/24/2008 11:37:56 AM : Extracting : F:\2360027 copy for CT DVD Rev 14\xtras\ctse_e-mails\HighSpeed Family (US)\2302508 Brush Block Barrier Height.pdf
04/24/2008 11:37:56 AM : Extracting : F:\2360027 copy for CT DVD Rev 14\xtras\ctse_e-mails\HighSpeed Family (US)\2302508 Brush Block Barrier Thickness.pdf
04/24/2008 11:37:56 AM : Extracting : F:\2360027 copy for CT DVD Rev 14\xtras\ctse_e-mails\HighSpeed Family (US)\Andok C is End Of Life.pdf
04/24/2008 11:37:56 AM : Extracting : F:\2360027 copy for CT DVD Rev 14\xtras\ctse_e-mails\HighSpeed Family (US)\ETC Slip Rings and Brush Replacements.pdf
04/24/2008 11:37:56 AM : Extracting : F:\2360027 copy for CT DVD Rev 14\xtras\ctse_e-mails\HighSpeed Family (US)\Mixing ETC and Schliefring Brush Blocks - Clarification.pdf
04/24/2008 11:37:57 AM : Extracting : F:\2360027 copy for CT DVD Rev 14\xtras\ctse_e-mails\HighSpeed Family (US)\OBC Chassis FRUs For All CTi Gantry Flavors.pdf
04/24/2008 11:37:57 AM : Extracting : F:\2360027 copy for CT DVD Rev 14\xtras\ctse_e-mails\HighSpeed Family (US)\Power Brush Block 2302508 Barrier Height Issue.pdf
04/24/2008 11:37:57 AM : Extracting : F:\2360027 copy for CT DVD Rev 14\xtras\ctse_e-mails\LightSpeed Family\Axial Drive Motor FRU.pdf
04/24/2008 11:37:57 AM : Extracting : F:\2360027 copy for CT DVD Rev 14\xtras\ctse_e-mails\LightSpeed Family\Axial Encoder C-Pulse Set Up Issue.pdf
04/24/2008 11:37:57 AM : Extracting : F:\2360027 copy for CT DVD Rev 14\xtras\ctse_e-mails\LightSpeed Family\Brush Block Guide Pins.pdf
04/24/2008 11:37:57 AM : Extracting : F:\2360027 copy for CT DVD Rev 14\xtras\ctse_e-mails\LightSpeed Family\Brush Block Placement.pdf
04/24/2008 11:37:57 AM : Extracting : F:\2360027 copy for CT DVD Rev 14\xtras\ctse_e-mails\LightSpeed Family\Console De-staged.pdf
04/24/2008 11:37:57 AM : Extracting : F:\2360027 copy for CT DVD Rev 14\xtras\ctse_e-mails\LightSpeed Family\Cradle Drive Solenoid.pdf
04/24/2008 11:37:57 AM : Extracting : F:\2360027 copy for CT DVD Rev 14\xtras\ctse_e-mails\LightSpeed Family\Dark Steel Blue Raceway Part Number.pdf
04/24/2008 11:37:57 AM : Extracting : F:\2360027 copy for CT DVD Rev 14\xtras\ctse_e-mails\LightSpeed Family\Gantry Display ESD Rework.pdf
04/24/2008 11:37:58 AM : Extracting : F:\2360027 copy for CT DVD Rev 14\xtras\ctse_e-mails\LightSpeed Family\Gantry Top Cover Switch Pad Adhesive.pdf
04/24/2008 11:37:58 AM : Extracting : F:\2360027 copy for CT DVD Rev 14\xtras\ctse_e-mails\LightSpeed Family\Hardware and Electrical Repair Kits Available.pdf
04/24/2008 11:37:58 AM : Extracting : F:\2360027 copy for CT DVD Rev 14\xtras\ctse_e-mails\LightSpeed Family\HSDCD Taxi Modem Violation Upgrade Kit.pdf
04/24/2008 11:37:58 AM : Extracting : F:\2360027 copy for CT DVD Rev 14\xtras\ctse_e-mails\LightSpeed Family\LightSpeed Plus Ultra Axial Drive Belt Noise.pdf
04/24/2008 11:37:58 AM : Extracting : F:\2360027 copy for CT DVD Rev 14\xtras\ctse_e-mails\LightSpeed Family\Power Pan Circuit Breaker.pdf
04/24/2008 11:37:58 AM : Extracting : F:\2360027 copy for CT DVD Rev 14\xtras\ctse_e-mails\LightSpeed Family\Proper Signal Brush Placement.pdf
04/24/2008 11:37:59 AM : Extracting : F:\2360027 copy for CT DVD Rev 14\xtras\ctse_e-mails\LightSpeed Family\Reconfig Replaces Characterization Files with Defaults.pdf
04/24/2008 11:37:59 AM : Extracting : F:\2360027 copy for CT DVD Rev 14\xtras\ctse_e-mails\LightSpeed Family\Scan analysis tool does not work.pdf
04/24/2008 11:37:59 AM : Extracting : F:\2360027 copy for CT DVD Rev 14\xtras\ctse_e-mails\LightSpeed Family\Weakly Attached LASER Alignment Light Window.pdf
04/24/2008 11:37:59 AM : Creating Index
04/24/2008 11:38:02 AM :   Total PDF files in all directories : 39
04/24/2008 11:38:02 AM :   Total PDF attachments : 0
04/24/2008 11:38:02 AM :   Total new files : 39
04/24/2008 11:38:02 AM :   Total pages indexed : 463
04/24/2008 11:38:02 AM :   Total number of files skipped : 0
04/24/2008 11:38:02 AM :   Total deleted files : 0
04/24/2008 11:38:02 AM : Index build successful.

12/22/2008 9:24:20 AM : Starting rebuild of Index : F:\2360027_Rev15_(CT-DVD)\xtras\extras.pdx
12/22/2008 9:24:20 AM : Deleting files from current index
12/22/2008 9:24:20 AM : Deleting : F:\2360027_Rev15_(CT-DVD)\xtras\extras\index.idx
12/22/2008 9:24:20 AM : Deleting : F:\2360027_Rev15_(CT-DVD)\xtras\extras\index1.idx
12/22/2008 9:24:20 AM : Searching : F:\2360027_Rev15_(CT-DVD)\xtras\
12/22/2008 9:24:22 AM : Indexing 38 files
12/22/2008 9:24:22 AM : Extracting : F:\2360027_Rev15_(CT-DVD)\xtras\2218879.pdf
12/22/2008 9:24:23 AM : Extracting : F:\2360027_Rev15_(CT-DVD)\xtras\2353645.pdf
12/22/2008 9:24:27 AM : Extracting : F:\2360027_Rev15_(CT-DVD)\xtras\5174892.pdf
12/22/2008 9:24:27 AM : Extracting : F:\2360027_Rev15_(CT-DVD)\xtras\console_matrix.pdf
12/22/2008 9:24:27 AM : Extracting : F:\2360027_Rev15_(CT-DVD)\xtras\gre_ts.pdf
12/22/2008 9:24:28 AM : Extracting : F:\2360027_Rev15_(CT-DVD)\xtras\irixgd10.pdf
12/22/2008 9:24:29 AM : Extracting : F:\2360027_Rev15_(CT-DVD)\xtras\ls_sdr.pdf
12/22/2008 9:24:29 AM : Extracting : F:\2360027_Rev15_(CT-DVD)\xtras\monitors.pdf
12/22/2008 9:24:31 AM : Extracting : F:\2360027_Rev15_(CT-DVD)\xtras\sony_mod.pdf
12/22/2008 9:24:32 AM : Extracting : F:\2360027_Rev15_(CT-DVD)\xtras\cardiac_ts_guide.pdf
12/22/2008 9:24:32 AM : Extracting : F:\2360027_Rev15_(CT-DVD)\xtras\ctse_e-mails\All CT Products\CT Service Supplies and Kits.pdf
12/22/2008 9:24:32 AM : Extracting : F:\2360027_Rev15_(CT-DVD)\xtras\ctse_e-mails\All CT Products\Table Encoder Cable Interference.pdf
12/22/2008 9:24:32 AM : Extracting : F:\2360027_Rev15_(CT-DVD)\xtras\ctse_e-mails\CTi\Upgrading From Maxoptic To Sony F551 MOD Drive.pdf
12/22/2008 9:24:32 AM : Extracting : F:\2360027_Rev15_(CT-DVD)\xtras\ctse_e-mails\HighSpeed Family (US)\2302508 Brush Block Barrier Height.pdf
12/22/2008 9:24:32 AM : Extracting : F:\2360027_Rev15_(CT-DVD)\xtras\ctse_e-mails\HighSpeed Family (US)\2302508 Brush Block Barrier Thickness.pdf
12/22/2008 9:24:32 AM : Extracting : F:\2360027_Rev15_(CT-DVD)\xtras\ctse_e-mails\HighSpeed Family (US)\Andok C is End Of Life.pdf
12/22/2008 9:24:32 AM : Extracting : F:\2360027_Rev15_(CT-DVD)\xtras\ctse_e-mails\HighSpeed Family (US)\ETC Slip Rings and Brush Replacements.pdf
12/22/2008 9:24:32 AM : Extracting : F:\2360027_Rev15_(CT-DVD)\xtras\ctse_e-mails\HighSpeed Family (US)\Mixing ETC and Schliefring Brush Blocks - Clarification.pdf
12/22/2008 9:24:32 AM : Extracting : F:\2360027_Rev15_(CT-DVD)\xtras\ctse_e-mails\HighSpeed Family (US)\OBC Chassis FRUs For All CTi Gantry Flavors.pdf
12/22/2008 9:24:33 AM : Extracting : F:\2360027_Rev15_(CT-DVD)\xtras\ctse_e-mails\HighSpeed Family (US)\Power Brush Block 2302508 Barrier Height Issue.pdf
12/22/2008 9:24:33 AM : Extracting : F:\2360027_Rev15_(CT-DVD)\xtras\ctse_e-mails\LightSpeed Family\Axial Drive Motor FRU.pdf
12/22/2008 9:24:33 AM : Extracting : F:\2360027_Rev15_(CT-DVD)\xtras\ctse_e-mails\LightSpeed Family\Axial Encoder C-Pulse Set Up Issue.pdf
12/22/2008 9:24:33 AM : Extracting : F:\2360027_Rev15_(CT-DVD)\xtras\ctse_e-mails\LightSpeed Family\Brush Block Guide Pins.pdf
12/22/2008 9:24:33 AM : Extracting : F:\2360027_Rev15_(CT-DVD)\xtras\ctse_e-mails\LightSpeed Family\Brush Block Placement.pdf
12/22/2008 9:24:33 AM : Extracting : F:\2360027_Rev15_(CT-DVD)\xtras\ctse_e-mails\LightSpeed Family\Console De-staged.pdf
12/22/2008 9:24:33 AM : Extracting : F:\2360027_Rev15_(CT-DVD)\xtras\ctse_e-mails\LightSpeed Family\Cradle Drive Solenoid.pdf
12/22/2008 9:24:33 AM : Extracting : F:\2360027_Rev15_(CT-DVD)\xtras\ctse_e-mails\LightSpeed Family\Dark Steel Blue Raceway Part Number.pdf
12/22/2008 9:24:33 AM : Extracting : F:\2360027_Rev15_(CT-DVD)\xtras\ctse_e-mails\LightSpeed Family\Gantry Display ESD Rework.pdf
12/22/2008 9:24:33 AM : Extracting : F:\2360027_Rev15_(CT-DVD)\xtras\ctse_e-mails\LightSpeed Family\Gantry Top Cover Switch Pad Adhesive.pdf
12/22/2008 9:24:33 AM : Extracting : F:\2360027_Rev15_(CT-DVD)\xtras\ctse_e-mails\LightSpeed Family\Hardware and Electrical Repair Kits Available.pdf
12/22/2008 9:24:33 AM : Extracting : F:\2360027_Rev15_(CT-DVD)\xtras\ctse_e-mails\LightSpeed Family\HSDCD Taxi Modem Violation Upgrade Kit.pdf
12/22/2008 9:24:34 AM : Extracting : F:\2360027_Rev15_(CT-DVD)\xtras\ctse_e-mails\LightSpeed Family\LightSpeed Plus Ultra Axial Drive Belt Noise.pdf
12/22/2008 9:24:34 AM : Extracting : F:\2360027_Rev15_(CT-DVD)\xtras\ctse_e-mails\LightSpeed Family\Power Pan Circuit Breaker.pdf
12/22/2008 9:24:34 AM : Extracting : F:\2360027_Rev15_(CT-DVD)\xtras\ctse_e-mails\LightSpeed Family\Proper Signal Brush Placement.pdf
12/22/2008 9:24:35 AM : Extracting : F:\2360027_Rev15_(CT-DVD)\xtras\ctse_e-mails\LightSpeed Family\Reconfig Replaces Characterization Files with Defaults.pdf
12/22/2008 9:24:35 AM : Extracting : F:\2360027_Rev15_(CT-DVD)\xtras\ctse_e-mails\LightSpeed Family\Scan analysis tool does not work.pdf
12/22/2008 9:24:35 AM : Extracting : F:\2360027_Rev15_(CT-DVD)\xtras\ctse_e-mails\LightSpeed Family\Weakly Attached LASER Alignment Light Window.pdf
12/22/2008 9:24:35 AM : Extracting : F:\2360027_Rev15_(CT-DVD)\xtras\ctse_cd-roms.pdf
12/22/2008 9:24:35 AM : Creating Index
12/22/2008 9:24:38 AM :   Total PDF files in all directories : 38
12/22/2008 9:24:38 AM :   Total PDF attachments : 0
12/22/2008 9:24:38 AM :   Total new files : 38
12/22/2008 9:24:38 AM :   Total pages indexed : 357
12/22/2008 9:24:38 AM :   Total number of files skipped : 0
12/22/2008 9:24:38 AM :   Total deleted files : 0
12/22/2008 9:24:38 AM : Index build successful.
