08/10/2006 2:51:17 PM : Starting build.
08/10/2006 2:51:18 PM : Searching : D:\web page\2360027\pre_ls\
08/10/2006 2:51:18 PM : Indexing 2 files
08/10/2006 2:51:18 PM : Extracting : D:\web page\2360027\pre_ls\2152922.pdf
08/10/2006 2:52:05 PM : Extracting : D:\web page\2360027\pre_ls\46018316.pdf
08/10/2006 2:52:37 PM : Creating Index
08/10/2006 2:52:42 PM :   Total PDF files in all directories : 2
08/10/2006 2:52:42 PM :   Total new files : 2
08/10/2006 2:52:42 PM :   Total pages indexed : 1226
08/10/2006 2:52:42 PM :   Total number of files skipped : 0
08/10/2006 2:52:42 PM :   Total deleted files : 0
08/10/2006 2:52:42 PM : Index build successful.

12/22/2008 9:22:18 AM : Starting rebuild of Index : F:\2360027_Rev15_(CT-DVD)\pre_ls\pre-ls.pdx
12/22/2008 9:22:18 AM : Deleting files from current index
12/22/2008 9:22:18 AM : Deleting : F:\2360027_Rev15_(CT-DVD)\pre_ls\pre-ls\index.idx
12/22/2008 9:22:18 AM : Deleting : F:\2360027_Rev15_(CT-DVD)\pre_ls\pre-ls\index1.idx
12/22/2008 9:22:18 AM : Searching : F:\2360027_Rev15_(CT-DVD)\pre_ls\
12/22/2008 9:22:19 AM : Indexing 2 files
12/22/2008 9:22:19 AM : Extracting : F:\2360027_Rev15_(CT-DVD)\pre_ls\2152922.pdf
12/22/2008 9:22:51 AM : Extracting : F:\2360027_Rev15_(CT-DVD)\pre_ls\46018316.pdf
12/22/2008 9:23:19 AM : Creating Index
12/22/2008 9:23:28 AM :   Total PDF files in all directories : 2
12/22/2008 9:23:28 AM :   Total PDF attachments : 0
12/22/2008 9:23:28 AM :   Total new files : 2
12/22/2008 9:23:28 AM :   Total pages indexed : 1226
12/22/2008 9:23:28 AM :   Total number of files skipped : 0
12/22/2008 9:23:28 AM :   Total deleted files : 0
12/22/2008 9:23:28 AM : Index build successful.
