03/17/2006 8:40:15 AM : Starting build.
03/17/2006 8:40:15 AM : Searching : D:\web page\2360027\ls_2.x\
03/17/2006 8:40:16 AM : Indexing 16 files
03/17/2006 8:40:16 AM : Extracting : D:\web page\2360027\ls_2.x\2243315.pdf
03/17/2006 8:41:36 AM : Extracting : D:\web page\2360027\ls_2.x\2243316.pdf
03/17/2006 8:43:14 AM : Extracting : D:\web page\2360027\ls_2.x\2243317.pdf
03/17/2006 8:43:39 AM : Extracting : D:\web page\2360027\ls_2.x\2243318.pdf
03/17/2006 8:43:43 AM : Extracting : D:\web page\2360027\ls_2.x\2243321.pdf
03/17/2006 8:43:46 AM : Extracting : D:\web page\2360027\ls_2.x\2243323.pdf
03/17/2006 8:43:54 AM : Extracting : D:\web page\2360027\ls_2.x\2288566.pdf
03/17/2006 8:43:56 AM : Extracting : D:\web page\2360027\ls_2.x\2291842.pdf
03/17/2006 8:43:57 AM : Extracting : D:\web page\2360027\ls_2.x\2300338.pdf
03/17/2006 8:43:58 AM : Extracting : D:\web page\2360027\ls_2.x\2301701.pdf
03/17/2006 8:43:59 AM : Extracting : D:\web page\2360027\ls_2.x\2320359.pdf
03/17/2006 8:43:59 AM : Extracting : D:\web page\2360027\ls_2.x\2335850.pdf
03/17/2006 8:44:02 AM : Extracting : D:\web page\2360027\ls_2.x\2348269.pdf
03/17/2006 8:44:05 AM : Extracting : D:\web page\2360027\ls_2.x\2373637.pdf
03/17/2006 8:44:07 AM : Extracting : D:\web page\2360027\ls_2.x\2394243.pdf
03/17/2006 8:44:09 AM : Extracting : D:\web page\2360027\ls_2.x\5115418.pdf
03/17/2006 8:44:10 AM : Creating Index
03/17/2006 8:44:17 AM :   Total PDF files in all directories : 16
03/17/2006 8:44:17 AM :   Total new files : 16
03/17/2006 8:44:17 AM :   Total pages indexed : 2705
03/17/2006 8:44:17 AM :   Total number of files skipped : 0
03/17/2006 8:44:17 AM :   Total deleted files : 0
03/17/2006 8:44:17 AM : Index build successful.

08/10/2006 2:14:08 PM : Starting rebuild
08/10/2006 2:14:08 PM : Deleting files from current index
08/10/2006 2:14:08 PM : Deleting : D:\web page\2360027\ls_2.x\lightspeed_2x\index.idx
08/10/2006 2:14:08 PM : Deleting : D:\web page\2360027\ls_2.x\lightspeed_2x\index1.idx
08/10/2006 2:14:08 PM : Searching : D:\web page\2360027\ls_2.x\
08/10/2006 2:14:08 PM : Indexing 15 files
08/10/2006 2:14:08 PM : Extracting : D:\web page\2360027\ls_2.x\2243315.pdf
08/10/2006 2:15:24 PM : Extracting : D:\web page\2360027\ls_2.x\2243316.pdf
08/10/2006 2:17:24 PM : Extracting : D:\web page\2360027\ls_2.x\2243317.pdf
08/10/2006 2:17:53 PM : Extracting : D:\web page\2360027\ls_2.x\2243318.pdf
08/10/2006 2:17:58 PM : Extracting : D:\web page\2360027\ls_2.x\2243321.pdf
08/10/2006 2:18:00 PM : Extracting : D:\web page\2360027\ls_2.x\2243323.pdf
08/10/2006 2:18:09 PM : Extracting : D:\web page\2360027\ls_2.x\2288566.pdf
08/10/2006 2:18:11 PM : Extracting : D:\web page\2360027\ls_2.x\2291842.pdf
08/10/2006 2:18:13 PM : Extracting : D:\web page\2360027\ls_2.x\2300338.pdf
08/10/2006 2:18:14 PM : Extracting : D:\web page\2360027\ls_2.x\2301701.pdf
08/10/2006 2:18:15 PM : Extracting : D:\web page\2360027\ls_2.x\2320359.pdf
08/10/2006 2:18:15 PM : Extracting : D:\web page\2360027\ls_2.x\2335850.pdf
08/10/2006 2:18:18 PM : Extracting : D:\web page\2360027\ls_2.x\2348269.pdf
08/10/2006 2:18:22 PM : Extracting : D:\web page\2360027\ls_2.x\2373637.pdf
08/10/2006 2:18:23 PM : Extracting : D:\web page\2360027\ls_2.x\2394243.pdf
08/10/2006 2:18:26 PM : Creating Index
08/10/2006 2:19:12 PM :   Total PDF files in all directories : 15
08/10/2006 2:19:12 PM :   Total new files : 15
08/10/2006 2:19:12 PM :   Total pages indexed : 2681
08/10/2006 2:19:12 PM :   Total number of files skipped : 0
08/10/2006 2:19:12 PM :   Total deleted files : 0
08/10/2006 2:19:12 PM : Index build successful.

12/07/2006 5:33:47 PM : Starting rebuild
12/07/2006 5:33:47 PM : Deleting files from current index
12/07/2006 5:33:47 PM : Deleting : D:\web page\2360027\ls_2.x\lightspeed_2x\index.idx
12/07/2006 5:33:47 PM : Deleting : D:\web page\2360027\ls_2.x\lightspeed_2x\index1.idx
12/07/2006 5:33:47 PM : Searching : D:\web page\2360027\ls_2.x\
12/07/2006 5:33:49 PM : Indexing 15 files
12/07/2006 5:33:49 PM : Extracting : D:\web page\2360027\ls_2.x\2243315.pdf
12/07/2006 5:34:59 PM : Extracting : D:\web page\2360027\ls_2.x\2243316.pdf
12/07/2006 5:36:18 PM : Extracting : D:\web page\2360027\ls_2.x\2243317.pdf
12/07/2006 5:36:46 PM : Extracting : D:\web page\2360027\ls_2.x\2243318.pdf
12/07/2006 5:36:50 PM : Extracting : D:\web page\2360027\ls_2.x\2243321.pdf
12/07/2006 5:36:52 PM : Extracting : D:\web page\2360027\ls_2.x\2243323.pdf
12/07/2006 5:37:00 PM : Extracting : D:\web page\2360027\ls_2.x\2288566.pdf
12/07/2006 5:37:02 PM : Extracting : D:\web page\2360027\ls_2.x\2291842.pdf
12/07/2006 5:37:03 PM : Extracting : D:\web page\2360027\ls_2.x\2300338.pdf
12/07/2006 5:37:04 PM : Extracting : D:\web page\2360027\ls_2.x\2301701.pdf
12/07/2006 5:37:05 PM : Extracting : D:\web page\2360027\ls_2.x\2320359.pdf
12/07/2006 5:37:05 PM : Extracting : D:\web page\2360027\ls_2.x\2335850.pdf
12/07/2006 5:37:07 PM : Extracting : D:\web page\2360027\ls_2.x\2348269.pdf
12/07/2006 5:37:10 PM : Extracting : D:\web page\2360027\ls_2.x\2373637.pdf
12/07/2006 5:37:11 PM : Extracting : D:\web page\2360027\ls_2.x\2394243.pdf
12/07/2006 5:37:14 PM : Creating Index
12/07/2006 5:37:49 PM :   Total PDF files in all directories : 15
12/07/2006 5:37:49 PM :   Total new files : 15
12/07/2006 5:37:49 PM :   Total pages indexed : 2683
12/07/2006 5:37:49 PM :   Total number of files skipped : 0
12/07/2006 5:37:49 PM :   Total deleted files : 0
12/07/2006 5:37:49 PM : Index build successful.

06/21/2007 9:51:02 AM : Starting rebuild of Index : D:\DVD Images\2360027-300r12\ls_2.x\lightspeed_2x.pdx
06/21/2007 9:51:02 AM : Deleting files from current index
06/21/2007 9:51:02 AM : Deleting : D:\DVD Images\2360027-300r12\ls_2.x\lightspeed_2x\index.idx
06/21/2007 9:51:02 AM : Deleting : D:\DVD Images\2360027-300r12\ls_2.x\lightspeed_2x\index1.idx
06/21/2007 9:51:02 AM : Searching : D:\DVD Images\2360027-300r12\ls_2.x\
06/21/2007 9:51:10 AM : Indexing 15 files
06/21/2007 9:51:11 AM : Extracting : D:\DVD Images\2360027-300r12\ls_2.x\2243315.pdf
06/21/2007 9:51:50 AM : Extracting : D:\DVD Images\2360027-300r12\ls_2.x\2243316.pdf
06/21/2007 9:54:13 AM : Extracting : D:\DVD Images\2360027-300r12\ls_2.x\2243317.pdf
06/21/2007 9:54:32 AM : Extracting : D:\DVD Images\2360027-300r12\ls_2.x\2243318.pdf
06/21/2007 9:54:36 AM : Extracting : D:\DVD Images\2360027-300r12\ls_2.x\2243321.pdf
06/21/2007 9:54:37 AM : Extracting : D:\DVD Images\2360027-300r12\ls_2.x\2243323.pdf
06/21/2007 9:54:40 AM : Extracting : D:\DVD Images\2360027-300r12\ls_2.x\2288566.pdf
06/21/2007 9:54:41 AM : Extracting : D:\DVD Images\2360027-300r12\ls_2.x\2291842.pdf
06/21/2007 9:54:42 AM : Extracting : D:\DVD Images\2360027-300r12\ls_2.x\2300338.pdf
06/21/2007 9:54:42 AM : Extracting : D:\DVD Images\2360027-300r12\ls_2.x\2301701.pdf
06/21/2007 9:54:42 AM : Extracting : D:\DVD Images\2360027-300r12\ls_2.x\2320359.pdf
06/21/2007 9:54:43 AM : Extracting : D:\DVD Images\2360027-300r12\ls_2.x\2335850.pdf
06/21/2007 9:54:44 AM : Extracting : D:\DVD Images\2360027-300r12\ls_2.x\2348269.pdf
06/21/2007 9:54:46 AM : Extracting : D:\DVD Images\2360027-300r12\ls_2.x\2373637.pdf
06/21/2007 9:54:46 AM : Extracting : D:\DVD Images\2360027-300r12\ls_2.x\2394243.pdf
06/21/2007 9:54:47 AM : Creating Index
06/21/2007 9:55:23 AM :   Total PDF files in all directories : 15
06/21/2007 9:55:23 AM :   Total PDF attachments : 0
06/21/2007 9:55:23 AM :   Total new files : 15
06/21/2007 9:55:23 AM :   Total pages indexed : 2693
06/21/2007 9:55:23 AM :   Total number of files skipped : 0
06/21/2007 9:55:23 AM :   Total deleted files : 0
06/21/2007 9:55:23 AM : Index build successful.

12/17/2007 12:42:01 PM : Starting rebuild of Index : F:\2360027 copy for CT DVD Rev 13\ls_2.x\lightspeed_2x.pdx
12/17/2007 12:42:01 PM : Deleting files from current index
12/17/2007 12:42:01 PM : Deleting : F:\2360027 copy for CT DVD Rev 13\ls_2.x\lightspeed_2x\index.idx
12/17/2007 12:42:01 PM : Deleting : F:\2360027 copy for CT DVD Rev 13\ls_2.x\lightspeed_2x\index1.idx
12/17/2007 12:42:01 PM : Searching : F:\2360027 copy for CT DVD Rev 13\ls_2.x\
12/17/2007 12:42:06 PM : Indexing 15 files
12/17/2007 12:42:06 PM : Extracting : F:\2360027 copy for CT DVD Rev 13\ls_2.x\2243316.pdf
12/17/2007 12:45:17 PM : Extracting : F:\2360027 copy for CT DVD Rev 13\ls_2.x\2243317.pdf
12/17/2007 12:45:43 PM : Extracting : F:\2360027 copy for CT DVD Rev 13\ls_2.x\2243318.pdf
12/17/2007 12:45:49 PM : Extracting : F:\2360027 copy for CT DVD Rev 13\ls_2.x\2243321.pdf
12/17/2007 12:45:51 PM : Extracting : F:\2360027 copy for CT DVD Rev 13\ls_2.x\2243323.pdf
12/17/2007 12:45:57 PM : Extracting : F:\2360027 copy for CT DVD Rev 13\ls_2.x\2288566.pdf
12/17/2007 12:45:58 PM : Extracting : F:\2360027 copy for CT DVD Rev 13\ls_2.x\2291842.pdf
12/17/2007 12:45:59 PM : Extracting : F:\2360027 copy for CT DVD Rev 13\ls_2.x\2300338.pdf
12/17/2007 12:46:00 PM : Extracting : F:\2360027 copy for CT DVD Rev 13\ls_2.x\2301701.pdf
12/17/2007 12:46:00 PM : Extracting : F:\2360027 copy for CT DVD Rev 13\ls_2.x\2320359.pdf
12/17/2007 12:46:00 PM : Extracting : F:\2360027 copy for CT DVD Rev 13\ls_2.x\2335850.pdf
12/17/2007 12:46:03 PM : Extracting : F:\2360027 copy for CT DVD Rev 13\ls_2.x\2348269.pdf
12/17/2007 12:46:05 PM : Extracting : F:\2360027 copy for CT DVD Rev 13\ls_2.x\2373637.pdf
12/17/2007 12:46:06 PM : Extracting : F:\2360027 copy for CT DVD Rev 13\ls_2.x\2394243.pdf
12/17/2007 12:46:08 PM : Extracting : F:\2360027 copy for CT DVD Rev 13\ls_2.x\2243315.pdf
12/17/2007 12:47:10 PM : Creating Index
12/17/2007 12:47:29 PM :   Total PDF files in all directories : 15
12/17/2007 12:47:29 PM :   Total PDF attachments : 0
12/17/2007 12:47:29 PM :   Total new files : 15
12/17/2007 12:47:29 PM :   Total pages indexed : 2677
12/17/2007 12:47:29 PM :   Total number of files skipped : 0
12/17/2007 12:47:29 PM :   Total deleted files : 0
12/17/2007 12:47:29 PM : Index build successful.

04/24/2008 11:29:24 AM : Starting rebuild of Index : F:\2360027 copy for CT DVD Rev 14\ls_2.x\lightspeed_2x.pdx
04/24/2008 11:29:24 AM : Deleting files from current index
04/24/2008 11:29:24 AM : Deleting : F:\2360027 copy for CT DVD Rev 14\ls_2.x\lightspeed_2x\index.idx
04/24/2008 11:29:24 AM : Deleting : F:\2360027 copy for CT DVD Rev 14\ls_2.x\lightspeed_2x\index1.idx
04/24/2008 11:29:24 AM : Searching : F:\2360027 copy for CT DVD Rev 14\ls_2.x\
04/24/2008 11:29:26 AM : Indexing 18 files
04/24/2008 11:29:26 AM : Extracting : F:\2360027 copy for CT DVD Rev 14\ls_2.x\2243316.pdf
04/24/2008 11:31:23 AM : Extracting : F:\2360027 copy for CT DVD Rev 14\ls_2.x\2243317.pdf
04/24/2008 11:31:40 AM : Extracting : F:\2360027 copy for CT DVD Rev 14\ls_2.x\2243318.pdf
04/24/2008 11:31:43 AM : Extracting : F:\2360027 copy for CT DVD Rev 14\ls_2.x\2243321.pdf
04/24/2008 11:31:44 AM : Extracting : F:\2360027 copy for CT DVD Rev 14\ls_2.x\2243323.pdf
04/24/2008 11:31:48 AM : Extracting : F:\2360027 copy for CT DVD Rev 14\ls_2.x\2288566.pdf
04/24/2008 11:31:49 AM : Extracting : F:\2360027 copy for CT DVD Rev 14\ls_2.x\2291842.pdf
04/24/2008 11:31:49 AM : Extracting : F:\2360027 copy for CT DVD Rev 14\ls_2.x\2300338.pdf
04/24/2008 11:31:50 AM : Extracting : F:\2360027 copy for CT DVD Rev 14\ls_2.x\2301701.pdf
04/24/2008 11:31:50 AM : Extracting : F:\2360027 copy for CT DVD Rev 14\ls_2.x\2320359.pdf
04/24/2008 11:31:50 AM : Extracting : F:\2360027 copy for CT DVD Rev 14\ls_2.x\2335850.pdf
04/24/2008 11:31:52 AM : Extracting : F:\2360027 copy for CT DVD Rev 14\ls_2.x\2348269.pdf
04/24/2008 11:31:53 AM : Extracting : F:\2360027 copy for CT DVD Rev 14\ls_2.x\2373637.pdf
04/24/2008 11:31:54 AM : Extracting : F:\2360027 copy for CT DVD Rev 14\ls_2.x\2394243.pdf
04/24/2008 11:31:55 AM : Extracting : F:\2360027 copy for CT DVD Rev 14\ls_2.x\2243315.pdf
04/24/2008 11:32:35 AM : Extracting : F:\2360027 copy for CT DVD Rev 14\ls_2.x\5266383.pdf
04/24/2008 11:32:42 AM : Extracting : F:\2360027 copy for CT DVD Rev 14\ls_2.x\5266553.pdf
04/24/2008 11:32:52 AM : Extracting : F:\2360027 copy for CT DVD Rev 14\ls_2.x\2380526.pdf
04/24/2008 11:32:53 AM : Creating Index
04/24/2008 11:33:10 AM :   Total PDF files in all directories : 18
04/24/2008 11:33:10 AM :   Total PDF attachments : 0
04/24/2008 11:33:10 AM :   Total new files : 18
04/24/2008 11:33:10 AM :   Total pages indexed : 3162
04/24/2008 11:33:10 AM :   Total number of files skipped : 0
04/24/2008 11:33:10 AM :   Total deleted files : 0
04/24/2008 11:33:10 AM : Index build successful.

12/22/2008 9:15:13 AM : Starting rebuild of Index : F:\2360027_Rev15_(CT-DVD)\ls_2.x\lightspeed_2x.pdx
12/22/2008 9:15:13 AM : Deleting files from current index
12/22/2008 9:15:13 AM : Deleting : F:\2360027_Rev15_(CT-DVD)\ls_2.x\lightspeed_2x\index.idx
12/22/2008 9:15:13 AM : Deleting : F:\2360027_Rev15_(CT-DVD)\ls_2.x\lightspeed_2x\index1.idx
12/22/2008 9:15:13 AM : Searching : F:\2360027_Rev15_(CT-DVD)\ls_2.x\
12/22/2008 9:15:18 AM : Indexing 18 files
12/22/2008 9:15:18 AM : Extracting : F:\2360027_Rev15_(CT-DVD)\ls_2.x\2243316.pdf
12/22/2008 9:17:19 AM : Extracting : F:\2360027_Rev15_(CT-DVD)\ls_2.x\2243317.pdf
12/22/2008 9:17:35 AM : Extracting : F:\2360027_Rev15_(CT-DVD)\ls_2.x\2243318.pdf
12/22/2008 9:17:39 AM : Extracting : F:\2360027_Rev15_(CT-DVD)\ls_2.x\2243321.pdf
12/22/2008 9:17:40 AM : Extracting : F:\2360027_Rev15_(CT-DVD)\ls_2.x\2243323.pdf
12/22/2008 9:17:44 AM : Extracting : F:\2360027_Rev15_(CT-DVD)\ls_2.x\2288566.pdf
12/22/2008 9:17:45 AM : Extracting : F:\2360027_Rev15_(CT-DVD)\ls_2.x\2291842.pdf
12/22/2008 9:17:45 AM : Extracting : F:\2360027_Rev15_(CT-DVD)\ls_2.x\2300338.pdf
12/22/2008 9:17:46 AM : Extracting : F:\2360027_Rev15_(CT-DVD)\ls_2.x\2301701.pdf
12/22/2008 9:17:46 AM : Extracting : F:\2360027_Rev15_(CT-DVD)\ls_2.x\2320359.pdf
12/22/2008 9:17:46 AM : Extracting : F:\2360027_Rev15_(CT-DVD)\ls_2.x\2335850.pdf
12/22/2008 9:17:48 AM : Extracting : F:\2360027_Rev15_(CT-DVD)\ls_2.x\2348269.pdf
12/22/2008 9:17:49 AM : Extracting : F:\2360027_Rev15_(CT-DVD)\ls_2.x\2373637.pdf
12/22/2008 9:17:49 AM : Extracting : F:\2360027_Rev15_(CT-DVD)\ls_2.x\2394243.pdf
12/22/2008 9:17:51 AM : Extracting : F:\2360027_Rev15_(CT-DVD)\ls_2.x\2243315.pdf
12/22/2008 9:18:31 AM : Extracting : F:\2360027_Rev15_(CT-DVD)\ls_2.x\5266383.pdf
12/22/2008 9:18:39 AM : Extracting : F:\2360027_Rev15_(CT-DVD)\ls_2.x\5266553.pdf
12/22/2008 9:18:49 AM : Extracting : F:\2360027_Rev15_(CT-DVD)\ls_2.x\2380526.pdf
12/22/2008 9:18:49 AM : Creating Index
12/22/2008 9:19:08 AM :   Total PDF files in all directories : 18
12/22/2008 9:19:08 AM :   Total PDF attachments : 0
12/22/2008 9:19:08 AM :   Total new files : 18
12/22/2008 9:19:08 AM :   Total pages indexed : 3152
12/22/2008 9:19:08 AM :   Total number of files skipped : 0
12/22/2008 9:19:08 AM :   Total deleted files : 0
12/22/2008 9:19:08 AM : Index build successful.
