01/10/11 14:08:59 create7 D:\Documents and Settings\212042086\dtSearch Post Publishing\5133315-excite 3 web\5133315-3\root\data\Signa_Index
01/10/11 14:08:59 open edit index_i.ix
01/10/11 14:08:59 open failed:  index_i.ix The system cannot find the file specified. (2) (file: index_i.ix)
01/10/11 14:08:59 open replace index_i.ix
01/10/11 14:08:59 open index_i.ix 0
01/10/11 14:08:59 open replace index_k.ix
01/10/11 14:08:59 open index_k.ix 0
01/10/11 14:08:59 open replace index_r.ix
01/10/11 14:08:59 open index_r.ix 0
01/10/11 14:08:59 open replace index_d.ix
01/10/11 14:08:59 open index_d.ix 0
01/10/11 14:08:59 open replace index_di.ix
01/10/11 14:08:59 open index_di.ix 0
01/10/11 14:08:59 open edit index_klh.ix
01/10/11 14:08:59 open failed:  index_klh.ix The system cannot find the file specified. (2) (file: index_klh.ix)
01/10/11 14:08:59 open replace index_klh.ix
01/10/11 14:09:00 open index_klh.ix 0
01/10/11 14:09:00 open replace index_kl.ix
01/10/11 14:09:00 open index_kl.ix 0
01/10/11 14:09:00 commit D:\Documents and Settings\212042086\dtSearch Post Publishing\5133315-excite 3 web\5133315-3\root\data\Signa_Index\index_k_1.ix 65,536
01/10/11 14:09:00 commit D:\Documents and Settings\212042086\dtSearch Post Publishing\5133315-excite 3 web\5133315-3\root\data\Signa_Index\index_d_1.ix 65,536
01/10/11 14:09:00 commit D:\Documents and Settings\212042086\dtSearch Post Publishing\5133315-excite 3 web\5133315-3\root\data\Signa_Index\index_di_1.ix 65,536
01/10/11 14:09:00 commit D:\Documents and Settings\212042086\dtSearch Post Publishing\5133315-excite 3 web\5133315-3\root\data\Signa_Index\index_i_1.ix 675
01/10/11 14:09:00 commit D:\Documents and Settings\212042086\dtSearch Post Publishing\5133315-excite 3 web\5133315-3\root\data\Signa_Index\index_r_1.ix 23
01/10/11 14:09:00 commit D:\Documents and Settings\212042086\dtSearch Post Publishing\5133315-excite 3 web\5133315-3\root\data\Signa_Index\index_kl_1.ix 172,032
01/10/11 14:09:00 commit D:\Documents and Settings\212042086\dtSearch Post Publishing\5133315-excite 3 web\5133315-3\root\data\Signa_Index\index_klh_1.ix 34
01/10/11 14:09:00 directory commit D:\Documents and Settings\212042086\dtSearch Post Publishing\5133315-excite 3 web\5133315-3\root\data\Signa_Index\index_v.ix ok
01/10/11 14:09:00 close
01/10/11 14:09:00 clean
01/10/11 14:09:00 directory unlock
01/10/11 14:09:00 commit D:\Documents and Settings\212042086\dtSearch Post Publishing\5133315-excite 3 web\5133315-3\root\data\Signa_Index ok
01/10/11 14:09:01 clean
01/10/11 14:09:01 directory unlock
01/10/11 14:09:01 open edit D:\Documents and Settings\212042086\dtSearch Post Publishing\5133315-excite 3 web\5133315-3\root\data\Signa_Index
01/10/11 14:09:01 open edit index_k.ix
01/10/11 14:09:01 open index_k.ix 65,536
01/10/11 14:09:01 open append index_r.ix
01/10/11 14:09:01 open index_r.ix 23
01/10/11 14:09:01 open append index_d.ix
01/10/11 14:09:01 open index_d.ix 65,536
01/10/11 14:09:01 open append index_di.ix
01/10/11 14:09:01 open index_di.ix 65,536
01/10/11 14:09:01 open edit index_i.ix
01/10/11 14:09:01 open index_i.ix 675
01/10/11 14:09:01 open edit index_klh.ix
01/10/11 14:09:01 open index_klh.ix 34
01/10/11 14:09:01 open edit-r index_kl.ix
01/10/11 14:09:01 open index_kl.ix 172,032
01/10/11 14:10:14 commit D:\Documents and Settings\212042086\dtSearch Post Publishing\5133315-excite 3 web\5133315-3\root\data\Signa_Index\index_k_2.ix 65,536
01/10/11 14:10:14 commit D:\Documents and Settings\212042086\dtSearch Post Publishing\5133315-excite 3 web\5133315-3\root\data\Signa_Index\index_d_1.ix 2,162,688
01/10/11 14:10:14 commit D:\Documents and Settings\212042086\dtSearch Post Publishing\5133315-excite 3 web\5133315-3\root\data\Signa_Index\index_di_1.ix 65,536
01/10/11 14:10:14 commit D:\Documents and Settings\212042086\dtSearch Post Publishing\5133315-excite 3 web\5133315-3\root\data\Signa_Index\index_i_2.ix 2,172
01/10/11 14:10:15 commit D:\Documents and Settings\212042086\dtSearch Post Publishing\5133315-excite 3 web\5133315-3\root\data\Signa_Index\index_r_1.ix 4,914,841
01/10/11 14:10:15 commit D:\Documents and Settings\212042086\dtSearch Post Publishing\5133315-excite 3 web\5133315-3\root\data\Signa_Index\index_kl_1.ix 2,916,352
01/10/11 14:10:15 commit D:\Documents and Settings\212042086\dtSearch Post Publishing\5133315-excite 3 web\5133315-3\root\data\Signa_Index\index_klh_2.ix 202
01/10/11 14:10:15 directory commit D:\Documents and Settings\212042086\dtSearch Post Publishing\5133315-excite 3 web\5133315-3\root\data\Signa_Index\index_v_1.ix ok
01/10/11 14:10:15 close
01/10/11 14:10:15 clean
01/10/11 14:10:15 directory unlock
01/10/11 14:10:15 rename D:\Documents and Settings\212042086\dtSearch Post Publishing\5133315-excite 3 web\5133315-3\root\data\Signa_Index\index_v_1.ix D:\Documents and Settings\212042086\dtSearch Post Publishing\5133315-excite 3 web\5133315-3\root\data\Signa_Index\index_v.ix ok
01/10/11 14:10:15 commit D:\Documents and Settings\212042086\dtSearch Post Publishing\5133315-excite 3 web\5133315-3\root\data\Signa_Index ok
