03/17/2006 8:32:10 AM : Starting build.
03/17/2006 8:32:10 AM : Searching : D:\web page\2360027\ls_1.x\
03/17/2006 8:32:10 AM : Indexing 15 files
03/17/2006 8:32:11 AM : Extracting : D:\web page\2360027\ls_1.x\2211223.pdf
03/17/2006 8:32:12 AM : Extracting : D:\web page\2360027\ls_1.x\2211225.pdf
03/17/2006 8:32:43 AM : Extracting : D:\web page\2360027\ls_1.x\2211226.pdf
03/17/2006 8:32:49 AM : Extracting : D:\web page\2360027\ls_1.x\2211227.pdf
03/17/2006 8:33:38 AM : Extracting : D:\web page\2360027\ls_1.x\2211228.pdf
03/17/2006 8:33:44 AM : Extracting : D:\web page\2360027\ls_1.x\2240919.pdf
03/17/2006 8:33:45 AM : Extracting : D:\web page\2360027\ls_1.x\2262950.pdf
03/17/2006 8:33:51 AM : Extracting : D:\web page\2360027\ls_1.x\2270001.pdf
03/17/2006 8:33:54 AM : Extracting : D:\web page\2360027\ls_1.x\2282382.pdf
03/17/2006 8:33:58 AM : Extracting : D:\web page\2360027\ls_1.x\2282386.pdf
03/17/2006 8:35:19 AM : Extracting : D:\web page\2360027\ls_1.x\2288552.pdf
03/17/2006 8:35:21 AM : Extracting : D:\web page\2360027\ls_1.x\2299680.pdf
03/17/2006 8:35:25 AM : Extracting : D:\web page\2360027\ls_1.x\2335850.pdf
03/17/2006 8:35:28 AM : Extracting : D:\web page\2360027\ls_1.x\2373637.pdf
03/17/2006 8:35:29 AM : Extracting : D:\web page\2360027\ls_1.x\2394243.pdf
03/17/2006 8:35:32 AM : Creating Index
03/17/2006 8:35:40 AM :   Total PDF files in all directories : 15
03/17/2006 8:35:40 AM :   Total new files : 15
03/17/2006 8:35:40 AM :   Total pages indexed : 2998
03/17/2006 8:35:40 AM :   Total number of files skipped : 0
03/17/2006 8:35:40 AM :   Total deleted files : 0
03/17/2006 8:35:40 AM : Index build successful.

08/10/2006 11:58:13 AM : Starting rebuild
08/10/2006 11:58:13 AM : Deleting files from current index
08/10/2006 11:58:13 AM : Deleting : D:\web page\2360027\ls_1.x\lightspeed_1x\index.idx
08/10/2006 11:58:13 AM : Deleting : D:\web page\2360027\ls_1.x\lightspeed_1x\index1.idx
08/10/2006 11:58:13 AM : Searching : D:\web page\2360027\ls_1.x\
08/10/2006 11:58:14 AM : Indexing 15 files
08/10/2006 11:58:14 AM : Extracting : D:\web page\2360027\ls_1.x\2211223.pdf
08/10/2006 11:58:15 AM : Extracting : D:\web page\2360027\ls_1.x\2211225.pdf
08/10/2006 11:58:52 AM : Extracting : D:\web page\2360027\ls_1.x\2211226.pdf
08/10/2006 11:58:58 AM : Extracting : D:\web page\2360027\ls_1.x\2211227.pdf
08/10/2006 11:59:42 AM : Extracting : D:\web page\2360027\ls_1.x\2211228.pdf
08/10/2006 11:59:47 AM : Extracting : D:\web page\2360027\ls_1.x\2240919.pdf
08/10/2006 11:59:48 AM : Extracting : D:\web page\2360027\ls_1.x\2262950.pdf
08/10/2006 11:59:56 AM : Extracting : D:\web page\2360027\ls_1.x\2270001.pdf
08/10/2006 11:59:58 AM : Extracting : D:\web page\2360027\ls_1.x\2282382.pdf
08/10/2006 12:00:02 PM : Extracting : D:\web page\2360027\ls_1.x\2282386.pdf
08/10/2006 12:01:18 PM : Extracting : D:\web page\2360027\ls_1.x\2288552.pdf
08/10/2006 12:01:21 PM : Extracting : D:\web page\2360027\ls_1.x\2299680.pdf
08/10/2006 12:01:27 PM : Extracting : D:\web page\2360027\ls_1.x\2335850.pdf
08/10/2006 12:01:30 PM : Extracting : D:\web page\2360027\ls_1.x\2373637.pdf
08/10/2006 12:01:31 PM : Extracting : D:\web page\2360027\ls_1.x\2394243.pdf
08/10/2006 12:01:34 PM : Creating Index
08/10/2006 12:01:49 PM :   Total PDF files in all directories : 15
08/10/2006 12:01:49 PM :   Total new files : 15
08/10/2006 12:01:49 PM :   Total pages indexed : 2996
08/10/2006 12:01:49 PM :   Total number of files skipped : 0
08/10/2006 12:01:49 PM :   Total deleted files : 0
08/10/2006 12:01:49 PM : Index build successful.

06/21/2007 9:48:00 AM : Starting rebuild of Index : D:\DVD Images\2360027-300r12\ls_1.x\lightspeed_1x.pdx
06/21/2007 9:48:00 AM : Deleting files from current index
06/21/2007 9:48:00 AM : Deleting : D:\DVD Images\2360027-300r12\ls_1.x\lightspeed_1x\index.idx
06/21/2007 9:48:00 AM : Deleting : D:\DVD Images\2360027-300r12\ls_1.x\lightspeed_1x\index1.idx
06/21/2007 9:48:00 AM : Searching : D:\DVD Images\2360027-300r12\ls_1.x\
06/21/2007 9:48:08 AM : Indexing 15 files
06/21/2007 9:48:08 AM : Extracting : D:\DVD Images\2360027-300r12\ls_1.x\2211223.pdf
06/21/2007 9:48:09 AM : Extracting : D:\DVD Images\2360027-300r12\ls_1.x\2211225.pdf
06/21/2007 9:48:39 AM : Extracting : D:\DVD Images\2360027-300r12\ls_1.x\2211226.pdf
06/21/2007 9:48:42 AM : Extracting : D:\DVD Images\2360027-300r12\ls_1.x\2211227.pdf
06/21/2007 9:49:24 AM : Extracting : D:\DVD Images\2360027-300r12\ls_1.x\2211228.pdf
06/21/2007 9:49:29 AM : Extracting : D:\DVD Images\2360027-300r12\ls_1.x\2240919.pdf
06/21/2007 9:49:29 AM : Extracting : D:\DVD Images\2360027-300r12\ls_1.x\2262950.pdf
06/21/2007 9:49:35 AM : Extracting : D:\DVD Images\2360027-300r12\ls_1.x\2270001.pdf
06/21/2007 9:49:36 AM : Extracting : D:\DVD Images\2360027-300r12\ls_1.x\2282382.pdf
06/21/2007 9:49:38 AM : Extracting : D:\DVD Images\2360027-300r12\ls_1.x\2282386.pdf
06/21/2007 9:50:23 AM : Extracting : D:\DVD Images\2360027-300r12\ls_1.x\2288552.pdf
06/21/2007 9:50:24 AM : Extracting : D:\DVD Images\2360027-300r12\ls_1.x\2299680.pdf
06/21/2007 9:50:27 AM : Extracting : D:\DVD Images\2360027-300r12\ls_1.x\2335850.pdf
06/21/2007 9:50:29 AM : Extracting : D:\DVD Images\2360027-300r12\ls_1.x\2373637.pdf
06/21/2007 9:50:30 AM : Extracting : D:\DVD Images\2360027-300r12\ls_1.x\2394243.pdf
06/21/2007 9:50:31 AM : Creating Index
06/21/2007 9:50:47 AM :   Total PDF files in all directories : 15
06/21/2007 9:50:47 AM :   Total PDF attachments : 0
06/21/2007 9:50:47 AM :   Total new files : 15
06/21/2007 9:50:47 AM :   Total pages indexed : 3012
06/21/2007 9:50:47 AM :   Total number of files skipped : 0
06/21/2007 9:50:47 AM :   Total deleted files : 0
06/21/2007 9:50:47 AM : Index build successful.

04/24/2008 11:22:01 AM : Starting rebuild of Index : F:\2360027 copy for CT DVD Rev 14\ls_1.x\lightspeed_1x.pdx
04/24/2008 11:22:01 AM : Deleting files from current index
04/24/2008 11:22:01 AM : Deleting : F:\2360027 copy for CT DVD Rev 14\ls_1.x\lightspeed_1x\index.idx
04/24/2008 11:22:01 AM : Deleting : F:\2360027 copy for CT DVD Rev 14\ls_1.x\lightspeed_1x\index1.idx
04/24/2008 11:22:01 AM : Searching : F:\2360027 copy for CT DVD Rev 14\ls_1.x\
04/24/2008 11:22:02 AM : Indexing 15 files
04/24/2008 11:22:02 AM : Extracting : F:\2360027 copy for CT DVD Rev 14\ls_1.x\2211223.pdf
04/24/2008 11:22:04 AM : Extracting : F:\2360027 copy for CT DVD Rev 14\ls_1.x\2211225.pdf
04/24/2008 11:22:31 AM : Extracting : F:\2360027 copy for CT DVD Rev 14\ls_1.x\2211226.pdf
04/24/2008 11:22:33 AM : Extracting : F:\2360027 copy for CT DVD Rev 14\ls_1.x\2211227.pdf
04/24/2008 11:23:12 AM : Extracting : F:\2360027 copy for CT DVD Rev 14\ls_1.x\2211228.pdf
04/24/2008 11:23:16 AM : Extracting : F:\2360027 copy for CT DVD Rev 14\ls_1.x\2240919.pdf
04/24/2008 11:23:17 AM : Extracting : F:\2360027 copy for CT DVD Rev 14\ls_1.x\2262950.pdf
04/24/2008 11:23:23 AM : Extracting : F:\2360027 copy for CT DVD Rev 14\ls_1.x\2270001.pdf
04/24/2008 11:23:24 AM : Extracting : F:\2360027 copy for CT DVD Rev 14\ls_1.x\2282382.pdf
04/24/2008 11:23:26 AM : Extracting : F:\2360027 copy for CT DVD Rev 14\ls_1.x\2282386.pdf
04/24/2008 11:24:08 AM : Extracting : F:\2360027 copy for CT DVD Rev 14\ls_1.x\2288552.pdf
04/24/2008 11:24:09 AM : Extracting : F:\2360027 copy for CT DVD Rev 14\ls_1.x\2299680.pdf
04/24/2008 11:24:11 AM : Extracting : F:\2360027 copy for CT DVD Rev 14\ls_1.x\2335850.pdf
04/24/2008 11:24:13 AM : Extracting : F:\2360027 copy for CT DVD Rev 14\ls_1.x\2373637.pdf
04/24/2008 11:24:13 AM : Extracting : F:\2360027 copy for CT DVD Rev 14\ls_1.x\2394243.pdf
04/24/2008 11:24:15 AM : Creating Index
04/24/2008 11:24:32 AM :   Total PDF files in all directories : 15
04/24/2008 11:24:32 AM :   Total PDF attachments : 0
04/24/2008 11:24:32 AM :   Total new files : 15
04/24/2008 11:24:32 AM :   Total pages indexed : 2986
04/24/2008 11:24:32 AM :   Total number of files skipped : 0
04/24/2008 11:24:32 AM :   Total deleted files : 0
04/24/2008 11:24:32 AM : Index build successful.

12/22/2008 9:09:18 AM : Starting rebuild of Index : F:\2360027_Rev15_(CT-DVD)\ls_1.x\lightspeed_1x.pdx
12/22/2008 9:09:18 AM : Deleting files from current index
12/22/2008 9:09:18 AM : Deleting : F:\2360027_Rev15_(CT-DVD)\ls_1.x\lightspeed_1x\index.idx
12/22/2008 9:09:18 AM : Deleting : F:\2360027_Rev15_(CT-DVD)\ls_1.x\lightspeed_1x\index1.idx
12/22/2008 9:09:18 AM : Searching : F:\2360027_Rev15_(CT-DVD)\ls_1.x\
12/22/2008 9:09:22 AM : Indexing 15 files
12/22/2008 9:09:22 AM : Extracting : F:\2360027_Rev15_(CT-DVD)\ls_1.x\2211223.pdf
12/22/2008 9:09:23 AM : Extracting : F:\2360027_Rev15_(CT-DVD)\ls_1.x\2211225.pdf
12/22/2008 9:09:50 AM : Extracting : F:\2360027_Rev15_(CT-DVD)\ls_1.x\2211226.pdf
12/22/2008 9:09:53 AM : Extracting : F:\2360027_Rev15_(CT-DVD)\ls_1.x\2211227.pdf
12/22/2008 9:10:32 AM : Extracting : F:\2360027_Rev15_(CT-DVD)\ls_1.x\2211228.pdf
12/22/2008 9:10:36 AM : Extracting : F:\2360027_Rev15_(CT-DVD)\ls_1.x\2240919.pdf
12/22/2008 9:10:37 AM : Extracting : F:\2360027_Rev15_(CT-DVD)\ls_1.x\2262950.pdf
12/22/2008 9:10:47 AM : Extracting : F:\2360027_Rev15_(CT-DVD)\ls_1.x\2270001.pdf
12/22/2008 9:10:48 AM : Extracting : F:\2360027_Rev15_(CT-DVD)\ls_1.x\2282382.pdf
12/22/2008 9:10:50 AM : Extracting : F:\2360027_Rev15_(CT-DVD)\ls_1.x\2282386.pdf
12/22/2008 9:11:33 AM : Extracting : F:\2360027_Rev15_(CT-DVD)\ls_1.x\2288552.pdf
12/22/2008 9:11:34 AM : Extracting : F:\2360027_Rev15_(CT-DVD)\ls_1.x\2299680.pdf
12/22/2008 9:11:36 AM : Extracting : F:\2360027_Rev15_(CT-DVD)\ls_1.x\2335850.pdf
12/22/2008 9:11:37 AM : Extracting : F:\2360027_Rev15_(CT-DVD)\ls_1.x\2373637.pdf
12/22/2008 9:11:38 AM : Extracting : F:\2360027_Rev15_(CT-DVD)\ls_1.x\2394243.pdf
12/22/2008 9:11:39 AM : Creating Index
12/22/2008 9:11:56 AM :   Total PDF files in all directories : 15
12/22/2008 9:11:56 AM :   Total PDF attachments : 0
12/22/2008 9:11:56 AM :   Total new files : 15
12/22/2008 9:11:56 AM :   Total pages indexed : 2986
12/22/2008 9:11:56 AM :   Total number of files skipped : 0
12/22/2008 9:11:56 AM :   Total deleted files : 0
12/22/2008 9:11:56 AM : Index build successful.
