11/17/10 13:35:16 create7 D:\Documents and Settings\212042086\dtSearch Post Publishing\5440000-HDxt\5440001-3\root\data\Signa_Index
11/17/10 13:35:16 open edit index_i.ix
11/17/10 13:35:16 open failed:  index_i.ix The system cannot find the file specified. (2) (file: index_i.ix)
11/17/10 13:35:16 open replace index_i.ix
11/17/10 13:35:16 open index_i.ix 0
11/17/10 13:35:16 open replace index_k.ix
11/17/10 13:35:16 open index_k.ix 0
11/17/10 13:35:16 open replace index_r.ix
11/17/10 13:35:16 open index_r.ix 0
11/17/10 13:35:16 open replace index_d.ix
11/17/10 13:35:16 open index_d.ix 0
11/17/10 13:35:16 open replace index_di.ix
11/17/10 13:35:16 open index_di.ix 0
11/17/10 13:35:16 open edit index_klh.ix
11/17/10 13:35:16 open failed:  index_klh.ix The system cannot find the file specified. (2) (file: index_klh.ix)
11/17/10 13:35:16 open replace index_klh.ix
11/17/10 13:35:17 open index_klh.ix 0
11/17/10 13:35:17 open replace index_kl.ix
11/17/10 13:35:17 open index_kl.ix 0
11/17/10 13:35:17 commit D:\Documents and Settings\212042086\dtSearch Post Publishing\5440000-HDxt\5440001-3\root\data\Signa_Index\index_k_1.ix 65,536
11/17/10 13:35:17 commit D:\Documents and Settings\212042086\dtSearch Post Publishing\5440000-HDxt\5440001-3\root\data\Signa_Index\index_d_1.ix 65,536
11/17/10 13:35:17 commit D:\Documents and Settings\212042086\dtSearch Post Publishing\5440000-HDxt\5440001-3\root\data\Signa_Index\index_di_1.ix 65,536
11/17/10 13:35:17 commit D:\Documents and Settings\212042086\dtSearch Post Publishing\5440000-HDxt\5440001-3\root\data\Signa_Index\index_i_1.ix 675
11/17/10 13:35:17 commit D:\Documents and Settings\212042086\dtSearch Post Publishing\5440000-HDxt\5440001-3\root\data\Signa_Index\index_r_1.ix 23
11/17/10 13:35:17 commit D:\Documents and Settings\212042086\dtSearch Post Publishing\5440000-HDxt\5440001-3\root\data\Signa_Index\index_kl_1.ix 172,032
11/17/10 13:35:17 commit D:\Documents and Settings\212042086\dtSearch Post Publishing\5440000-HDxt\5440001-3\root\data\Signa_Index\index_klh_1.ix 34
11/17/10 13:35:17 directory commit D:\Documents and Settings\212042086\dtSearch Post Publishing\5440000-HDxt\5440001-3\root\data\Signa_Index\index_v.ix ok
11/17/10 13:35:17 close
11/17/10 13:35:17 clean
11/17/10 13:35:17 directory unlock
11/17/10 13:35:17 commit D:\Documents and Settings\212042086\dtSearch Post Publishing\5440000-HDxt\5440001-3\root\data\Signa_Index ok
11/17/10 13:35:18 clean
11/17/10 13:35:18 directory unlock
11/17/10 13:35:18 open edit D:\Documents and Settings\212042086\dtSearch Post Publishing\5440000-HDxt\5440001-3\root\data\Signa_Index
11/17/10 13:35:18 open edit index_k.ix
11/17/10 13:35:18 open index_k.ix 65,536
11/17/10 13:35:18 open append index_r.ix
11/17/10 13:35:18 open index_r.ix 23
11/17/10 13:35:18 open append index_d.ix
11/17/10 13:35:18 open index_d.ix 65,536
11/17/10 13:35:18 open append index_di.ix
11/17/10 13:35:18 open index_di.ix 65,536
11/17/10 13:35:18 open edit index_i.ix
11/17/10 13:35:18 open index_i.ix 675
11/17/10 13:35:18 open edit index_klh.ix
11/17/10 13:35:18 open index_klh.ix 34
11/17/10 13:35:18 open edit-r index_kl.ix
11/17/10 13:35:18 open index_kl.ix 172,032
11/17/10 13:37:37 commit D:\Documents and Settings\212042086\dtSearch Post Publishing\5440000-HDxt\5440001-3\root\data\Signa_Index\index_k_2.ix 65,536
11/17/10 13:37:37 commit D:\Documents and Settings\212042086\dtSearch Post Publishing\5440000-HDxt\5440001-3\root\data\Signa_Index\index_d_1.ix 1,835,008
11/17/10 13:37:37 commit D:\Documents and Settings\212042086\dtSearch Post Publishing\5440000-HDxt\5440001-3\root\data\Signa_Index\index_di_1.ix 65,536
11/17/10 13:37:37 commit D:\Documents and Settings\212042086\dtSearch Post Publishing\5440000-HDxt\5440001-3\root\data\Signa_Index\index_i_2.ix 2,282
11/17/10 13:37:37 commit D:\Documents and Settings\212042086\dtSearch Post Publishing\5440000-HDxt\5440001-3\root\data\Signa_Index\index_r_1.ix 4,618,713
11/17/10 13:37:37 commit D:\Documents and Settings\212042086\dtSearch Post Publishing\5440000-HDxt\5440001-3\root\data\Signa_Index\index_kl_1.ix 2,686,976
11/17/10 13:37:37 commit D:\Documents and Settings\212042086\dtSearch Post Publishing\5440000-HDxt\5440001-3\root\data\Signa_Index\index_klh_2.ix 202
11/17/10 13:37:37 directory commit D:\Documents and Settings\212042086\dtSearch Post Publishing\5440000-HDxt\5440001-3\root\data\Signa_Index\index_v_1.ix ok
11/17/10 13:37:37 close
11/17/10 13:37:37 clean
11/17/10 13:37:37 directory unlock
11/17/10 13:37:37 rename D:\Documents and Settings\212042086\dtSearch Post Publishing\5440000-HDxt\5440001-3\root\data\Signa_Index\index_v_1.ix D:\Documents and Settings\212042086\dtSearch Post Publishing\5440000-HDxt\5440001-3\root\data\Signa_Index\index_v.ix ok
11/17/10 13:37:37 commit D:\Documents and Settings\212042086\dtSearch Post Publishing\5440000-HDxt\5440001-3\root\data\Signa_Index ok
