101250
101251
101252
101253
101254
101255
101256
101257
101258
101259
101260
101261
101262
101263
101264
101265
101266
101267
101268
101269
101270
101271
101272
101273
101274
101275
101276
101277
101278
101279
101280
101281
101282
101283
101287
101288
101289
101290
101291
101292
101293
101294
101295
101296
101297
101298
101299
101300
101301
101302
101303
101304
102001
102002
102003
102004
102005
102009
102010
102013
102014
102015
102806
102807
102808
102809
102810
102811
102812
102813
102814
102815
102816
102817
102818
102819
102820
102821
102822
102823
102824
102825
102826
102827
102828
102829
102830
102831
102832
102833
102834
102835
102836
102837
102838
102839
102840
102841
102842
102843
102844
102845
102846
102847
102848
102849
102850
102853
102854
102855
102856
102857
102858
102859
102860
102861
102862
102863
102864
102865
102866
102867
102868
102869
102870
102871
102872
102873
102874
102875
102876
102877
102878
102879
102880
102881
102882
102883
102884
102885
102886
102887
102888
102889
102890
102891
102892
102893
102894
102895
102896
102897
102898
102899
102900
102901
102902
102903
102904
102905
102906
102907
102908
102909
102910
102911
102912
102913
102914
102915
102916
102917
102918
102919
102920
102923
102924
102925
102926
102927
102928
102929
102930
102932
102934
102942
102943
102944
102945
102946
102947
102948
102949
102950
102951
102952
102953
102954
102955
102956
102957
102958
102959
102960
102961
102962
102963
102964
102965
102966
102967
102968
102969
102970
102971
102972
2218726
2223849
2223851
2223852
2223853
2223854
2223855
2223856
2223857
2223858
2223859
2223860
2223861
2223862
2223863
2223864
2223865
2223866
2223867
2223868
2223869
2223870
2223871
2223872
2223873
2223874
2223875
2223876
2223877
2223878
2223880
2223881
2223883
2223885
2223886
2224842
2224864
2225470
2225704
2225709
2225710
2225715
2225716
2225717
2225718
2225719
2225720
2225721
2225722
2225723
2225724
2225725
2225726
2225727
2225728
2225729
2225733
2225734
2225739
2225740
2225741
2225742
2225743
2225744
2225745
2225746
2225747
2225748
2225749
2225750
2225751
2225752
2225753
2225754
2225755
2225756
2225757
2225758
2225759
2225760
2225761
2225762
2225763
2225764
2225765
2226158
2238344
2238345
2238346
2238348
2238354
2238355
2238356
2238357
2238358
2238359
2238402
2238410
2238544
2238545
2238546
2238547
2238548
2238549
2238550
2238551
2238552
2238553
2238554
2238555
2238556
2238557
2238558
2238559
2238560
2238561
2238562
2238601
2238602
2238603
2238604
2238605
2238606
2238614
2238744
2238745
2238746
2238747
2238748
2238749
2238750
2238751
2238752
2238753
2238754
2238755
2238800
2238801
2238802
2238803
2238804
2238805
2238806
2238807
2238808
2238809
2238810
2238811
2238812
2238813
2238814
2238815
2238816
2238817
2238818
2238819
2238820
2238821
2238822
2238823
2238824
2238825
2238826
2238827
2238828
2238829
2238830
2239176
2239177
2239180
2239181
2239185
2239188
2239189
2239192
2239193
2239207
2239208
2239209
2239210
2239211
2239212
2239213
2239214
2239215
2239216
2239235
2239236
2239264
2239265
2239266
2239267
2239268
2239269
2239270
2239274
2239275
2239277
2239278
2239279
2239280
2239281
2239282
2239295
2239298
2239299
2239300
2239301
2239302
2239303
2239304
2239305
2239306
2239307
2239308
2239310
2239311
2239312
2239315
2239316
2239318
2239320
2239322
2239324
2239326
2239328
2239330
2239332
2239334
2239336
2239337
2239339
2239341
2239343
2239344
2239345
2239347
2239348
2239349
2239350
2239351
2241513
2241514
2241515
2241516
2241517
2241518
2241519
2241520
2241521
2241522
2241523
2241524
2241528
2241529
2241530
2241531
2241532
2241533
2241537
2241539
2241545
2241546
2241551
2242036
2242037
2242038
2242039
2242040
2242041
2242042
2242043
2242044
2242106
2242107
2242109
2242113
2242115
2242116
2242117
2242118
2242124
2242126
2242127
2242128
2242129
2242130
2242131
2242135
2242235
2242237
2242238
2242239
2242241
2242242
2242243
2242244
2242245
2242246
2242312
2242313
2242921
2244545
2244570
2244571
2244572
2244573
2244606
2244607
2244655
2244700
2244701
2244702
2244703
2244704
2244706
2244707
2244720
2244721
2244722
2244724
2244726
2244800
2244801
2244802
2244803
2244804
2244830
2244841
2244842
2244843
2244845
2244846
2244847
2244848
2244849
2244850
2244851
2244852
2244853
2244854
2244855
2244856
2244857
2244858
2244859
2244860
2244861
2244862
2244863
2244868
2244869
2244870
2244871
2244872
2244873
2244874
2244897
2245000
2245040
2245041
2245042
2245043
2245044
2245045
2245046
2245047
2245048
2245049
2245051
2245052
2245053
2245054
2245055
2245056
2245057
2245058
2245060
2245061
2245062
2245067
2245090
2245091
2245092
2245093
2245094
2245095
2245096
2245097
2245098
2245099
2245100
2245101
2245102
2245104
2245105
2245106
2245107
2245108
2245109
2245110
2245111
2245112
2245113
2245114
2245115
2245116
2245117
2245118
2245119
2245177
2245220
2245221
2245222
2245224
2245225
2245231
2245232
2245233
2245261
2245262
2245263
2245297
2245298
2245299
2245300
2245302
2245306
2245307
2245308
2245309
2246003
2246005
2246007
2246008
2246009
2246010
2246011
2246012
2246013
2246014
2246015
2246016
2246017
2246018
2246019
2246020
2246021
2246022
2246023
2246024
2246025
2246026
2246027
2246028
2246029
2246030
2246031
2246032
2246033
2246034
2246035
2246036
2246037
2246038
2246039
2246040
2246041
2246042
2246043
2246044
2246045
2246050
2246051
2246052
2246054
2246055
2246056
2246057
2246060
2246061
2246064
2246065
2246066
2246067
2246068
2246069
2246070
2246071
2246072
2246073
2246075
2246076
2246200
2246201
2246202
2246203
2246204
2246205
2246206
2246207
2246208
2246209
2246210
2246211
2246212
2246213
2246214
2246215
2246216
2246217
2246218
2246219
2246220
2246221
2246222
2246223
2246224
2246225
2246226
2246227
2246228
2246229
2246230
2246231
2246232
2246233
2246234
2246235
2246236
2246237
2246238
2246239
2246240
2246241
2246242
2246243
2246244
2246245
2246246
2246247
2246248
2246249
2246250
2246251
2246252
2246253
2246254
2246255
2246256
2246257
2246258
2246259
2246260
2246261
2246262
2246263
2246264
2246265
2246266
2246267
2246268
2246269
2246270
2246271
2246272
2246273
2246274
2246275
2246276
2246280
2246300
2246302
2246303
2246304
2246305
2246306
2246307
2246308
2246309
2246310
2246311
2246312
2246313
2246314
2246315
2246316
2246317
2246318
2246319
2246320
2246321
2246322
2246323
2246324
2246325
2246326
2246327
2246328
2246329
2246600
2246601
2246602
2246603
2246604
2246605
2246606
2246607
2246608
2246609
2246610
2246616
2246617
2246618
2246619
2246620
2246621
2246622
2246623
2246624
2246625
2246626
2246627
2246628
2246629
2246630
2246631
2246632
2246633
2246634
2246635
2246800
2246801
2246802
2246803
2246804
2246805
2246806
2246807
2246808
2246809
2246810
2246811
2246812
2246813
2246814
2246815
2246816
2246817
2246830
2246831
2246832
2246833
2246834
2246835
2246836
2246837
2246838
2246839
2246840
2246841
2246842
2246843
2246844
2246845
2246846
2246847
2246848
2246849
2246850
2246851
2246852
2246853
2246854
2246855
2246856
2246857
2246858
2246859
2246860
2246861
2246862
2246863
2246864
2246865
2246866
2246867
2246868
2246869
2246870
2246871
2246872
2246873
2246874
2246875
2246876
2246877
2246878
2247100
2247101
2247102
2247103
2247104
2247105
2247106
2247107
2247108
2247109
2247110
2247111
2247112
2247113
2247114
2247115
2247116
2247117
2247118
2247119
2247120
2247121
2247122
2247123
2247124
2247125
2247126
2247127
2247128
2247129
2247130
2247131
2247132
2247133
2247134
2247135
2247136
2247137
2247140
2247141
2247142
2247143
2247151
2247153
2247154
2247155
2247156
2247157
2247159
2247160
2247161
2247162
2247163
2247164
2247165
2247166
2247167
2247168
2247169
2247170
2247171
2247172
2247300
2247301
2247302
2247303
2247304
2247305
2247306
2247307
2247308
2247309
2247310
2247311
2247312
2247313
2247314
2247315
2247316
2247317
2247318
2247319
2247320
2247321
2247322
2247323
2247324
2247325
2247326
2247327
2247328
2247329
2247330
2247331
2247332
2247333
2247334
2247335
2247336
2247337
2247347
2247348
2247349
2247350
2247351
2247352
2247353
2247354
2247355
2247356
2247357
2247358
2247359
2247360
2247361
2247362
2247363
2247364
2247365
2247366
2247367
2247368
2247369
2247370
2247371
2247372
2247373
2247374
2247375
2247376
2247377
2247378
2247379
2247380
2247381
2247382
2247383
2247384
2247385
2247386
2247387
2247388
2247389
2247390
2247391
2247392
2247393
2247394
2247395
2247604
2247605
2247611
2247613
2247621
2247622
2247625
2247626
2247800
2247801
2247802
2247803
2247804
2247805
2247806
2247807
2247808
2247809
2247810
2247812
2247813
2247814
2247817
2247818
2247819
2247821
2247822
2247823
2247824
2247825
2247826
2247830
2247831
2247832
2247833
2247834
2247835
2247836
2247837
2247859
2248110
2248112
2248113
2248114
2248115
2248116
2248117
2248118
2248119
2248120
2248121
2248123
2248124
2248125
2248126
2248127
2248129
2248131
2248134
2248135
2248136
2248137
2248138
2248139
2248140
2248141
2248142
2248146
2248147
2248151
2248152
2248153
2248154
2248155
2248156
2248157
2248158
2248159
2248160
2248161
2248162
2248163
2248164
2248165
2248168
2248169
2248170
2248171
2248172
2248173
2248174
2248175
2248176
2248177
2248178
2248183
2248184
2248185
2248186
2248187
2248188
2248189
2248190
2248191
2248192
2248193
2248194
2248195
2248196
2248197
2248198
2248199
2248200
2248201
2248207
2248208
2248209
2248210
2248211
2248213
2248214
2248215
2248216
2248217
2248218
2248219
2248221
2248222
2248223
2248226
2248227
2248228
2248233
2248234
2248235
2248236
2248237
2248238
2248239
2248240
2248241
2248246
2248247
2248258
2248259
2248273
2248274
2248275
2248278
2248280
2248287
2248288
2248289
2248321
2248323
2248356
2248495
2248499
2248512
2248513
2248514
2248515
2248516
2248517
2248575
2248579
2248581
2248582
2248584
2248585
2248588
2248589
2248590
2248591
2248592
2248593
2248602
2248615
2248650
2248652
2248654
2248655
2248656
2248661
2248662
2248663
2248664
2248665
2248666
2248667
2248668
2248669
2248670
2248671
2248672
2248673
2248674
2248679
2248680
2248687
2248720
2248721
2248722
2248723
2248754
2248755
2248764
2248765
2248767
2248768
2248773
2248774
2248775
2248780
2248781
2248786
2248787
2248788
2248789
2248790
2248791
2248792
2248793
2248794
2248795
2248796
2248797
2248798
2248799
2248800
2248810
2248811
2248816
2248817
2248818
2248819
2248820
2248821
2248822
2248823
2248824
2248825
2248826
2248827
2248828
2248829
2248830
2248831
2248832
2248833
2248834
2248835
2248836
2248837
2248838
2248839
2248840
2248841
2248842
2248843
2248844
2248845
2248846
2248847
2249101
2249102
2249103
2249104
2249105
2249106
2249107
2249110
2249111
2249112
2249115
2249126
2249129
2249163
2249166
2249167
2249168
2249214
2249215
2249216
2249217
2249218
2249265
2249266
2249267
2249269
2249300
2249301
2249302
2249303
2249304
2249305
2249306
2249309
2249310
2249312
2249313
2249314
2249318
2249319
2249320
2249321
2249322
2249325
2249326
2249327
2249328
2249329
2249330
2249331
2249332
2249333
2249334
2249335
2249337
2249338
2249339
2249340
2249341
2249342
2249343
2249344
2249345
2249346
2249347
2249348
2249349
2249350
2249372
2249377
2249378
2249380
2249424
2249425
2249426
2249430
2249433
2249434
2249435
2249437
2249438
2249440
2249441
2250108
2250109
2250079
2250083
2250082
2250559
2251053
2251060
2251061
2251062
2251760
2251762
2252051
2252052
2252053
2252055
2252056
2252060
2252061
2252062
2252063
2252064
2252102
2252104
2252106
2252109
2252112
2252131
2252132
2252133
2252135
2252136
2252137
2252138
2252139
2252140
2252141
2252142
2252143
2252144
2252145
2252148
2252149
2252150
2252156
2252159
2252160
2252161
2252234
2252238
2252239
2252242
2252243
2252246
2252247
2252249
2252281
2252282
2252283
2252284
2252285
2252286
2252287
2252288
2252289
2252290
2252291
2252293
2252294
2252301
2252302
2252303
2252304
2252305
2252306
2252310
2252311
2252312
2252318
2252331
2252332
2252335
2252336
2252339
2252340
2252341
2252342
2252343
2252344
2252349
2252350
2252351
2252352
2252359
2252360
2252361
2252362
2252363
2252364
2252367
2252368
2252369
2252370
2252371
2252372
2252373
2252374
2252375
2252376
2252377
2252378
2252379
2252380
2252381
2252384
2252385
2252386
2252387
2252388
2252389
2252390
2252391
2252392
2252393
2252450
2252451
2252452
2252453
2252454
2252455
2252456
2252457
2252458
2252459
2252460
2252461
2252462
2252463
2252464
2252465
2252466
2252467
2252468
2252469
2252470
2252471
2252472
2252473
2252474
2252475
2252476
2252477
2252478
2252479
2252480
2252481
2252482
2252483
2252484
2252485
2252486
2252487
2252488
2252489
2252511
2252713
2252719
2252720
2252721
2252722
2252730
2252731
2252732
2252733
2252734
2252735
2252739
2252759
2252773
2252774
2252775
2252776
2253500
2253501
2253502
2253503
2253504
2253505
2253506
2253507
2253508
2253509
2253510
2253511
2253512
2253513
2253514
2253515
2253516
2253517
2253518
2253519
2253520
2253521
2253522
2253550
2253551
2253552
2253553
2253554
2253555
2253556
2253557
2253558
2253559
2253560
2253561
2253562
2253563
2253564
2253565
2253566
2253567
2253568
2253569
2253570
2253571
2253572
2253573
2253574
2253575
2253576
2253577
2253578
2253579
2253580
2253581
2253582
2253583
2253584
2253585
2253586
2253587
2253588
2253589
2253590
2253591
2253592
2253593
2253594
2253595
2253596
2253597
2253598
2253601
2253602
2253603
2253604
2253605
2253606
2253607
2253608
2253609
2253610
2253611
2253612
2253613
2253614
2253615
2253616
2253618
2253619
2253620
2253621
2253622
2253624
2253625
2253629
2253630
2253631
2253632
2253633
2253634
2253635
2253636
2253637
2253638
2253800
2253801
2253802
2253803
2253804
2253805
2253806
2253807
2253808
2253809
2253810
2253811
2253812
2253813
2253814
2253815
2253816
2253817
2253818
2253819
2253820
2253821
2253822
2253823
2253824
2253825
2253826
2253827
2253828
2253829
2253830
2253831
2253832
2253833
2253834
2253835
2253836
2253837
2253838
2253839
2253840
2253841
2253844
2253845
2253846
2253847
2253851
2253852
2253859
2253860
2253861
2253862
2253863
2253864
2253865
2253866
2253867
2253868
2253869
2253870
2254010
2254011
2254012
2254030
2254031
2254053
2254056
2254058
2254150
2254151
2254152
2254153
2254154
2254155
2254156
2254157
2254158
2254159
2254160
2254161
2254162
2254163
2254164
2254165
2254166
2254167
2254168
2254169
2254170
2254171
2254172
2254173
2254174
2254175
2254176
2254179
2254180
2254181
2254182
2254183
2254184
2254185
2254201
2254204
2254205
2254206
2254207
2254208
2254209
2254210
2254211
2254212
2254213
2254214
2254215
2254216
2254227
2254228
2254229
2254230
2254231
2254232
2254233
2254234
2254235
2254236
2254237
2254238
2254239
2254240
2254241
2254242
2254243
2254244
2254245
2254246
2254247
2254248
2254249
2254250
2254251
2254252
2254253
2254254
2254255
2254256
2254257
2254258
2254259
2254260
2254261
2254262
2254263
2254264
2254265
2254266
2254267
2254268
2254269
2254270
2254271
2254272
2254273
2254274
2254275
2254276
2254277
2254278
2254279
2254280
2254281
2254282
2254283
2254363
2254364
2254365
2254366
2254367
2254368
2254369
2254370
2254371
2254372
2254373
2254374
2254375
2254376
2254377
2254378
2254379
2254380
2254381
2254382
2254383
2254384
2254385
2254386
2254387
2254388
2254389
2254390
2254391
2254392
2254393
2254394
2254402
2254403
2254404
2254405
2254406
2254407
2254408
2254409
2254410
2254412
2254417
2254451
2254452
2254453
2254456
2254459
2254460
2254461
2254462
2254463
2254464
2254466
2254573
2254574
2254575
2254576
2254577
2254582
2254583
2254584
2254628
2254640
2254641
2254642
2254643
2254644
2254645
2254646
2254647
2254648
2254649
2254650
2254651
2254652
2254653
2254654
2254655
2254656
2254657
2254658
2254659
2254660
2254661
2254683
2254690
2254698
2254700
2254701
2254702
2254703
2254704
2254705
2254706
2254707
2254708
2254709
2254710
2254752
2254753
2254768
2254771
2254772
2254780
2254781
2254782
2254783
2254786
2254790
2254791
2254792
2254793
2254794
2255072
2255073
2255074
2255075
2255076
2255077
2255078
2255081
2255082
2255083
2255084
2255085
2255086
2255087
2255088
2256205
2257250
2257251
2257257
2257258
2257259
2257261
2257262
2257263
2257265
2257266
2257267
2257268
2257269
2257270
2257271
2257273
2257274
2257275
2257276
2257277
2257278
2257296
2257297
2257298
2261008
2261009
2261010
2261011
2261030
2261031
2261032
2261033
2261034
2261035
2261036
2261037
2261038
2261039
2261040
2261041
2261042
2261043
2261044
2261045
2261046
2261047
2261048
2261049
2261174
2261175
2261176
2261180
2261184
2261185
2261186
2261230
2261231
2261232
2261233
2261234
2261237
2261238
2261239
2261240
2261257
2261258
2261259
2261264
2261265
2261552
2261684
2261700
2261701
2261702
2261703
2261704
2261705
2261706
2261707
2261708
2261709
2261710
2261711
2261712
2261713
2261714
2261715
2261716
2261717
2261718
2261719
2261720
2261721
2261722
2261723
2261724
2261725
2261726
2261727
2261728
2261729
2261730
2261731
2261732
2261733
2261734
2261735
2261736
2261738
2261900
2262133
2262134
2262135
2262136
2262137
2262138
2262139
2262140
2262141
2262142
2262601
2262602
2262603
2262604
2262605
2262606
2262850
2262851
2262875
2262876
2262877
2262878
2262879
2262880
2262901
2262902
2262903
2262904
2262905
2262906
2262960
2263077
2266401
2266402
2266403
2266404
2266405
2266406
2266407
2266408
2266409
2266410
2266411
2266412
2266413
2266414
2266415
2266416
2266418
2266419
2266420
2266421
2266422
2266423
2266424
2267400
2267401
2267402
2267403
2267404
2267405
2267406
2267407
2267408
2267409
2267410
2267411
2267412
2267413
2267414
2267415
2267416
2267417
2267421
2267422
2267423
2267424
2267425
2267426
2267427
2267428
2267429
2267430
2267431
2267432
2267433
2267434
2267435
2267436
2267437
2267438
2267439
2267440
2267442
2267443
2267444
2267445
2267446
2267447
2267448
2267500
2267501
2267502
2267503
2267504
2267505
2267506
2267507
2267508
2267509
2267510
2267511
2267512
2267513
2267514
2267515
2267518
2267519
2267520
2267521
2267522
2267523
2267550
2267551
2267552
2267553
2267554
2267555
2267556
2267557
2267558
2267559
2267560
2267561
2267562
2267563
2267564
2267565
2267566
2267567
2267568
2267569
2267570
2267571
2267572
2267573
2267574
2267575
2267576
2267577
2267578
2267579
2267580
2267581
2267582
2267583
2267585
2267586
2267587
2267588
2267589
2267590
2267591
2267592
2267593
2267594
2267595
2267597
2267598
2267599
2267600
2267601
2267602
2267603
2267604
2267605
2267606
2267607
2267608
2267609
2267610
2267611
2267612
2267613
2267614
2267615
2267616
2267617
2267618
2267619
2267620
2267621
2267622
2267623
2267624
2267625
2267626
2267627
2267628
2267629
2267630
2267631
2267632
2267633
2267634
2267635
2267636
2267637
2267638
2267639
2267640
2267641
2267642
2267643
2267644
2267645
2267646
2267712
2267728
2267730
2267731
2267732
2267733
2267734
2267735
2267736
2267737
2267738
2267739
2267740
2267741
2267754
2267755
2267768
2267769
2267770
2267771
2267772
2267773
2267774
2267775
2267776
2267777
2267778
2267779
2267780
2267781
2267789
2267790
2267791
2267792
2267793
2267794
2267795
2267796
2267797
2267798
2267799
2267800
2267801
2267802
2267803
2267804
2267805
2267806
2267807
2267808
2267809
2267810
2267811
2267812
2267813
2267814
2267815
2267818
2267825
2267833
2267835
2267836
2267837
2267838
2267840
2267841
2267842
2267843
2267846
2267848
2267849
2267853
2267854
2267857
2267858
2267859
2267860
2267861
2267862
2267863
2267864
2267865
2267866
2267867
2267868
2267869
2267870
2267871
2267872
2267873
2267874
2267875
2267876
2267877
2267878
2267879
2267880
2267881
2267882
2267883
2267884
2267885
2267886
2267887
2267888
2267889
2267892
2267893
2267894
2267895
2267896
2267897
2267898
2267899
2267900
2267901
2267902
2267903
2267906
2267919
2267920
2267921
2267923
2267924
2267937
2267938
2267939
2267940
2267941
2267942
2267943
2267944
2267945
2267946
2267947
2267948
2267949
2267950
2267951
2267952
2267953
2267954
2267955
2267956
2267957
2267958
2267959
2267960
2267961
2268202
2268203
2268204
2268205
2268206
2268207
2268208
2268209
2268211
2268212
2268213
2268214
2268215
2268216
2268217
2268219
2268221
2268222
2268223
2268224
2268225
2268226
2268801
2268818
2268821
2268822
2268832
2268833
2268834
2268835
2268843
2268844
2268846
2268855
2268856
2268857
2268871
2268873
2268874
2268878
2268879
2268884
2268885
2268896
2268900
2268901
2268904
2268905
2268909
2268910
2268911
2268912
2268913
2268914
2268916
2268917
2268918
2268919
2268920
2268923
2268924
2268925
2268928
2268929
2268931
2268932
2268933
2268937
2268938
2268939
2268940
2269000
2269001
2269006
2269007
2269008
2269009
2269010
2269011
2269012
2269013
2269014
2269015
2269016
2269017
2269018
2269019
2269020
2269021
2269022
2269023
2269024
2269025
2269026
2269027
2269028
2269029
2269030
2269031
2269032
2269049
2269050
2269051
2269052
2269053
2269054
2269055
2269056
2269057
2269058
2269059
2269060
2269061
2269062
2269063
2269064
2269065
2269066
2269067
2269068
2269069
2269070
2269071
2269072
2269073
2269074
2269075
2269076
2269077
2269078
2269079
2269080
2269081
2269082
2269083
2269084
2269086
2269087
2269088
2269089
2269090
2269091
2269092
2269093
2269094
2269095
2269096
2269097
2269098
2269099
2269100
2269101
2269102
2269103
2269104
2269105
2269106
2269107
2269108
2269109
2269110
2269111
2269112
2269113
2269114
2269115
2269116
2269117
2269118
2269119
2269120
2269121
2269122
2269123
2269124
2269125
2269126
2269127
2269128
2269129
2269130
2269131
2269132
2269133
2269134
2269135
2269136
2269137
2269138
2269139
2269140
2269141
2269142
2269143
2269250
2269251
2269252
2269253
2269254
2269255
2269256
2269257
2269258
2269307
2269308
2269311
2269315
2269316
2269317
2269323
2269336
2269361
2269369
2269405
2269436
2270006
2270016
2270023
2270024
2270027
2270028
2270029
2270030
2270031
2270032
2270033
2270035
2270036
2270037
2270038
2270039
2270041
2270042
2270043
2270044
2270045
2270046
2270047
2270048
2270049
2270050
2270051
2270052
2270053
2270054
2270055
2270056
2270057
2270059
2272600
2272601
2272602
2272603
2272604
2272605
2272606
2272607
2272608
2272609
2272610
2272611
2272612
2272613
2272614
2272615
2272616
2272619
2272620
2272800
2273000
2273001
2273002
2273003
2273004
2273005
2273006
2273007
2273008
2273009
2273010
2273011
2273012
2273013
2273014
2273015
2273016
2273017
2273018
2273019
2273020
2273021
2273022
2273023
2273024
2273025
2273026
2273027
2273028
2273029
2273200
2273201
2273202
2273203
2273204
2273205
2273206
2273207
2273208
2273209
2273210
2273211
2273212
2273213
2273214
2273215
2273216
2273217
2273218
2273219
2273220
2273221
2273222
2273223
2273224
2273225
2273226
2273227
2273228
2273229
2273230
2273231
2273232
2273233
2273234
2273235
2273500
2273502
2273527
2273528
2273529
2273530
2273531
2273532
2273533
2273534
2273535
2273536
2273537
2273538
2273539
2273540
2273541
2273542
2273543
2273544
2273545
2273546
2273547
2273548
2273549
2273550
2273551
2273552
2273553
2273554
2273555
2273556
2273557
2273558
2273559
2273560
2273561
2273562
2273563
2273564
2273565
2273566
2273567
2273802
2273803
2273804
2273805
2273806
2273807
2273808
2273809
2273810
2273811
2273812
2273813
2273814
2273815
2273816
2273817
2273818
2273819
2273821
2273822
2273823
2273824
2273825
2273827
2273828
2273831
2273832
2273833
2273834
2273835
2273836
2273837
2273838
2273839
2274000
2274001
2274003
2274005
2274006
2274007
2274008
2274009
2274010
2274011
2274012
2274013
2274014
2274015
2274016
2274017
2274018
2274019
2274020
2274021
2274022
2274023
2274024
2274025
2274026
2274027
2274028
2274029
2274030
2274031
2274032
2274033
2274034
2274035
2274036
2274037
2274038
2274039
2274040
2274041
2274042
2274043
2274045
2274046
2274047
2274048
2274049
2274050
2274051
2274052
2274053
2274054
2274055
2274056
2274057
2274058
2274059
2274060
2274061
2274200
2274201
2274202
2274203
2274204
2274515
2274516
2274517
2274518
2274519
2274522
2274523
2274525
2274526
2274527
2274528
2274529
2274530
2274531
2274535
2274537
2274539
2274540
2274541
2274542
2274543
2274545
2274546
2274800
2274801
2274802
2274803
2274804
2274805
2274806
2274807
2274808
2274809
2274810
2274811
2274812
2274813
2274814
2274815
2274816
2274817
2274818
2274819
2274820
2274821
2274822
2274823
2274824
2274825
2274826
2274827
2274828
2274829
2274830
2274831
2274832
2274833
2274834
2274835
2274836
2274837
2274838
2274839
2274840
2274841
2274842
2274843
2274844
2274845
2274846
2274847
2274848
2274849
2274850
2274851
2274852
2274853
2274900
2274901
2274902
2274904
2274905
2274906
2274907
2274908
2274909
2274910
2274911
2274912
2274913
2274914
2274915
2274916
2274917
2274918
2274919
2274920
2274921
2274922
2274923
2274924
2274925
2274926
2274927
2274928
2274930
2274931
2274932
2274933
2275200
2275201
2275202
2275203
2275204
2275205
2275206
2275207
2275208
2275209
2275210
2275211
2275212
2275213
2275214
2275215
2275217
2275218
2275219
2275220
2275221
2275222
2275224
2275300
2275301
2275302
2275303
2275304
2275305
2275306
2275307
2275308
2275329
2275330
2275600
2275602
2275610
2275611
2275612
2275613
2275614
2275615
2275616
2275617
2275618
2275619
2275620
2275621
2275622
2275623
2275624
2275625
2275626
2275627
2275662
2275700
2275701
2275702
2275703
2275704
2275705
2275706
2275707
2275708
2275709
2275710
2275711
2275712
2275713
2275714
2275715
2275716
2275717
2275718
2275719
2275720
2275721
2275722
2275723
2276105
2276106
2276107
2276108
2276109
2276110
2276111
2276112
2276113
2276114
2276115
2276116
2276117
2276118
2276119
2276120
2276121
2276122
2276123
2276124
2276125
2276126
2276127
2276128
2276129
2276130
2276131
2276132
2276133
2276505
2276507
2276508
2276509
2276600
2276601
2276602
2276604
2276605
2276606
2276607
2276608
2276610
2276611
2276612
2276613
2276614
2276615
2276616
2276617
2276618
2276619
2276622
2276623
2276625
2276626
2276627
2276628
2276629
2276630
2276631
2276632
2276633
2276634
2276635
2276636
2276637
2276638
2276639
2276640
2276641
2276642
2276643
2276644
2276645
2276646
2276647
2276648
2276649
2276800
2276801
2276802
2276803
2276804
2276805
2276806
2276807
2276850
2276851
2276852
2276853
2276854
2276855
2276856
2276857
2276858
2276859
2276860
2276861
2276862
2276863
2276864
2276865
2276866
2276867
2276868
2276869
2276870
2276871
2276872
2276873
2277650
2277651
2277652
2277653
2277654
2277655
2277656
2277657
2277658
2277659
2277660
2277662
2277663
2277664
2277665
2277666
2277667
2277668
2277669
2277670
2277671
2277672
2277673
2277674
2277675
2277676
2277677
