03/17/2006 8:52:30 AM : Starting build.
03/17/2006 8:52:30 AM : Searching : D:\web page\2360027\pdf\
03/17/2006 8:52:33 AM : Indexing 43 files
03/17/2006 8:52:33 AM : Extracting : D:\web page\2360027\pdf\2211224.pdf
03/17/2006 8:52:40 AM : Extracting : D:\web page\2360027\pdf\2224901.pdf
03/17/2006 8:52:43 AM : Extracting : D:\web page\2360027\pdf\2296447.pdf
03/17/2006 8:52:46 AM : Extracting : D:\web page\2360027\pdf\2301052.pdf
03/17/2006 8:52:50 AM : Extracting : D:\web page\2360027\pdf\2318669.pdf
03/17/2006 8:52:54 AM : Extracting : D:\web page\2360027\pdf\2319916.pdf
03/17/2006 8:52:55 AM : Extracting : D:\web page\2360027\pdf\2321165.pdf
03/17/2006 8:52:55 AM : Extracting : D:\web page\2360027\pdf\2328773.pdf
03/17/2006 8:52:56 AM : Extracting : D:\web page\2360027\pdf\2330577.pdf
03/17/2006 8:52:58 AM : Extracting : D:\web page\2360027\pdf\2337856.pdf
03/17/2006 8:52:58 AM : Extracting : D:\web page\2360027\pdf\2339144.pdf
03/17/2006 8:52:59 AM : Extracting : D:\web page\2360027\pdf\2341964.pdf
03/17/2006 8:53:01 AM : Extracting : D:\web page\2360027\pdf\2344099.pdf
03/17/2006 8:53:01 AM : Extracting : D:\web page\2360027\pdf\2344406.pdf
03/17/2006 8:53:02 AM : Extracting : D:\web page\2360027\pdf\2344544.pdf
03/17/2006 8:53:03 AM : Extracting : D:\web page\2360027\pdf\2345629.pdf
03/17/2006 8:53:05 AM : Extracting : D:\web page\2360027\pdf\2346035.pdf
03/17/2006 8:53:05 AM : Extracting : D:\web page\2360027\pdf\2349189.pdf
03/17/2006 8:53:07 AM : Extracting : D:\web page\2360027\pdf\2349192.pdf
03/17/2006 8:53:09 AM : Extracting : D:\web page\2360027\pdf\2352788.pdf
03/17/2006 8:53:10 AM : Extracting : D:\web page\2360027\pdf\2352974.pdf
03/17/2006 8:53:12 AM : Extracting : D:\web page\2360027\pdf\2358586.pdf
03/17/2006 8:53:13 AM : Extracting : D:\web page\2360027\pdf\2363105.pdf
03/17/2006 8:53:13 AM : Extracting : D:\web page\2360027\pdf\2364639.pdf
03/17/2006 8:53:18 AM : Extracting : D:\web page\2360027\pdf\2369571.pdf
03/17/2006 8:53:18 AM : Extracting : D:\web page\2360027\pdf\2370773.pdf
03/17/2006 8:53:21 AM : Extracting : D:\web page\2360027\pdf\2374900.pdf
03/17/2006 8:53:21 AM : Extracting : D:\web page\2360027\pdf\2376955.pdf
03/17/2006 8:53:21 AM : Extracting : D:\web page\2360027\pdf\2378262.pdf
03/17/2006 8:53:22 AM : Extracting : D:\web page\2360027\pdf\2380526.pdf
03/17/2006 8:53:24 AM : Extracting : D:\web page\2360027\pdf\2380690.pdf
03/17/2006 8:53:26 AM : Extracting : D:\web page\2360027\pdf\2385487.pdf
03/17/2006 8:53:27 AM : Extracting : D:\web page\2360027\pdf\2388683.pdf
03/17/2006 8:53:28 AM : Extracting : D:\web page\2360027\pdf\2390072.pdf
03/17/2006 8:53:31 AM : Extracting : D:\web page\2360027\pdf\2395230.pdf
03/17/2006 8:53:33 AM : Extracting : D:\web page\2360027\pdf\2398744.pdf
03/17/2006 8:53:34 AM : Extracting : D:\web page\2360027\pdf\2407441.pdf
03/17/2006 8:53:35 AM : Extracting : D:\web page\2360027\pdf\5112237.pdf
03/17/2006 8:53:38 AM : Extracting : D:\web page\2360027\pdf\5114494.pdf
03/17/2006 8:53:39 AM : Extracting : D:\web page\2360027\pdf\5115418.pdf
03/17/2006 8:53:41 AM : Extracting : D:\web page\2360027\pdf\5133397.pdf
03/17/2006 8:53:45 AM : Extracting : D:\web page\2360027\pdf\5159067.pdf
03/17/2006 8:53:55 AM : Extracting : D:\web page\2360027\pdf\5168904.pdf
03/17/2006 8:54:06 AM : Creating Index
03/17/2006 8:54:10 AM :   Total PDF files in all directories : 43
03/17/2006 8:54:10 AM :   Total new files : 43
03/17/2006 8:54:10 AM :   Total pages indexed : 1612
03/17/2006 8:54:10 AM :   Total number of files skipped : 0
03/17/2006 8:54:10 AM :   Total deleted files : 0
03/17/2006 8:54:10 AM : Index build successful.

08/10/2006 9:22:44 AM : Starting rebuild
08/10/2006 9:22:44 AM : Deleting files from current index
08/10/2006 9:22:44 AM : Deleting : D:\web page\2360027\pdf\misc_pdfs\index.idx
08/10/2006 9:22:44 AM : Deleting : D:\web page\2360027\pdf\misc_pdfs\index1.idx
08/10/2006 9:22:44 AM : Searching : D:\web page\2360027\pdf\
08/10/2006 9:22:45 AM : Indexing 42 files
08/10/2006 9:22:45 AM : Extracting : D:\web page\2360027\pdf\2211224.pdf
08/10/2006 9:22:52 AM : Extracting : D:\web page\2360027\pdf\2224901.pdf
08/10/2006 9:22:54 AM : Extracting : D:\web page\2360027\pdf\2296447.pdf
08/10/2006 9:22:57 AM : Extracting : D:\web page\2360027\pdf\2301052.pdf
08/10/2006 9:23:01 AM : Extracting : D:\web page\2360027\pdf\2318669.pdf
08/10/2006 9:23:04 AM : Extracting : D:\web page\2360027\pdf\2319916.pdf
08/10/2006 9:23:05 AM : Extracting : D:\web page\2360027\pdf\2321165.pdf
08/10/2006 9:23:06 AM : Extracting : D:\web page\2360027\pdf\2328773.pdf
08/10/2006 9:23:07 AM : Extracting : D:\web page\2360027\pdf\2330577.pdf
08/10/2006 9:23:08 AM : Extracting : D:\web page\2360027\pdf\2337856.pdf
08/10/2006 9:23:09 AM : Extracting : D:\web page\2360027\pdf\2339144.pdf
08/10/2006 9:23:09 AM : Extracting : D:\web page\2360027\pdf\2341964.pdf
08/10/2006 9:23:11 AM : Extracting : D:\web page\2360027\pdf\2344099.pdf
08/10/2006 9:23:12 AM : Extracting : D:\web page\2360027\pdf\2344406.pdf
08/10/2006 9:23:12 AM : Extracting : D:\web page\2360027\pdf\2344544.pdf
08/10/2006 9:23:13 AM : Extracting : D:\web page\2360027\pdf\2345629.pdf
08/10/2006 9:23:16 AM : Extracting : D:\web page\2360027\pdf\2346035.pdf
08/10/2006 9:23:16 AM : Extracting : D:\web page\2360027\pdf\2349189.pdf
08/10/2006 9:23:18 AM : Extracting : D:\web page\2360027\pdf\2349192.pdf
08/10/2006 9:23:20 AM : Extracting : D:\web page\2360027\pdf\2352788.pdf
08/10/2006 9:23:20 AM : Extracting : D:\web page\2360027\pdf\2352974.pdf
08/10/2006 9:23:22 AM : Extracting : D:\web page\2360027\pdf\2358586.pdf
08/10/2006 9:23:23 AM : Extracting : D:\web page\2360027\pdf\2363105.pdf
08/10/2006 9:23:23 AM : Extracting : D:\web page\2360027\pdf\2364639.pdf
08/10/2006 9:23:27 AM : Extracting : D:\web page\2360027\pdf\2369571.pdf
08/10/2006 9:23:28 AM : Extracting : D:\web page\2360027\pdf\2370773.pdf
08/10/2006 9:23:30 AM : Extracting : D:\web page\2360027\pdf\2374900.pdf
08/10/2006 9:23:30 AM : Extracting : D:\web page\2360027\pdf\2376955.pdf
08/10/2006 9:23:30 AM : Extracting : D:\web page\2360027\pdf\2378262.pdf
08/10/2006 9:23:31 AM : Extracting : D:\web page\2360027\pdf\2380690.pdf
08/10/2006 9:23:33 AM : Extracting : D:\web page\2360027\pdf\2385487.pdf
08/10/2006 9:23:34 AM : Extracting : D:\web page\2360027\pdf\2388683.pdf
08/10/2006 9:23:36 AM : Extracting : D:\web page\2360027\pdf\2390072.pdf
08/10/2006 9:23:39 AM : Extracting : D:\web page\2360027\pdf\2395230.pdf
08/10/2006 9:23:41 AM : Extracting : D:\web page\2360027\pdf\2398744.pdf
08/10/2006 9:23:41 AM : Extracting : D:\web page\2360027\pdf\2407441.pdf
08/10/2006 9:23:42 AM : Extracting : D:\web page\2360027\pdf\5112237.pdf
08/10/2006 9:23:43 AM : Extracting : D:\web page\2360027\pdf\5114494.pdf
08/10/2006 9:23:44 AM : Extracting : D:\web page\2360027\pdf\5115418.pdf
08/10/2006 9:23:45 AM : Extracting : D:\web page\2360027\pdf\5133397.pdf
08/10/2006 9:23:46 AM : Extracting : D:\web page\2360027\pdf\5159067.pdf
08/10/2006 9:23:55 AM : Extracting : D:\web page\2360027\pdf\5168904.pdf
08/10/2006 9:24:05 AM : Creating Index
08/10/2006 9:24:09 AM :   Total PDF files in all directories : 42
08/10/2006 9:24:09 AM :   Total new files : 42
08/10/2006 9:24:09 AM :   Total pages indexed : 1578
08/10/2006 9:24:09 AM :   Total number of files skipped : 0
08/10/2006 9:24:09 AM :   Total deleted files : 0
08/10/2006 9:24:09 AM : Index build successful.

12/07/2006 5:54:37 PM : Starting rebuild
12/07/2006 5:54:37 PM : Deleting files from current index
12/07/2006 5:54:37 PM : Deleting : D:\web page\2360027\pdf\misc_pdfs\index.idx
12/07/2006 5:54:37 PM : Deleting : D:\web page\2360027\pdf\misc_pdfs\index1.idx
12/07/2006 5:54:37 PM : Searching : D:\web page\2360027\pdf\
12/07/2006 5:54:39 PM : Indexing 42 files
12/07/2006 5:54:39 PM : Extracting : D:\web page\2360027\pdf\2211224.pdf
12/07/2006 5:54:48 PM : Extracting : D:\web page\2360027\pdf\2224901.pdf
12/07/2006 5:54:50 PM : Extracting : D:\web page\2360027\pdf\2296447.pdf
12/07/2006 5:54:52 PM : Extracting : D:\web page\2360027\pdf\2301052.pdf
12/07/2006 5:54:56 PM : Extracting : D:\web page\2360027\pdf\2318669.pdf
12/07/2006 5:54:59 PM : Extracting : D:\web page\2360027\pdf\2319916.pdf
12/07/2006 5:55:00 PM : Extracting : D:\web page\2360027\pdf\2321165.pdf
12/07/2006 5:55:01 PM : Extracting : D:\web page\2360027\pdf\2328773.pdf
12/07/2006 5:55:02 PM : Extracting : D:\web page\2360027\pdf\2330577.pdf
12/07/2006 5:55:03 PM : Extracting : D:\web page\2360027\pdf\2337856.pdf
12/07/2006 5:55:04 PM : Extracting : D:\web page\2360027\pdf\2339144.pdf
12/07/2006 5:55:04 PM : Extracting : D:\web page\2360027\pdf\2341964.pdf
12/07/2006 5:55:06 PM : Extracting : D:\web page\2360027\pdf\2344099.pdf
12/07/2006 5:55:07 PM : Extracting : D:\web page\2360027\pdf\2344406.pdf
12/07/2006 5:55:07 PM : Extracting : D:\web page\2360027\pdf\2344544.pdf
12/07/2006 5:55:08 PM : Extracting : D:\web page\2360027\pdf\2345629.pdf
12/07/2006 5:55:10 PM : Extracting : D:\web page\2360027\pdf\2346035.pdf
12/07/2006 5:55:11 PM : Extracting : D:\web page\2360027\pdf\2349189.pdf
12/07/2006 5:55:12 PM : Extracting : D:\web page\2360027\pdf\2349192.pdf
12/07/2006 5:55:14 PM : Extracting : D:\web page\2360027\pdf\2352788.pdf
12/07/2006 5:55:14 PM : Extracting : D:\web page\2360027\pdf\2352974.pdf
12/07/2006 5:55:17 PM : Extracting : D:\web page\2360027\pdf\2358586.pdf
12/07/2006 5:55:17 PM : Extracting : D:\web page\2360027\pdf\2363105.pdf
12/07/2006 5:55:18 PM : Extracting : D:\web page\2360027\pdf\2364639.pdf
12/07/2006 5:55:22 PM : Extracting : D:\web page\2360027\pdf\2369571.pdf
12/07/2006 5:55:23 PM : Extracting : D:\web page\2360027\pdf\2370773.pdf
12/07/2006 5:55:25 PM : Extracting : D:\web page\2360027\pdf\2374900.pdf
12/07/2006 5:55:25 PM : Extracting : D:\web page\2360027\pdf\2376955.pdf
12/07/2006 5:55:25 PM : Extracting : D:\web page\2360027\pdf\2378262.pdf
12/07/2006 5:55:26 PM : Extracting : D:\web page\2360027\pdf\2380690.pdf
12/07/2006 5:55:28 PM : Extracting : D:\web page\2360027\pdf\2385487.pdf
12/07/2006 5:55:29 PM : Extracting : D:\web page\2360027\pdf\2388683.pdf
12/07/2006 5:55:30 PM : Extracting : D:\web page\2360027\pdf\2390072.pdf
12/07/2006 5:55:33 PM : Extracting : D:\web page\2360027\pdf\2395230.pdf
12/07/2006 5:55:35 PM : Extracting : D:\web page\2360027\pdf\2398744.pdf
12/07/2006 5:55:36 PM : Extracting : D:\web page\2360027\pdf\2407441.pdf
12/07/2006 5:55:37 PM : Extracting : D:\web page\2360027\pdf\5112237.pdf
12/07/2006 5:55:37 PM : Extracting : D:\web page\2360027\pdf\5114494.pdf
12/07/2006 5:55:38 PM : Extracting : D:\web page\2360027\pdf\5115418.pdf
12/07/2006 5:55:39 PM : Extracting : D:\web page\2360027\pdf\5133397.pdf
12/07/2006 5:55:41 PM : Extracting : D:\web page\2360027\pdf\5159067.pdf
12/07/2006 5:55:49 PM : Extracting : D:\web page\2360027\pdf\5168904.pdf
12/07/2006 5:55:58 PM : Creating Index
12/07/2006 5:56:03 PM :   Total PDF files in all directories : 42
12/07/2006 5:56:03 PM :   Total new files : 42
12/07/2006 5:56:03 PM :   Total pages indexed : 1580
12/07/2006 5:56:03 PM :   Total number of files skipped : 0
12/07/2006 5:56:03 PM :   Total deleted files : 0
12/07/2006 5:56:03 PM : Index build successful.

12/11/2006 2:39:17 PM : Starting rebuild
12/11/2006 2:39:17 PM : Deleting files from current index
12/11/2006 2:39:17 PM : Deleting : D:\web page\2360027\pdf\misc_pdfs\index.idx
12/11/2006 2:39:17 PM : Deleting : D:\web page\2360027\pdf\misc_pdfs\index1.idx
12/11/2006 2:39:17 PM : Searching : D:\web page\2360027\pdf\
12/11/2006 2:39:20 PM : Indexing 42 files
12/11/2006 2:39:21 PM : Extracting : D:\web page\2360027\pdf\2211224.pdf
12/11/2006 2:39:26 PM : Extracting : D:\web page\2360027\pdf\2224901.pdf
12/11/2006 2:39:29 PM : Extracting : D:\web page\2360027\pdf\2296447.pdf
12/11/2006 2:39:31 PM : Extracting : D:\web page\2360027\pdf\2301052.pdf
12/11/2006 2:39:35 PM : Extracting : D:\web page\2360027\pdf\2318669.pdf
12/11/2006 2:39:38 PM : Extracting : D:\web page\2360027\pdf\2319916.pdf
12/11/2006 2:39:39 PM : Extracting : D:\web page\2360027\pdf\2321165.pdf
12/11/2006 2:39:40 PM : Extracting : D:\web page\2360027\pdf\2328773.pdf
12/11/2006 2:39:41 PM : Extracting : D:\web page\2360027\pdf\2330577.pdf
12/11/2006 2:39:42 PM : Extracting : D:\web page\2360027\pdf\2337856.pdf
12/11/2006 2:39:43 PM : Extracting : D:\web page\2360027\pdf\2339144.pdf
12/11/2006 2:39:43 PM : Extracting : D:\web page\2360027\pdf\2341964.pdf
12/11/2006 2:39:45 PM : Extracting : D:\web page\2360027\pdf\2344099.pdf
12/11/2006 2:39:45 PM : Extracting : D:\web page\2360027\pdf\2344406.pdf
12/11/2006 2:39:46 PM : Extracting : D:\web page\2360027\pdf\2344544.pdf
12/11/2006 2:39:47 PM : Extracting : D:\web page\2360027\pdf\2345629.pdf
12/11/2006 2:39:49 PM : Extracting : D:\web page\2360027\pdf\2346035.pdf
12/11/2006 2:39:50 PM : Extracting : D:\web page\2360027\pdf\2349189.pdf
12/11/2006 2:39:51 PM : Extracting : D:\web page\2360027\pdf\2349192.pdf
12/11/2006 2:39:53 PM : Extracting : D:\web page\2360027\pdf\2352788.pdf
12/11/2006 2:39:54 PM : Extracting : D:\web page\2360027\pdf\2352974.pdf
12/11/2006 2:39:56 PM : Extracting : D:\web page\2360027\pdf\2358586.pdf
12/11/2006 2:39:56 PM : Extracting : D:\web page\2360027\pdf\2363105.pdf
12/11/2006 2:39:57 PM : Extracting : D:\web page\2360027\pdf\2364639.pdf
12/11/2006 2:40:02 PM : Extracting : D:\web page\2360027\pdf\2369571.pdf
12/11/2006 2:40:03 PM : Extracting : D:\web page\2360027\pdf\2370773.pdf
12/11/2006 2:40:05 PM : Extracting : D:\web page\2360027\pdf\2374900.pdf
12/11/2006 2:40:05 PM : Extracting : D:\web page\2360027\pdf\2376955.pdf
12/11/2006 2:40:06 PM : Extracting : D:\web page\2360027\pdf\2378262.pdf
12/11/2006 2:40:06 PM : Extracting : D:\web page\2360027\pdf\2380690.pdf
12/11/2006 2:40:09 PM : Extracting : D:\web page\2360027\pdf\2385487.pdf
12/11/2006 2:40:09 PM : Extracting : D:\web page\2360027\pdf\2388683.pdf
12/11/2006 2:40:11 PM : Extracting : D:\web page\2360027\pdf\2390072.pdf
12/11/2006 2:40:14 PM : Extracting : D:\web page\2360027\pdf\2395230.pdf
12/11/2006 2:40:17 PM : Extracting : D:\web page\2360027\pdf\2398744.pdf
12/11/2006 2:40:17 PM : Extracting : D:\web page\2360027\pdf\2407441.pdf
12/11/2006 2:40:18 PM : Extracting : D:\web page\2360027\pdf\5112237.pdf
12/11/2006 2:40:19 PM : Extracting : D:\web page\2360027\pdf\5114494.pdf
12/11/2006 2:40:20 PM : Extracting : D:\web page\2360027\pdf\5115418.pdf
12/11/2006 2:40:21 PM : Extracting : D:\web page\2360027\pdf\5133397.pdf
12/11/2006 2:40:24 PM : Extracting : D:\web page\2360027\pdf\5159067.pdf
12/11/2006 2:40:34 PM : Extracting : D:\web page\2360027\pdf\5168904.pdf
12/11/2006 2:40:45 PM : Creating Index
12/11/2006 2:40:49 PM :   Total PDF files in all directories : 42
12/11/2006 2:40:49 PM :   Total new files : 42
12/11/2006 2:40:49 PM :   Total pages indexed : 1580
12/11/2006 2:40:49 PM :   Total number of files skipped : 0
12/11/2006 2:40:49 PM :   Total deleted files : 0
12/11/2006 2:40:49 PM : Index build successful.

06/21/2007 10:01:00 AM : Starting rebuild of Index : D:\DVD Images\2360027-300r12\pdf\misc_pdfs.pdx
06/21/2007 10:01:00 AM : Deleting files from current index
06/21/2007 10:01:00 AM : Deleting : D:\DVD Images\2360027-300r12\pdf\misc_pdfs\index.idx
06/21/2007 10:01:00 AM : Deleting : D:\DVD Images\2360027-300r12\pdf\misc_pdfs\index1.idx
06/21/2007 10:01:00 AM : Searching : D:\DVD Images\2360027-300r12\pdf\
06/21/2007 10:01:04 AM : Indexing 45 files
06/21/2007 10:01:04 AM : Extracting : D:\DVD Images\2360027-300r12\pdf\2211224.pdf
06/21/2007 10:01:08 AM : Extracting : D:\DVD Images\2360027-300r12\pdf\2224901.pdf
06/21/2007 10:01:10 AM : Extracting : D:\DVD Images\2360027-300r12\pdf\2296447.pdf
06/21/2007 10:01:11 AM : Extracting : D:\DVD Images\2360027-300r12\pdf\2301052.pdf
06/21/2007 10:01:13 AM : Extracting : D:\DVD Images\2360027-300r12\pdf\2305587.pdf
06/21/2007 10:01:16 AM : Extracting : D:\DVD Images\2360027-300r12\pdf\2318669.pdf
06/21/2007 10:01:18 AM : Extracting : D:\DVD Images\2360027-300r12\pdf\2319916.pdf
06/21/2007 10:01:18 AM : Extracting : D:\DVD Images\2360027-300r12\pdf\2321165.pdf
06/21/2007 10:01:18 AM : Extracting : D:\DVD Images\2360027-300r12\pdf\2328773.pdf
06/21/2007 10:01:19 AM : Extracting : D:\DVD Images\2360027-300r12\pdf\2330577.pdf
06/21/2007 10:01:20 AM : Extracting : D:\DVD Images\2360027-300r12\pdf\2337856.pdf
06/21/2007 10:01:20 AM : Extracting : D:\DVD Images\2360027-300r12\pdf\2339144.pdf
06/21/2007 10:01:20 AM : Extracting : D:\DVD Images\2360027-300r12\pdf\2341964.pdf
06/21/2007 10:01:21 AM : Extracting : D:\DVD Images\2360027-300r12\pdf\2344099.pdf
06/21/2007 10:01:22 AM : Extracting : D:\DVD Images\2360027-300r12\pdf\2344406.pdf
06/21/2007 10:01:22 AM : Extracting : D:\DVD Images\2360027-300r12\pdf\2344544.pdf
06/21/2007 10:01:22 AM : Extracting : D:\DVD Images\2360027-300r12\pdf\2345629.pdf
06/21/2007 10:01:24 AM : Extracting : D:\DVD Images\2360027-300r12\pdf\2346035.pdf
06/21/2007 10:01:24 AM : Extracting : D:\DVD Images\2360027-300r12\pdf\2349189.pdf
06/21/2007 10:01:25 AM : Extracting : D:\DVD Images\2360027-300r12\pdf\2349192.pdf
06/21/2007 10:01:26 AM : Extracting : D:\DVD Images\2360027-300r12\pdf\2352788.pdf
06/21/2007 10:01:26 AM : Extracting : D:\DVD Images\2360027-300r12\pdf\2352974.pdf
06/21/2007 10:01:27 AM : Extracting : D:\DVD Images\2360027-300r12\pdf\2358586.pdf
06/21/2007 10:01:28 AM : Extracting : D:\DVD Images\2360027-300r12\pdf\2363105.pdf
06/21/2007 10:01:28 AM : Extracting : D:\DVD Images\2360027-300r12\pdf\2364639.pdf
06/21/2007 10:01:31 AM : Extracting : D:\DVD Images\2360027-300r12\pdf\2369571.pdf
06/21/2007 10:01:31 AM : Extracting : D:\DVD Images\2360027-300r12\pdf\2370773.pdf
06/21/2007 10:01:32 AM : Extracting : D:\DVD Images\2360027-300r12\pdf\2374900.pdf
06/21/2007 10:01:32 AM : Extracting : D:\DVD Images\2360027-300r12\pdf\2376955.pdf
06/21/2007 10:01:32 AM : Extracting : D:\DVD Images\2360027-300r12\pdf\2378262.pdf
06/21/2007 10:01:32 AM : Extracting : D:\DVD Images\2360027-300r12\pdf\2380690.pdf
06/21/2007 10:01:33 AM : Extracting : D:\DVD Images\2360027-300r12\pdf\2385487.pdf
06/21/2007 10:01:34 AM : Extracting : D:\DVD Images\2360027-300r12\pdf\2388683.pdf
06/21/2007 10:01:34 AM : Extracting : D:\DVD Images\2360027-300r12\pdf\2390072.pdf
06/21/2007 10:01:36 AM : Extracting : D:\DVD Images\2360027-300r12\pdf\2395230.pdf
06/21/2007 10:01:37 AM : Extracting : D:\DVD Images\2360027-300r12\pdf\2398744.pdf
06/21/2007 10:01:37 AM : Extracting : D:\DVD Images\2360027-300r12\pdf\2407441.pdf
06/21/2007 10:01:37 AM : Extracting : D:\DVD Images\2360027-300r12\pdf\5112237.pdf
06/21/2007 10:01:38 AM : Extracting : D:\DVD Images\2360027-300r12\pdf\5114494.pdf
06/21/2007 10:01:39 AM : Extracting : D:\DVD Images\2360027-300r12\pdf\5115418.pdf
06/21/2007 10:01:39 AM : Extracting : D:\DVD Images\2360027-300r12\pdf\5133397.pdf
06/21/2007 10:01:40 AM : Extracting : D:\DVD Images\2360027-300r12\pdf\5159067.pdf
06/21/2007 10:01:44 AM : Extracting : D:\DVD Images\2360027-300r12\pdf\5168904.pdf
06/21/2007 10:01:52 AM : Extracting : D:\DVD Images\2360027-300r12\pdf\5174051.pdf
06/21/2007 10:01:52 AM : Extracting : D:\DVD Images\2360027-300r12\pdf\5198351.pdf
06/21/2007 10:01:59 AM : Creating Index
06/21/2007 10:02:04 AM :   Total PDF files in all directories : 45
06/21/2007 10:02:04 AM :   Total PDF attachments : 0
06/21/2007 10:02:04 AM :   Total new files : 45
06/21/2007 10:02:04 AM :   Total pages indexed : 1830
06/21/2007 10:02:04 AM :   Total number of files skipped : 0
06/21/2007 10:02:04 AM :   Total deleted files : 0
06/21/2007 10:02:04 AM : Index build successful.

12/17/2007 12:49:41 PM : Starting rebuild of Index : F:\2360027 copy for CT DVD Rev 13\pdf\misc_pdfs.pdx
12/17/2007 12:49:41 PM : Deleting files from current index
12/17/2007 12:49:41 PM : Deleting : F:\2360027 copy for CT DVD Rev 13\pdf\misc_pdfs\index.idx
12/17/2007 12:49:41 PM : Deleting : F:\2360027 copy for CT DVD Rev 13\pdf\misc_pdfs\index1.idx
12/17/2007 12:49:41 PM : Searching : F:\2360027 copy for CT DVD Rev 13\pdf\
12/17/2007 12:49:45 PM : Indexing 45 files
12/17/2007 12:49:45 PM : Extracting : F:\2360027 copy for CT DVD Rev 13\pdf\2211224.pdf
12/17/2007 12:49:52 PM : Extracting : F:\2360027 copy for CT DVD Rev 13\pdf\2224901.pdf
12/17/2007 12:49:54 PM : Extracting : F:\2360027 copy for CT DVD Rev 13\pdf\2296447.pdf
12/17/2007 12:49:56 PM : Extracting : F:\2360027 copy for CT DVD Rev 13\pdf\2301052.pdf
12/17/2007 12:49:59 PM : Extracting : F:\2360027 copy for CT DVD Rev 13\pdf\2318669.pdf
12/17/2007 12:50:02 PM : Extracting : F:\2360027 copy for CT DVD Rev 13\pdf\2319916.pdf
12/17/2007 12:50:03 PM : Extracting : F:\2360027 copy for CT DVD Rev 13\pdf\2321165.pdf
12/17/2007 12:50:03 PM : Extracting : F:\2360027 copy for CT DVD Rev 13\pdf\2328773.pdf
12/17/2007 12:50:03 PM : Extracting : F:\2360027 copy for CT DVD Rev 13\pdf\2330577.pdf
12/17/2007 12:50:05 PM : Extracting : F:\2360027 copy for CT DVD Rev 13\pdf\2337856.pdf
12/17/2007 12:50:05 PM : Extracting : F:\2360027 copy for CT DVD Rev 13\pdf\2339144.pdf
12/17/2007 12:50:06 PM : Extracting : F:\2360027 copy for CT DVD Rev 13\pdf\2341964.pdf
12/17/2007 12:50:08 PM : Extracting : F:\2360027 copy for CT DVD Rev 13\pdf\2344099.pdf
12/17/2007 12:50:08 PM : Extracting : F:\2360027 copy for CT DVD Rev 13\pdf\2344406.pdf
12/17/2007 12:50:08 PM : Extracting : F:\2360027 copy for CT DVD Rev 13\pdf\2344544.pdf
12/17/2007 12:50:09 PM : Extracting : F:\2360027 copy for CT DVD Rev 13\pdf\2346035.pdf
12/17/2007 12:50:09 PM : Extracting : F:\2360027 copy for CT DVD Rev 13\pdf\2349189.pdf
12/17/2007 12:50:11 PM : Extracting : F:\2360027 copy for CT DVD Rev 13\pdf\2349192.pdf
12/17/2007 12:50:13 PM : Extracting : F:\2360027 copy for CT DVD Rev 13\pdf\2352788.pdf
12/17/2007 12:50:13 PM : Extracting : F:\2360027 copy for CT DVD Rev 13\pdf\2352974.pdf
12/17/2007 12:50:15 PM : Extracting : F:\2360027 copy for CT DVD Rev 13\pdf\2358586.pdf
12/17/2007 12:50:16 PM : Extracting : F:\2360027 copy for CT DVD Rev 13\pdf\2363105.pdf
12/17/2007 12:50:16 PM : Extracting : F:\2360027 copy for CT DVD Rev 13\pdf\2364639.pdf
12/17/2007 12:50:20 PM : Extracting : F:\2360027 copy for CT DVD Rev 13\pdf\2369571.pdf
12/17/2007 12:50:21 PM : Extracting : F:\2360027 copy for CT DVD Rev 13\pdf\2370773.pdf
12/17/2007 12:50:22 PM : Extracting : F:\2360027 copy for CT DVD Rev 13\pdf\2374900.pdf
12/17/2007 12:50:23 PM : Extracting : F:\2360027 copy for CT DVD Rev 13\pdf\2376955.pdf
12/17/2007 12:50:23 PM : Extracting : F:\2360027 copy for CT DVD Rev 13\pdf\2378262.pdf
12/17/2007 12:50:23 PM : Extracting : F:\2360027 copy for CT DVD Rev 13\pdf\2380690.pdf
12/17/2007 12:50:26 PM : Extracting : F:\2360027 copy for CT DVD Rev 13\pdf\2385487.pdf
12/17/2007 12:50:27 PM : Extracting : F:\2360027 copy for CT DVD Rev 13\pdf\2388683.pdf
12/17/2007 12:50:28 PM : Extracting : F:\2360027 copy for CT DVD Rev 13\pdf\2390072.pdf
12/17/2007 12:50:30 PM : Extracting : F:\2360027 copy for CT DVD Rev 13\pdf\2395230.pdf
12/17/2007 12:50:32 PM : Extracting : F:\2360027 copy for CT DVD Rev 13\pdf\2398744.pdf
12/17/2007 12:50:32 PM : Extracting : F:\2360027 copy for CT DVD Rev 13\pdf\2407441.pdf
12/17/2007 12:50:33 PM : Extracting : F:\2360027 copy for CT DVD Rev 13\pdf\5112237.pdf
12/17/2007 12:50:33 PM : Extracting : F:\2360027 copy for CT DVD Rev 13\pdf\5114494.pdf
12/17/2007 12:50:35 PM : Extracting : F:\2360027 copy for CT DVD Rev 13\pdf\5115418.pdf
12/17/2007 12:50:35 PM : Extracting : F:\2360027 copy for CT DVD Rev 13\pdf\5133397.pdf
12/17/2007 12:50:37 PM : Extracting : F:\2360027 copy for CT DVD Rev 13\pdf\5159067.pdf
12/17/2007 12:50:44 PM : Extracting : F:\2360027 copy for CT DVD Rev 13\pdf\5168904.pdf
12/17/2007 12:50:59 PM : Extracting : F:\2360027 copy for CT DVD Rev 13\pdf\5174051.pdf
12/17/2007 12:51:01 PM : Extracting : F:\2360027 copy for CT DVD Rev 13\pdf\5198351.pdf
12/17/2007 12:51:14 PM : Extracting : F:\2360027 copy for CT DVD Rev 13\pdf\2305587.pdf
12/17/2007 12:51:21 PM : Extracting : F:\2360027 copy for CT DVD Rev 13\pdf\2345629.pdf
12/17/2007 12:51:25 PM : Creating Index
12/17/2007 12:51:45 PM :   Total PDF files in all directories : 45
12/17/2007 12:51:45 PM :   Total PDF attachments : 0
12/17/2007 12:51:45 PM :   Total new files : 45
12/17/2007 12:51:45 PM :   Total pages indexed : 1842
12/17/2007 12:51:45 PM :   Total number of files skipped : 0
12/17/2007 12:51:45 PM :   Total deleted files : 0
12/17/2007 12:51:45 PM : Index build successful.

04/24/2008 11:33:52 AM : Starting rebuild of Index : F:\2360027 copy for CT DVD Rev 14\pdf\misc_pdfs.pdx
04/24/2008 11:33:52 AM : Deleting files from current index
04/24/2008 11:33:52 AM : Deleting : F:\2360027 copy for CT DVD Rev 14\pdf\misc_pdfs\index.idx
04/24/2008 11:33:52 AM : Deleting : F:\2360027 copy for CT DVD Rev 14\pdf\misc_pdfs\index1.idx
04/24/2008 11:33:52 AM : Searching : F:\2360027 copy for CT DVD Rev 14\pdf\
04/24/2008 11:33:53 AM : Indexing 38 files
04/24/2008 11:33:54 AM : Extracting : F:\2360027 copy for CT DVD Rev 14\pdf\2224901.pdf
04/24/2008 11:33:55 AM : Extracting : F:\2360027 copy for CT DVD Rev 14\pdf\2296447.pdf
04/24/2008 11:33:56 AM : Extracting : F:\2360027 copy for CT DVD Rev 14\pdf\2301052.pdf
04/24/2008 11:33:58 AM : Extracting : F:\2360027 copy for CT DVD Rev 14\pdf\2318669.pdf
04/24/2008 11:34:00 AM : Extracting : F:\2360027 copy for CT DVD Rev 14\pdf\2319916.pdf
04/24/2008 11:34:00 AM : Extracting : F:\2360027 copy for CT DVD Rev 14\pdf\2321165.pdf
04/24/2008 11:34:01 AM : Extracting : F:\2360027 copy for CT DVD Rev 14\pdf\2330577.pdf
04/24/2008 11:34:01 AM : Extracting : F:\2360027 copy for CT DVD Rev 14\pdf\2337856.pdf
04/24/2008 11:34:02 AM : Extracting : F:\2360027 copy for CT DVD Rev 14\pdf\2344544.pdf
04/24/2008 11:34:02 AM : Extracting : F:\2360027 copy for CT DVD Rev 14\pdf\2346035.pdf
04/24/2008 11:34:03 AM : Extracting : F:\2360027 copy for CT DVD Rev 14\pdf\2349192.pdf
04/24/2008 11:34:04 AM : Extracting : F:\2360027 copy for CT DVD Rev 14\pdf\2352974.pdf
04/24/2008 11:34:05 AM : Extracting : F:\2360027 copy for CT DVD Rev 14\pdf\2358586.pdf
04/24/2008 11:34:05 AM : Extracting : F:\2360027 copy for CT DVD Rev 14\pdf\2363105.pdf
04/24/2008 11:34:05 AM : Extracting : F:\2360027 copy for CT DVD Rev 14\pdf\2364639.pdf
04/24/2008 11:34:08 AM : Extracting : F:\2360027 copy for CT DVD Rev 14\pdf\2370773.pdf
04/24/2008 11:34:09 AM : Extracting : F:\2360027 copy for CT DVD Rev 14\pdf\2378262.pdf
04/24/2008 11:34:09 AM : Extracting : F:\2360027 copy for CT DVD Rev 14\pdf\2380690.pdf
04/24/2008 11:34:11 AM : Extracting : F:\2360027 copy for CT DVD Rev 14\pdf\2385487.pdf
04/24/2008 11:34:11 AM : Extracting : F:\2360027 copy for CT DVD Rev 14\pdf\2388683.pdf
04/24/2008 11:34:12 AM : Extracting : F:\2360027 copy for CT DVD Rev 14\pdf\2390072.pdf
04/24/2008 11:34:13 AM : Extracting : F:\2360027 copy for CT DVD Rev 14\pdf\2395230.pdf
04/24/2008 11:34:14 AM : Extracting : F:\2360027 copy for CT DVD Rev 14\pdf\2398744.pdf
04/24/2008 11:34:14 AM : Extracting : F:\2360027 copy for CT DVD Rev 14\pdf\2407441.pdf
04/24/2008 11:34:15 AM : Extracting : F:\2360027 copy for CT DVD Rev 14\pdf\5115418.pdf
04/24/2008 11:34:15 AM : Extracting : F:\2360027 copy for CT DVD Rev 14\pdf\5133397.pdf
04/24/2008 11:34:16 AM : Extracting : F:\2360027 copy for CT DVD Rev 14\pdf\5159067.pdf
04/24/2008 11:34:21 AM : Extracting : F:\2360027 copy for CT DVD Rev 14\pdf\5168904.pdf
04/24/2008 11:34:29 AM : Extracting : F:\2360027 copy for CT DVD Rev 14\pdf\5174051.pdf
04/24/2008 11:34:30 AM : Extracting : F:\2360027 copy for CT DVD Rev 14\pdf\5198351.pdf
04/24/2008 11:34:37 AM : Extracting : F:\2360027 copy for CT DVD Rev 14\pdf\2305587.pdf
04/24/2008 11:34:41 AM : Extracting : F:\2360027 copy for CT DVD Rev 14\pdf\2345629.pdf
04/24/2008 11:34:43 AM : Extracting : F:\2360027 copy for CT DVD Rev 14\pdf\5262629.pdf
04/24/2008 11:34:50 AM : Extracting : F:\2360027 copy for CT DVD Rev 14\pdf\5266092.pdf
04/24/2008 11:34:58 AM : Extracting : F:\2360027 copy for CT DVD Rev 14\pdf\5268063.pdf
04/24/2008 11:35:09 AM : Extracting : F:\2360027 copy for CT DVD Rev 14\pdf\5272241.pdf
04/24/2008 11:35:19 AM : Extracting : F:\2360027 copy for CT DVD Rev 14\pdf\5114494.pdf
04/24/2008 11:35:20 AM : Extracting : F:\2360027 copy for CT DVD Rev 14\pdf\2211224.pdf
04/24/2008 11:35:24 AM : Creating Index
04/24/2008 11:35:39 AM :   Total PDF files in all directories : 38
04/24/2008 11:35:39 AM :   Total PDF attachments : 0
04/24/2008 11:35:39 AM :   Total new files : 38
04/24/2008 11:35:39 AM :   Total pages indexed : 2557
04/24/2008 11:35:39 AM :   Total number of files skipped : 0
04/24/2008 11:35:39 AM :   Total deleted files : 0
04/24/2008 11:35:39 AM : Index build successful.

12/22/2008 9:19:53 AM : Starting rebuild of Index : F:\2360027_Rev15_(CT-DVD)\pdf\misc_pdfs.pdx
12/22/2008 9:19:53 AM : Deleting files from current index
12/22/2008 9:19:53 AM : Deleting : F:\2360027_Rev15_(CT-DVD)\pdf\misc_pdfs\index.idx
12/22/2008 9:19:53 AM : Deleting : F:\2360027_Rev15_(CT-DVD)\pdf\misc_pdfs\index1.idx
12/22/2008 9:19:53 AM : Searching : F:\2360027_Rev15_(CT-DVD)\pdf\
12/22/2008 9:19:59 AM : Indexing 41 files
12/22/2008 9:19:59 AM : Extracting : F:\2360027_Rev15_(CT-DVD)\pdf\2224901.pdf
12/22/2008 9:20:00 AM : Extracting : F:\2360027_Rev15_(CT-DVD)\pdf\2296447.pdf
12/22/2008 9:20:01 AM : Extracting : F:\2360027_Rev15_(CT-DVD)\pdf\2301052.pdf
12/22/2008 9:20:03 AM : Extracting : F:\2360027_Rev15_(CT-DVD)\pdf\2318669.pdf
12/22/2008 9:20:05 AM : Extracting : F:\2360027_Rev15_(CT-DVD)\pdf\2319916.pdf
12/22/2008 9:20:05 AM : Extracting : F:\2360027_Rev15_(CT-DVD)\pdf\2321165.pdf
12/22/2008 9:20:05 AM : Extracting : F:\2360027_Rev15_(CT-DVD)\pdf\2330577.pdf
12/22/2008 9:20:06 AM : Extracting : F:\2360027_Rev15_(CT-DVD)\pdf\2337856.pdf
12/22/2008 9:20:07 AM : Extracting : F:\2360027_Rev15_(CT-DVD)\pdf\2344544.pdf
12/22/2008 9:20:07 AM : Extracting : F:\2360027_Rev15_(CT-DVD)\pdf\2346035.pdf
12/22/2008 9:20:07 AM : Extracting : F:\2360027_Rev15_(CT-DVD)\pdf\2349192.pdf
12/22/2008 9:20:08 AM : Extracting : F:\2360027_Rev15_(CT-DVD)\pdf\2352974.pdf
12/22/2008 9:20:10 AM : Extracting : F:\2360027_Rev15_(CT-DVD)\pdf\2358586.pdf
12/22/2008 9:20:10 AM : Extracting : F:\2360027_Rev15_(CT-DVD)\pdf\2363105.pdf
12/22/2008 9:20:10 AM : Extracting : F:\2360027_Rev15_(CT-DVD)\pdf\2364639.pdf
12/22/2008 9:20:13 AM : Extracting : F:\2360027_Rev15_(CT-DVD)\pdf\2370773.pdf
12/22/2008 9:20:14 AM : Extracting : F:\2360027_Rev15_(CT-DVD)\pdf\2378262.pdf
12/22/2008 9:20:14 AM : Extracting : F:\2360027_Rev15_(CT-DVD)\pdf\2380690.pdf
12/22/2008 9:20:15 AM : Extracting : F:\2360027_Rev15_(CT-DVD)\pdf\2385487.pdf
12/22/2008 9:20:15 AM : Extracting : F:\2360027_Rev15_(CT-DVD)\pdf\2388683.pdf
12/22/2008 9:20:16 AM : Extracting : F:\2360027_Rev15_(CT-DVD)\pdf\2390072.pdf
12/22/2008 9:20:17 AM : Extracting : F:\2360027_Rev15_(CT-DVD)\pdf\2395230.pdf
12/22/2008 9:20:19 AM : Extracting : F:\2360027_Rev15_(CT-DVD)\pdf\2398744.pdf
12/22/2008 9:20:19 AM : Extracting : F:\2360027_Rev15_(CT-DVD)\pdf\2407441.pdf
12/22/2008 9:20:19 AM : Extracting : F:\2360027_Rev15_(CT-DVD)\pdf\5115418.pdf
12/22/2008 9:20:20 AM : Extracting : F:\2360027_Rev15_(CT-DVD)\pdf\5133397.pdf
12/22/2008 9:20:20 AM : Extracting : F:\2360027_Rev15_(CT-DVD)\pdf\5159067.pdf
12/22/2008 9:20:25 AM : Extracting : F:\2360027_Rev15_(CT-DVD)\pdf\5168904.pdf
12/22/2008 9:20:33 AM : Extracting : F:\2360027_Rev15_(CT-DVD)\pdf\5174051.pdf
12/22/2008 9:20:34 AM : Extracting : F:\2360027_Rev15_(CT-DVD)\pdf\5198351.pdf
12/22/2008 9:20:40 AM : Extracting : F:\2360027_Rev15_(CT-DVD)\pdf\2305587.pdf
12/22/2008 9:20:43 AM : Extracting : F:\2360027_Rev15_(CT-DVD)\pdf\2345629.pdf
12/22/2008 9:20:46 AM : Extracting : F:\2360027_Rev15_(CT-DVD)\pdf\5262629.pdf
12/22/2008 9:20:53 AM : Extracting : F:\2360027_Rev15_(CT-DVD)\pdf\5266092.pdf
12/22/2008 9:21:01 AM : Extracting : F:\2360027_Rev15_(CT-DVD)\pdf\5268063.pdf
12/22/2008 9:21:13 AM : Extracting : F:\2360027_Rev15_(CT-DVD)\pdf\5272241.pdf
12/22/2008 9:21:23 AM : Extracting : F:\2360027_Rev15_(CT-DVD)\pdf\2211224.pdf
12/22/2008 9:21:28 AM : Extracting : F:\2360027_Rev15_(CT-DVD)\pdf\5114494.pdf
12/22/2008 9:21:28 AM : Extracting : F:\2360027_Rev15_(CT-DVD)\pdf\W840-213134.pdf
12/22/2008 9:21:30 AM : Extracting : F:\2360027_Rev15_(CT-DVD)\pdf\W840-215134.pdf
12/22/2008 9:21:30 AM : Extracting : F:\2360027_Rev15_(CT-DVD)\pdf\001-212134.00.pdf
12/22/2008 9:21:31 AM : Creating Index
12/22/2008 9:21:47 AM :   Total PDF files in all directories : 41
12/22/2008 9:21:47 AM :   Total PDF attachments : 0
12/22/2008 9:21:47 AM :   Total new files : 41
12/22/2008 9:21:47 AM :   Total pages indexed : 2666
12/22/2008 9:21:47 AM :   Total number of files skipped : 0
12/22/2008 9:21:47 AM :   Total deleted files : 0
12/22/2008 9:21:47 AM : Index build successful.
