01/10/11 14:53:12 create7 D:\Documents and Settings\212042086\dtSearch Post Publishing\5133330-3t web excite3\5133330-3\root\data\Signa_Index
01/10/11 14:53:12 open edit index_i.ix
01/10/11 14:53:12 open failed:  index_i.ix The system cannot find the file specified. (2) (file: index_i.ix)
01/10/11 14:53:12 open replace index_i.ix
01/10/11 14:53:12 open index_i.ix 0
01/10/11 14:53:12 open replace index_k.ix
01/10/11 14:53:12 open index_k.ix 0
01/10/11 14:53:12 open replace index_r.ix
01/10/11 14:53:12 open index_r.ix 0
01/10/11 14:53:12 open replace index_d.ix
01/10/11 14:53:12 open index_d.ix 0
01/10/11 14:53:12 open replace index_di.ix
01/10/11 14:53:12 open index_di.ix 0
01/10/11 14:53:12 open edit index_klh.ix
01/10/11 14:53:12 open failed:  index_klh.ix The system cannot find the file specified. (2) (file: index_klh.ix)
01/10/11 14:53:12 open replace index_klh.ix
01/10/11 14:53:12 open index_klh.ix 0
01/10/11 14:53:12 open replace index_kl.ix
01/10/11 14:53:12 open index_kl.ix 0
01/10/11 14:53:12 commit D:\Documents and Settings\212042086\dtSearch Post Publishing\5133330-3t web excite3\5133330-3\root\data\Signa_Index\index_k_1.ix 65,536
01/10/11 14:53:12 commit D:\Documents and Settings\212042086\dtSearch Post Publishing\5133330-3t web excite3\5133330-3\root\data\Signa_Index\index_d_1.ix 65,536
01/10/11 14:53:12 commit D:\Documents and Settings\212042086\dtSearch Post Publishing\5133330-3t web excite3\5133330-3\root\data\Signa_Index\index_di_1.ix 65,536
01/10/11 14:53:12 commit D:\Documents and Settings\212042086\dtSearch Post Publishing\5133330-3t web excite3\5133330-3\root\data\Signa_Index\index_i_1.ix 675
01/10/11 14:53:12 commit D:\Documents and Settings\212042086\dtSearch Post Publishing\5133330-3t web excite3\5133330-3\root\data\Signa_Index\index_r_1.ix 23
01/10/11 14:53:12 commit D:\Documents and Settings\212042086\dtSearch Post Publishing\5133330-3t web excite3\5133330-3\root\data\Signa_Index\index_kl_1.ix 172,032
01/10/11 14:53:12 commit D:\Documents and Settings\212042086\dtSearch Post Publishing\5133330-3t web excite3\5133330-3\root\data\Signa_Index\index_klh_1.ix 34
01/10/11 14:53:12 directory commit D:\Documents and Settings\212042086\dtSearch Post Publishing\5133330-3t web excite3\5133330-3\root\data\Signa_Index\index_v.ix ok
01/10/11 14:53:12 close
01/10/11 14:53:12 clean
01/10/11 14:53:12 directory unlock
01/10/11 14:53:12 commit D:\Documents and Settings\212042086\dtSearch Post Publishing\5133330-3t web excite3\5133330-3\root\data\Signa_Index ok
01/10/11 14:53:13 clean
01/10/11 14:53:13 directory unlock
01/10/11 14:53:13 open edit D:\Documents and Settings\212042086\dtSearch Post Publishing\5133330-3t web excite3\5133330-3\root\data\Signa_Index
01/10/11 14:53:13 open edit index_k.ix
01/10/11 14:53:13 open index_k.ix 65,536
01/10/11 14:53:13 open append index_r.ix
01/10/11 14:53:13 open index_r.ix 23
01/10/11 14:53:13 open append index_d.ix
01/10/11 14:53:13 open index_d.ix 65,536
01/10/11 14:53:13 open append index_di.ix
01/10/11 14:53:13 open index_di.ix 65,536
01/10/11 14:53:13 open edit index_i.ix
01/10/11 14:53:13 open index_i.ix 675
01/10/11 14:53:13 open edit index_klh.ix
01/10/11 14:53:13 open index_klh.ix 34
01/10/11 14:53:13 open edit-r index_kl.ix
01/10/11 14:53:13 open index_kl.ix 172,032
01/10/11 14:54:06 commit D:\Documents and Settings\212042086\dtSearch Post Publishing\5133330-3t web excite3\5133330-3\root\data\Signa_Index\index_k_2.ix 65,536
01/10/11 14:54:06 commit D:\Documents and Settings\212042086\dtSearch Post Publishing\5133330-3t web excite3\5133330-3\root\data\Signa_Index\index_d_1.ix 1,310,720
01/10/11 14:54:06 commit D:\Documents and Settings\212042086\dtSearch Post Publishing\5133330-3t web excite3\5133330-3\root\data\Signa_Index\index_di_1.ix 65,536
01/10/11 14:54:06 commit D:\Documents and Settings\212042086\dtSearch Post Publishing\5133330-3t web excite3\5133330-3\root\data\Signa_Index\index_i_2.ix 2,115
01/10/11 14:54:06 commit D:\Documents and Settings\212042086\dtSearch Post Publishing\5133330-3t web excite3\5133330-3\root\data\Signa_Index\index_r_1.ix 2,993,747
01/10/11 14:54:07 commit D:\Documents and Settings\212042086\dtSearch Post Publishing\5133330-3t web excite3\5133330-3\root\data\Signa_Index\index_kl_1.ix 2,375,680
01/10/11 14:54:07 commit D:\Documents and Settings\212042086\dtSearch Post Publishing\5133330-3t web excite3\5133330-3\root\data\Signa_Index\index_klh_2.ix 202
01/10/11 14:54:07 directory commit D:\Documents and Settings\212042086\dtSearch Post Publishing\5133330-3t web excite3\5133330-3\root\data\Signa_Index\index_v_1.ix ok
01/10/11 14:54:07 close
01/10/11 14:54:07 clean
01/10/11 14:54:07 directory unlock
01/10/11 14:54:07 rename D:\Documents and Settings\212042086\dtSearch Post Publishing\5133330-3t web excite3\5133330-3\root\data\Signa_Index\index_v_1.ix D:\Documents and Settings\212042086\dtSearch Post Publishing\5133330-3t web excite3\5133330-3\root\data\Signa_Index\index_v.ix ok
01/10/11 14:54:07 commit D:\Documents and Settings\212042086\dtSearch Post Publishing\5133330-3t web excite3\5133330-3\root\data\Signa_Index ok
