03/17/2006 9:05:02 AM : Starting build.
03/17/2006 9:05:02 AM : Searching : D:\web page\2360027\sn\
03/17/2006 9:05:05 AM : Indexing 43 files
03/17/2006 9:05:05 AM : Extracting : D:\web page\2360027\sn\GEHW-SN112017_2.pdf
03/17/2006 9:05:05 AM : Extracting : D:\web page\2360027\sn\GEHW-SN112029.pdf
03/17/2006 9:05:06 AM : Extracting : D:\web page\2360027\sn\GEHW-SN112037.pdf
03/17/2006 9:05:06 AM : Extracting : D:\web page\2360027\sn\GEHW-SN130601A.pdf
03/17/2006 9:05:06 AM : Extracting : D:\web page\2360027\sn\SN05080610a.pdf
03/17/2006 9:05:06 AM : Extracting : D:\web page\2360027\sn\SN05080810b.pdf
03/17/2006 9:05:07 AM : Extracting : D:\web page\2360027\sn\SN05080916a.pdf
03/17/2006 9:05:07 AM : Extracting : D:\web page\2360027\sn\SN05081109a.pdf
03/17/2006 9:05:07 AM : Extracting : D:\web page\2360027\sn\SN05081620a.pdf
03/17/2006 9:05:07 AM : Extracting : D:\web page\2360027\sn\SN05081621a.pdf
03/17/2006 9:05:07 AM : Extracting : D:\web page\2360027\sn\SN05082409a.pdf
03/17/2006 9:05:08 AM : Extracting : D:\web page\2360027\sn\SN05082410a.pdf
03/17/2006 9:05:08 AM : Extracting : D:\web page\2360027\sn\SN05083009a.pdf
03/17/2006 9:05:08 AM : Extracting : D:\web page\2360027\sn\SN05090610a.pdf
03/17/2006 9:05:08 AM : Extracting : D:\web page\2360027\sn\SN05091210a.pdf
03/17/2006 9:05:09 AM : Extracting : D:\web page\2360027\sn\SN05102815a.pdf
03/17/2006 9:05:09 AM : Extracting : D:\web page\2360027\sn\SN05110411a.pdf
03/17/2006 9:05:09 AM : Extracting : D:\web page\2360027\sn\SN05110812a.pdf
03/17/2006 9:05:09 AM : Extracting : D:\web page\2360027\sn\SN05111710a.pdf
03/17/2006 9:05:09 AM : Extracting : D:\web page\2360027\sn\SN05111715a.pdf
03/17/2006 9:05:09 AM : Extracting : D:\web page\2360027\sn\SN05112116b.pdf
03/17/2006 9:05:10 AM : Extracting : D:\web page\2360027\sn\SN05112916a.pdf
03/17/2006 9:05:10 AM : Extracting : D:\web page\2360027\sn\SN05120511a.pdf
03/17/2006 9:05:10 AM : Extracting : D:\web page\2360027\sn\SN05121410a.pdf
03/17/2006 9:05:10 AM : Extracting : D:\web page\2360027\sn\SN06011607a.pdf
03/17/2006 9:05:11 AM : Extracting : D:\web page\2360027\sn\SN06013010a.pdf
03/17/2006 9:05:11 AM : Extracting : D:\web page\2360027\sn\SN06013108a.pdf
03/17/2006 9:05:11 AM : Extracting : D:\web page\2360027\sn\SN06022010a.pdf
03/17/2006 9:05:12 AM : Extracting : D:\web page\2360027\sn\SN06030809a.pdf
03/17/2006 9:05:12 AM : Extracting : D:\web page\2360027\sn\t1395.pdf
03/17/2006 9:05:12 AM : Extracting : D:\web page\2360027\sn\t1406.pdf
03/17/2006 9:05:12 AM : Extracting : D:\web page\2360027\sn\t1420.pdf
03/17/2006 9:05:12 AM : Extracting : D:\web page\2360027\sn\t1421.pdf
03/17/2006 9:05:13 AM : Extracting : D:\web page\2360027\sn\t1428.pdf
03/17/2006 9:05:18 AM : Extracting : D:\web page\2360027\sn\t1432.pdf
03/17/2006 9:05:18 AM : Extracting : D:\web page\2360027\sn\t1434.pdf
03/17/2006 9:05:18 AM : Extracting : D:\web page\2360027\sn\t1435.pdf
03/17/2006 9:05:19 AM : Extracting : D:\web page\2360027\sn\t1437.pdf
03/17/2006 9:05:19 AM : Extracting : D:\web page\2360027\sn\t1439.pdf
03/17/2006 9:05:19 AM : Extracting : D:\web page\2360027\sn\t1443.pdf
03/17/2006 9:05:20 AM : Extracting : D:\web page\2360027\sn\t1445.pdf
03/17/2006 9:05:20 AM : Extracting : D:\web page\2360027\sn\t1446.pdf
03/17/2006 9:05:20 AM : Extracting : D:\web page\2360027\sn\t1450.pdf
03/17/2006 9:05:21 AM : Creating Index
03/17/2006 9:05:22 AM :   Total PDF files in all directories : 43
03/17/2006 9:05:22 AM :   Total new files : 43
03/17/2006 9:05:22 AM :   Total pages indexed : 282
03/17/2006 9:05:22 AM :   Total number of files skipped : 0
03/17/2006 9:05:22 AM :   Total deleted files : 0
03/17/2006 9:05:22 AM : Index build successful.

08/10/2006 2:53:32 PM : Starting rebuild
08/10/2006 2:53:32 PM : Deleting files from current index
08/10/2006 2:53:32 PM : Deleting : D:\web page\2360027\sn\service_notes\index.idx
08/10/2006 2:53:32 PM : Deleting : D:\web page\2360027\sn\service_notes\index1.idx
08/10/2006 2:53:32 PM : Searching : D:\web page\2360027\sn\
08/10/2006 2:53:35 PM : Indexing 50 files
08/10/2006 2:53:35 PM : Extracting : D:\web page\2360027\sn\GEHW-SN112017_2.pdf
08/10/2006 2:53:36 PM : Extracting : D:\web page\2360027\sn\GEHW-SN112029.pdf
08/10/2006 2:53:36 PM : Extracting : D:\web page\2360027\sn\GEHW-SN112037.pdf
08/10/2006 2:53:36 PM : Extracting : D:\web page\2360027\sn\GEHW-SN130601A.pdf
08/10/2006 2:53:36 PM : Extracting : D:\web page\2360027\sn\SN05080610a.pdf
08/10/2006 2:53:36 PM : Extracting : D:\web page\2360027\sn\SN05080810b.pdf
08/10/2006 2:53:37 PM : Extracting : D:\web page\2360027\sn\SN05080916a.pdf
08/10/2006 2:53:37 PM : Extracting : D:\web page\2360027\sn\SN05081109a.pdf
08/10/2006 2:53:37 PM : Extracting : D:\web page\2360027\sn\SN05081620a.pdf
08/10/2006 2:53:37 PM : Extracting : D:\web page\2360027\sn\SN05081621a.pdf
08/10/2006 2:53:37 PM : Extracting : D:\web page\2360027\sn\SN05082409a.pdf
08/10/2006 2:53:37 PM : Extracting : D:\web page\2360027\sn\SN05082410a.pdf
08/10/2006 2:53:38 PM : Extracting : D:\web page\2360027\sn\SN05083009a.pdf
08/10/2006 2:53:38 PM : Extracting : D:\web page\2360027\sn\SN05090610a.pdf
08/10/2006 2:53:38 PM : Extracting : D:\web page\2360027\sn\SN05091210b.pdf
08/10/2006 2:53:38 PM : Extracting : D:\web page\2360027\sn\SN05102815a.pdf
08/10/2006 2:53:38 PM : Extracting : D:\web page\2360027\sn\SN05110411a.pdf
08/10/2006 2:53:39 PM : Extracting : D:\web page\2360027\sn\SN05110812a.pdf
08/10/2006 2:53:39 PM : Extracting : D:\web page\2360027\sn\SN05111710a.pdf
08/10/2006 2:53:39 PM : Extracting : D:\web page\2360027\sn\SN05111715a.pdf
08/10/2006 2:53:39 PM : Extracting : D:\web page\2360027\sn\SN05112116b.pdf
08/10/2006 2:53:39 PM : Extracting : D:\web page\2360027\sn\SN05112916a.pdf
08/10/2006 2:53:40 PM : Extracting : D:\web page\2360027\sn\SN05120511a.pdf
08/10/2006 2:53:40 PM : Extracting : D:\web page\2360027\sn\SN05121410a.pdf
08/10/2006 2:53:40 PM : Extracting : D:\web page\2360027\sn\SN06011607a.pdf
08/10/2006 2:53:40 PM : Extracting : D:\web page\2360027\sn\SN06013010a.pdf
08/10/2006 2:53:40 PM : Extracting : D:\web page\2360027\sn\SN06013108a.pdf
08/10/2006 2:53:41 PM : Extracting : D:\web page\2360027\sn\SN06022010a.pdf
08/10/2006 2:53:41 PM : Extracting : D:\web page\2360027\sn\SN06022713a.pdf
08/10/2006 2:53:41 PM : Extracting : D:\web page\2360027\sn\SN06030809a.pdf
08/10/2006 2:53:41 PM : Extracting : D:\web page\2360027\sn\SN06051009a.pdf
08/10/2006 2:53:42 PM : Extracting : D:\web page\2360027\sn\SN06051511a.pdf
08/10/2006 2:53:42 PM : Extracting : D:\web page\2360027\sn\SN06052311a.pdf
08/10/2006 2:53:42 PM : Extracting : D:\web page\2360027\sn\SN06061311a.pdf
08/10/2006 2:53:43 PM : Extracting : D:\web page\2360027\sn\SN06062207b.pdf
08/10/2006 2:53:43 PM : Extracting : D:\web page\2360027\sn\SN06071117a.pdf
08/10/2006 2:53:43 PM : Extracting : D:\web page\2360027\sn\t1395.pdf
08/10/2006 2:53:44 PM : Extracting : D:\web page\2360027\sn\t1406.pdf
08/10/2006 2:53:44 PM : Extracting : D:\web page\2360027\sn\t1420.pdf
08/10/2006 2:53:44 PM : Extracting : D:\web page\2360027\sn\t1421.pdf
08/10/2006 2:53:44 PM : Extracting : D:\web page\2360027\sn\t1428.pdf
08/10/2006 2:53:49 PM : Extracting : D:\web page\2360027\sn\t1432.pdf
08/10/2006 2:53:50 PM : Extracting : D:\web page\2360027\sn\t1434.pdf
08/10/2006 2:53:50 PM : Extracting : D:\web page\2360027\sn\t1435.pdf
08/10/2006 2:53:50 PM : Extracting : D:\web page\2360027\sn\t1437.pdf
08/10/2006 2:53:51 PM : Extracting : D:\web page\2360027\sn\t1439.pdf
08/10/2006 2:53:51 PM : Extracting : D:\web page\2360027\sn\t1443.pdf
08/10/2006 2:53:52 PM : Extracting : D:\web page\2360027\sn\t1445.pdf
08/10/2006 2:53:52 PM : Extracting : D:\web page\2360027\sn\t1446.pdf
08/10/2006 2:53:52 PM : Extracting : D:\web page\2360027\sn\t1450.pdf
08/10/2006 2:53:52 PM : Creating Index
08/10/2006 2:53:54 PM :   Total PDF files in all directories : 50
08/10/2006 2:53:54 PM :   Total new files : 50
08/10/2006 2:53:54 PM :   Total pages indexed : 307
08/10/2006 2:53:54 PM :   Total number of files skipped : 0
08/10/2006 2:53:54 PM :   Total deleted files : 0
08/10/2006 2:53:54 PM : Index build successful.

12/07/2006 5:57:40 PM : Starting rebuild
12/07/2006 5:57:40 PM : Deleting files from current index
12/07/2006 5:57:40 PM : Deleting : D:\web page\2360027\sn\service_notes\index.idx
12/07/2006 5:57:40 PM : Deleting : D:\web page\2360027\sn\service_notes\index1.idx
12/07/2006 5:57:40 PM : Searching : D:\web page\2360027\sn\
12/07/2006 5:57:45 PM : Indexing 64 files
12/07/2006 5:57:45 PM : Extracting : D:\web page\2360027\sn\GEHW-SN112017_2.pdf
12/07/2006 5:57:45 PM : Extracting : D:\web page\2360027\sn\GEHW-SN112029.pdf
12/07/2006 5:57:45 PM : Extracting : D:\web page\2360027\sn\GEHW-SN112037.pdf
12/07/2006 5:57:45 PM : Extracting : D:\web page\2360027\sn\GEHW-SN130601A.pdf
12/07/2006 5:57:45 PM : Extracting : D:\web page\2360027\sn\SN05080610a.pdf
12/07/2006 5:57:46 PM : Extracting : D:\web page\2360027\sn\SN05080810b.pdf
12/07/2006 5:57:46 PM : Extracting : D:\web page\2360027\sn\SN05080916a.pdf
12/07/2006 5:57:46 PM : Extracting : D:\web page\2360027\sn\SN05081109a.pdf
12/07/2006 5:57:46 PM : Extracting : D:\web page\2360027\sn\SN05081620a.pdf
12/07/2006 5:57:46 PM : Extracting : D:\web page\2360027\sn\SN05081621a.pdf
12/07/2006 5:57:46 PM : Extracting : D:\web page\2360027\sn\SN05082409a.pdf
12/07/2006 5:57:47 PM : Extracting : D:\web page\2360027\sn\SN05082410a.pdf
12/07/2006 5:57:47 PM : Extracting : D:\web page\2360027\sn\SN05083009a.pdf
12/07/2006 5:57:47 PM : Extracting : D:\web page\2360027\sn\SN05090610a.pdf
12/07/2006 5:57:47 PM : Extracting : D:\web page\2360027\sn\SN05091210b.pdf
12/07/2006 5:57:47 PM : Extracting : D:\web page\2360027\sn\SN05102815a.pdf
12/07/2006 5:57:48 PM : Extracting : D:\web page\2360027\sn\SN05110411a.pdf
12/07/2006 5:57:48 PM : Extracting : D:\web page\2360027\sn\SN05110812a.pdf
12/07/2006 5:57:48 PM : Extracting : D:\web page\2360027\sn\SN05111710a.pdf
12/07/2006 5:57:48 PM : Extracting : D:\web page\2360027\sn\SN05111715a.pdf
12/07/2006 5:57:48 PM : Extracting : D:\web page\2360027\sn\SN05112116b.pdf
12/07/2006 5:57:48 PM : Extracting : D:\web page\2360027\sn\SN05112916a.pdf
12/07/2006 5:57:49 PM : Extracting : D:\web page\2360027\sn\SN05120511a.pdf
12/07/2006 5:57:49 PM : Extracting : D:\web page\2360027\sn\SN05121410a.pdf
12/07/2006 5:57:49 PM : Extracting : D:\web page\2360027\sn\SN06011607a.pdf
12/07/2006 5:57:49 PM : Extracting : D:\web page\2360027\sn\SN06013010a.pdf
12/07/2006 5:57:49 PM : Extracting : D:\web page\2360027\sn\SN06013108a.pdf
12/07/2006 5:57:50 PM : Extracting : D:\web page\2360027\sn\SN06022010a.pdf
12/07/2006 5:57:50 PM : Extracting : D:\web page\2360027\sn\SN06022713a.pdf
12/07/2006 5:57:50 PM : Extracting : D:\web page\2360027\sn\SN06030809a.pdf
12/07/2006 5:57:50 PM : Extracting : D:\web page\2360027\sn\SN06051009a.pdf
12/07/2006 5:57:51 PM : Extracting : D:\web page\2360027\sn\SN06051511a.pdf
12/07/2006 5:57:51 PM : Extracting : D:\web page\2360027\sn\SN06052311a.pdf
12/07/2006 5:57:51 PM : Extracting : D:\web page\2360027\sn\SN06061311a.pdf
12/07/2006 5:57:51 PM : Extracting : D:\web page\2360027\sn\SN06062207b.pdf
12/07/2006 5:57:52 PM : Extracting : D:\web page\2360027\sn\SN06071117a.pdf
12/07/2006 5:57:52 PM : Extracting : D:\web page\2360027\sn\SN06080312a.pdf
12/07/2006 5:57:53 PM : Extracting : D:\web page\2360027\sn\SN06081808a.pdf
12/07/2006 5:57:53 PM : Extracting : D:\web page\2360027\sn\SN06082812a.pdf
12/07/2006 5:57:53 PM : Extracting : D:\web page\2360027\sn\SN06090708a.pdf
12/07/2006 5:57:53 PM : Extracting : D:\web page\2360027\sn\SN06101010a.pdf
12/07/2006 5:57:54 PM : Extracting : D:\web page\2360027\sn\SN06101011a.pdf
12/07/2006 5:57:54 PM : Extracting : D:\web page\2360027\sn\SN06101012a.pdf
12/07/2006 5:57:54 PM : Extracting : D:\web page\2360027\sn\SN06101213a.pdf
12/07/2006 5:57:55 PM : Extracting : D:\web page\2360027\sn\SN06101714a.pdf
12/07/2006 5:57:55 PM : Extracting : D:\web page\2360027\sn\SN06101806a.pdf
12/07/2006 5:57:55 PM : Extracting : D:\web page\2360027\sn\SN06102022a.pdf
12/07/2006 5:57:55 PM : Extracting : D:\web page\2360027\sn\SN06102121a.pdf
12/07/2006 5:57:55 PM : Extracting : D:\web page\2360027\sn\SN06110805a.pdf
12/07/2006 5:57:56 PM : Extracting : D:\web page\2360027\sn\SN06112814a.pdf
12/07/2006 5:57:56 PM : Extracting : D:\web page\2360027\sn\t1395.pdf
12/07/2006 5:57:56 PM : Extracting : D:\web page\2360027\sn\t1406.pdf
12/07/2006 5:57:56 PM : Extracting : D:\web page\2360027\sn\t1420.pdf
12/07/2006 5:57:57 PM : Extracting : D:\web page\2360027\sn\t1421.pdf
12/07/2006 5:57:57 PM : Extracting : D:\web page\2360027\sn\t1428.pdf
12/07/2006 5:58:02 PM : Extracting : D:\web page\2360027\sn\t1432.pdf
12/07/2006 5:58:02 PM : Extracting : D:\web page\2360027\sn\t1434.pdf
12/07/2006 5:58:03 PM : Extracting : D:\web page\2360027\sn\t1435.pdf
12/07/2006 5:58:03 PM : Extracting : D:\web page\2360027\sn\t1437.pdf
12/07/2006 5:58:03 PM : Extracting : D:\web page\2360027\sn\t1439.pdf
12/07/2006 5:58:04 PM : Extracting : D:\web page\2360027\sn\t1443.pdf
12/07/2006 5:58:04 PM : Extracting : D:\web page\2360027\sn\t1445.pdf
12/07/2006 5:58:04 PM : Extracting : D:\web page\2360027\sn\t1446.pdf
12/07/2006 5:58:05 PM : Extracting : D:\web page\2360027\sn\t1450.pdf
12/07/2006 5:58:05 PM : Creating Index
12/07/2006 5:58:06 PM :   Total PDF files in all directories : 64
12/07/2006 5:58:06 PM :   Total new files : 64
12/07/2006 5:58:07 PM :   Total pages indexed : 351
12/07/2006 5:58:07 PM :   Total number of files skipped : 0
12/07/2006 5:58:07 PM :   Total deleted files : 0
12/07/2006 5:58:07 PM : Index build successful.

06/21/2007 10:11:10 AM : Starting rebuild of Index : D:\DVD Images\2360027-300r12\sn\service_notes.pdx
06/21/2007 10:11:10 AM : Deleting files from current index
06/21/2007 10:11:10 AM : Deleting : D:\DVD Images\2360027-300r12\sn\service_notes\index.idx
06/21/2007 10:11:10 AM : Deleting : D:\DVD Images\2360027-300r12\sn\service_notes\index1.idx
06/21/2007 10:11:10 AM : Searching : D:\DVD Images\2360027-300r12\sn\
06/21/2007 10:11:12 AM : Indexing 80 files
06/21/2007 10:11:12 AM : Extracting : D:\DVD Images\2360027-300r12\sn\GEHW-SN112017_2.pdf
06/21/2007 10:11:12 AM : Extracting : D:\DVD Images\2360027-300r12\sn\GEHW-SN112029.pdf
06/21/2007 10:11:13 AM : Extracting : D:\DVD Images\2360027-300r12\sn\GEHW-SN112037.pdf
06/21/2007 10:11:13 AM : Extracting : D:\DVD Images\2360027-300r12\sn\GEHW-SN130601A.pdf
06/21/2007 10:11:13 AM : Extracting : D:\DVD Images\2360027-300r12\sn\SN05080610a.pdf
06/21/2007 10:11:13 AM : Extracting : D:\DVD Images\2360027-300r12\sn\SN05080810b.pdf
06/21/2007 10:11:13 AM : Extracting : D:\DVD Images\2360027-300r12\sn\SN05080916a.pdf
06/21/2007 10:11:13 AM : Extracting : D:\DVD Images\2360027-300r12\sn\SN05081109a.pdf
06/21/2007 10:11:13 AM : Extracting : D:\DVD Images\2360027-300r12\sn\SN05081620a.pdf
06/21/2007 10:11:13 AM : Extracting : D:\DVD Images\2360027-300r12\sn\SN05081621a.pdf
06/21/2007 10:11:13 AM : Extracting : D:\DVD Images\2360027-300r12\sn\SN05082409a.pdf
06/21/2007 10:11:13 AM : Extracting : D:\DVD Images\2360027-300r12\sn\SN05082410a.pdf
06/21/2007 10:11:13 AM : Extracting : D:\DVD Images\2360027-300r12\sn\SN05083009a.pdf
06/21/2007 10:11:13 AM : Extracting : D:\DVD Images\2360027-300r12\sn\SN05090610a.pdf
06/21/2007 10:11:13 AM : Extracting : D:\DVD Images\2360027-300r12\sn\SN05091210d.pdf
06/21/2007 10:11:14 AM : Extracting : D:\DVD Images\2360027-300r12\sn\SN05102815a.pdf
06/21/2007 10:11:14 AM : Extracting : D:\DVD Images\2360027-300r12\sn\SN05110411a.pdf
06/21/2007 10:11:14 AM : Extracting : D:\DVD Images\2360027-300r12\sn\SN05110812a.pdf
06/21/2007 10:11:14 AM : Extracting : D:\DVD Images\2360027-300r12\sn\SN05111710a.pdf
06/21/2007 10:11:14 AM : Extracting : D:\DVD Images\2360027-300r12\sn\SN05111715a.pdf
06/21/2007 10:11:14 AM : Extracting : D:\DVD Images\2360027-300r12\sn\SN05112116b.pdf
06/21/2007 10:11:14 AM : Extracting : D:\DVD Images\2360027-300r12\sn\SN05112916a.pdf
06/21/2007 10:11:14 AM : Extracting : D:\DVD Images\2360027-300r12\sn\SN05120511a.pdf
06/21/2007 10:11:14 AM : Extracting : D:\DVD Images\2360027-300r12\sn\SN05121410a.pdf
06/21/2007 10:11:14 AM : Extracting : D:\DVD Images\2360027-300r12\sn\SN06011607a.pdf
06/21/2007 10:11:14 AM : Extracting : D:\DVD Images\2360027-300r12\sn\SN06013010a.pdf
06/21/2007 10:11:14 AM : Extracting : D:\DVD Images\2360027-300r12\sn\SN06013108a.pdf
06/21/2007 10:11:15 AM : Extracting : D:\DVD Images\2360027-300r12\sn\SN06022010a.pdf
06/21/2007 10:11:15 AM : Extracting : D:\DVD Images\2360027-300r12\sn\SN06022713a.pdf
06/21/2007 10:11:15 AM : Extracting : D:\DVD Images\2360027-300r12\sn\SN06030809a.pdf
06/21/2007 10:11:15 AM : Extracting : D:\DVD Images\2360027-300r12\sn\SN06051009a.pdf
06/21/2007 10:11:15 AM : Extracting : D:\DVD Images\2360027-300r12\sn\SN06051511a.pdf
06/21/2007 10:11:15 AM : Extracting : D:\DVD Images\2360027-300r12\sn\SN06052311a.pdf
06/21/2007 10:11:15 AM : Extracting : D:\DVD Images\2360027-300r12\sn\SN06061311a.pdf
06/21/2007 10:11:15 AM : Extracting : D:\DVD Images\2360027-300r12\sn\SN06062207b.pdf
06/21/2007 10:11:16 AM : Extracting : D:\DVD Images\2360027-300r12\sn\SN06071117a.pdf
06/21/2007 10:11:16 AM : Extracting : D:\DVD Images\2360027-300r12\sn\SN06080312a.pdf
06/21/2007 10:11:16 AM : Extracting : D:\DVD Images\2360027-300r12\sn\SN06081808a.pdf
06/21/2007 10:11:16 AM : Extracting : D:\DVD Images\2360027-300r12\sn\SN06082812a.pdf
06/21/2007 10:11:16 AM : Extracting : D:\DVD Images\2360027-300r12\sn\SN06090708a.pdf
06/21/2007 10:11:16 AM : Extracting : D:\DVD Images\2360027-300r12\sn\SN06101010a.pdf
06/21/2007 10:11:17 AM : Extracting : D:\DVD Images\2360027-300r12\sn\SN06101011a.pdf
06/21/2007 10:11:17 AM : Extracting : D:\DVD Images\2360027-300r12\sn\SN06101012a.pdf
06/21/2007 10:11:17 AM : Extracting : D:\DVD Images\2360027-300r12\sn\SN06101213a.pdf
06/21/2007 10:11:17 AM : Extracting : D:\DVD Images\2360027-300r12\sn\SN06101714a.pdf
06/21/2007 10:11:17 AM : Extracting : D:\DVD Images\2360027-300r12\sn\SN06101806a.pdf
06/21/2007 10:11:17 AM : Extracting : D:\DVD Images\2360027-300r12\sn\SN06102022a.pdf
06/21/2007 10:11:17 AM : Extracting : D:\DVD Images\2360027-300r12\sn\SN06102121a.pdf
06/21/2007 10:11:17 AM : Extracting : D:\DVD Images\2360027-300r12\sn\SN06110805a.pdf
06/21/2007 10:11:18 AM : Extracting : D:\DVD Images\2360027-300r12\sn\SN06112814a.pdf
06/21/2007 10:11:18 AM : Extracting : D:\DVD Images\2360027-300r12\sn\SN06120807a.pdf
06/21/2007 10:11:18 AM : Extracting : D:\DVD Images\2360027-300r12\sn\SN06121110a.pdf
06/21/2007 10:11:18 AM : Extracting : D:\DVD Images\2360027-300r12\sn\SN06121211a.pdf
06/21/2007 10:11:18 AM : Extracting : D:\DVD Images\2360027-300r12\sn\SN07010810a.pdf
06/21/2007 10:11:19 AM : Extracting : D:\DVD Images\2360027-300r12\sn\SN07011917a.pdf
06/21/2007 10:11:19 AM : Extracting : D:\DVD Images\2360027-300r12\sn\SN07012210a.pdf
06/21/2007 10:11:19 AM : Extracting : D:\DVD Images\2360027-300r12\sn\SN07012213a.pdf
06/21/2007 10:11:20 AM : Extracting : D:\DVD Images\2360027-300r12\sn\SN07012409a.pdf
06/21/2007 10:11:20 AM : Extracting : D:\DVD Images\2360027-300r12\sn\SN07012514a.pdf
06/21/2007 10:11:20 AM : Extracting : D:\DVD Images\2360027-300r12\sn\SN07012909a.pdf
06/21/2007 10:11:20 AM : Extracting : D:\DVD Images\2360027-300r12\sn\SN07021310a.pdf
06/21/2007 10:11:20 AM : Extracting : D:\DVD Images\2360027-300r12\sn\SN07030710a.pdf
06/21/2007 10:11:20 AM : Extracting : D:\DVD Images\2360027-300r12\sn\SN07041216a.pdf
06/21/2007 10:11:20 AM : Extracting : D:\DVD Images\2360027-300r12\sn\SN07051613a.pdf
06/21/2007 10:11:20 AM : Extracting : D:\DVD Images\2360027-300r12\sn\SN07060412a.pdf
06/21/2007 10:11:20 AM : Extracting : D:\DVD Images\2360027-300r12\sn\SN07061215a.pdf
06/21/2007 10:11:21 AM : Extracting : D:\DVD Images\2360027-300r12\sn\t1395.pdf
06/21/2007 10:11:21 AM : Extracting : D:\DVD Images\2360027-300r12\sn\t1406.pdf
06/21/2007 10:11:21 AM : Extracting : D:\DVD Images\2360027-300r12\sn\t1420.pdf
06/21/2007 10:11:21 AM : Extracting : D:\DVD Images\2360027-300r12\sn\t1421.pdf
06/21/2007 10:11:21 AM : Extracting : D:\DVD Images\2360027-300r12\sn\t1428.pdf
06/21/2007 10:11:24 AM : Extracting : D:\DVD Images\2360027-300r12\sn\t1432.pdf
06/21/2007 10:11:24 AM : Extracting : D:\DVD Images\2360027-300r12\sn\t1434.pdf
06/21/2007 10:11:25 AM : Extracting : D:\DVD Images\2360027-300r12\sn\t1435.pdf
06/21/2007 10:11:25 AM : Extracting : D:\DVD Images\2360027-300r12\sn\t1437.pdf
06/21/2007 10:11:25 AM : Extracting : D:\DVD Images\2360027-300r12\sn\t1439.pdf
06/21/2007 10:11:25 AM : Extracting : D:\DVD Images\2360027-300r12\sn\t1443.pdf
06/21/2007 10:11:25 AM : Extracting : D:\DVD Images\2360027-300r12\sn\t1445.pdf
06/21/2007 10:11:25 AM : Extracting : D:\DVD Images\2360027-300r12\sn\t1446.pdf
06/21/2007 10:11:26 AM : Extracting : D:\DVD Images\2360027-300r12\sn\t1450.pdf
06/21/2007 10:11:26 AM : Creating Index
06/21/2007 10:11:28 AM :   Total PDF files in all directories : 80
06/21/2007 10:11:28 AM :   Total PDF attachments : 0
06/21/2007 10:11:28 AM :   Total new files : 80
06/21/2007 10:11:28 AM :   Total pages indexed : 404
06/21/2007 10:11:28 AM :   Total number of files skipped : 0
06/21/2007 10:11:28 AM :   Total deleted files : 0
06/21/2007 10:11:28 AM : Index build successful.

12/17/2007 12:52:09 PM : Starting rebuild of Index : F:\2360027 copy for CT DVD Rev 13\sn\service_notes.pdx
12/17/2007 12:52:09 PM : Deleting files from current index
12/17/2007 12:52:09 PM : Deleting : F:\2360027 copy for CT DVD Rev 13\sn\service_notes\index.idx
12/17/2007 12:52:09 PM : Deleting : F:\2360027 copy for CT DVD Rev 13\sn\service_notes\index1.idx
12/17/2007 12:52:09 PM : Searching : F:\2360027 copy for CT DVD Rev 13\sn\
12/17/2007 12:52:12 PM : Indexing 99 files
12/17/2007 12:52:12 PM : Extracting : F:\2360027 copy for CT DVD Rev 13\sn\GEHW-SN112017_2.pdf
12/17/2007 12:52:12 PM : Extracting : F:\2360027 copy for CT DVD Rev 13\sn\GEHW-SN112029.pdf
12/17/2007 12:52:12 PM : Extracting : F:\2360027 copy for CT DVD Rev 13\sn\GEHW-SN112037.pdf
12/17/2007 12:52:13 PM : Extracting : F:\2360027 copy for CT DVD Rev 13\sn\GEHW-SN130601A.pdf
12/17/2007 12:52:13 PM : Extracting : F:\2360027 copy for CT DVD Rev 13\sn\SN05080610a.pdf
12/17/2007 12:52:13 PM : Extracting : F:\2360027 copy for CT DVD Rev 13\sn\SN05080810b.pdf
12/17/2007 12:52:13 PM : Extracting : F:\2360027 copy for CT DVD Rev 13\sn\SN05080916a.pdf
12/17/2007 12:52:13 PM : Extracting : F:\2360027 copy for CT DVD Rev 13\sn\SN05081109a.pdf
12/17/2007 12:52:13 PM : Extracting : F:\2360027 copy for CT DVD Rev 13\sn\SN05081620a.pdf
12/17/2007 12:52:13 PM : Extracting : F:\2360027 copy for CT DVD Rev 13\sn\SN05081621a.pdf
12/17/2007 12:52:13 PM : Extracting : F:\2360027 copy for CT DVD Rev 13\sn\SN05082409a.pdf
12/17/2007 12:52:14 PM : Extracting : F:\2360027 copy for CT DVD Rev 13\sn\SN05082410a.pdf
12/17/2007 12:52:14 PM : Extracting : F:\2360027 copy for CT DVD Rev 13\sn\SN05083009a.pdf
12/17/2007 12:52:14 PM : Extracting : F:\2360027 copy for CT DVD Rev 13\sn\SN05090610a.pdf
12/17/2007 12:52:14 PM : Extracting : F:\2360027 copy for CT DVD Rev 13\sn\SN05102815a.pdf
12/17/2007 12:52:14 PM : Extracting : F:\2360027 copy for CT DVD Rev 13\sn\SN05110411a.pdf
12/17/2007 12:52:14 PM : Extracting : F:\2360027 copy for CT DVD Rev 13\sn\SN05110812a.pdf
12/17/2007 12:52:15 PM : Extracting : F:\2360027 copy for CT DVD Rev 13\sn\SN05111710a.pdf
12/17/2007 12:52:15 PM : Extracting : F:\2360027 copy for CT DVD Rev 13\sn\SN05111715a.pdf
12/17/2007 12:52:15 PM : Extracting : F:\2360027 copy for CT DVD Rev 13\sn\SN05112116b.pdf
12/17/2007 12:52:15 PM : Extracting : F:\2360027 copy for CT DVD Rev 13\sn\SN05112916a.pdf
12/17/2007 12:52:15 PM : Extracting : F:\2360027 copy for CT DVD Rev 13\sn\SN05120511a.pdf
12/17/2007 12:52:15 PM : Extracting : F:\2360027 copy for CT DVD Rev 13\sn\SN05121410a.pdf
12/17/2007 12:52:16 PM : Extracting : F:\2360027 copy for CT DVD Rev 13\sn\SN06011607a.pdf
12/17/2007 12:52:16 PM : Extracting : F:\2360027 copy for CT DVD Rev 13\sn\SN06013010a.pdf
12/17/2007 12:52:16 PM : Extracting : F:\2360027 copy for CT DVD Rev 13\sn\SN06013108a.pdf
12/17/2007 12:52:16 PM : Extracting : F:\2360027 copy for CT DVD Rev 13\sn\SN06022010a.pdf
12/17/2007 12:52:16 PM : Extracting : F:\2360027 copy for CT DVD Rev 13\sn\SN06022713a.pdf
12/17/2007 12:52:17 PM : Extracting : F:\2360027 copy for CT DVD Rev 13\sn\SN06030809a.pdf
12/17/2007 12:52:17 PM : Extracting : F:\2360027 copy for CT DVD Rev 13\sn\SN06051009a.pdf
12/17/2007 12:52:17 PM : Extracting : F:\2360027 copy for CT DVD Rev 13\sn\SN06051511a.pdf
12/17/2007 12:52:17 PM : Extracting : F:\2360027 copy for CT DVD Rev 13\sn\SN06052311a.pdf
12/17/2007 12:52:18 PM : Extracting : F:\2360027 copy for CT DVD Rev 13\sn\SN06061311a.pdf
12/17/2007 12:52:18 PM : Extracting : F:\2360027 copy for CT DVD Rev 13\sn\SN06062207b.pdf
12/17/2007 12:52:18 PM : Extracting : F:\2360027 copy for CT DVD Rev 13\sn\SN06071117a.pdf
12/17/2007 12:52:19 PM : Extracting : F:\2360027 copy for CT DVD Rev 13\sn\SN06080312a.pdf
12/17/2007 12:52:19 PM : Extracting : F:\2360027 copy for CT DVD Rev 13\sn\SN06081808a.pdf
12/17/2007 12:52:20 PM : Extracting : F:\2360027 copy for CT DVD Rev 13\sn\SN06082812a.pdf
12/17/2007 12:52:20 PM : Extracting : F:\2360027 copy for CT DVD Rev 13\sn\SN06090708a.pdf
12/17/2007 12:52:20 PM : Extracting : F:\2360027 copy for CT DVD Rev 13\sn\SN06101010a.pdf
12/17/2007 12:52:20 PM : Extracting : F:\2360027 copy for CT DVD Rev 13\sn\SN06101011a.pdf
12/17/2007 12:52:21 PM : Extracting : F:\2360027 copy for CT DVD Rev 13\sn\SN06101012a.pdf
12/17/2007 12:52:21 PM : Extracting : F:\2360027 copy for CT DVD Rev 13\sn\SN06101213a.pdf
12/17/2007 12:52:21 PM : Extracting : F:\2360027 copy for CT DVD Rev 13\sn\SN06101806a.pdf
12/17/2007 12:52:21 PM : Extracting : F:\2360027 copy for CT DVD Rev 13\sn\SN06102022a.pdf
12/17/2007 12:52:22 PM : Extracting : F:\2360027 copy for CT DVD Rev 13\sn\SN06102121a.pdf
12/17/2007 12:52:22 PM : Extracting : F:\2360027 copy for CT DVD Rev 13\sn\SN06110805a.pdf
12/17/2007 12:52:22 PM : Extracting : F:\2360027 copy for CT DVD Rev 13\sn\SN06112814a.pdf
12/17/2007 12:52:22 PM : Extracting : F:\2360027 copy for CT DVD Rev 13\sn\SN06120807a.pdf
12/17/2007 12:52:22 PM : Extracting : F:\2360027 copy for CT DVD Rev 13\sn\SN06121110a.pdf
12/17/2007 12:52:23 PM : Extracting : F:\2360027 copy for CT DVD Rev 13\sn\SN06121211a.pdf
12/17/2007 12:52:23 PM : Extracting : F:\2360027 copy for CT DVD Rev 13\sn\SN07010810a.pdf
12/17/2007 12:52:24 PM : Extracting : F:\2360027 copy for CT DVD Rev 13\sn\SN07011917a.pdf
12/17/2007 12:52:24 PM : Extracting : F:\2360027 copy for CT DVD Rev 13\sn\SN07012210a.pdf
12/17/2007 12:52:24 PM : Extracting : F:\2360027 copy for CT DVD Rev 13\sn\SN07012213a.pdf
12/17/2007 12:52:24 PM : Extracting : F:\2360027 copy for CT DVD Rev 13\sn\SN07012409a.pdf
12/17/2007 12:52:25 PM : Extracting : F:\2360027 copy for CT DVD Rev 13\sn\SN07012514a.pdf
12/17/2007 12:52:25 PM : Extracting : F:\2360027 copy for CT DVD Rev 13\sn\SN07012909a.pdf
12/17/2007 12:52:25 PM : Extracting : F:\2360027 copy for CT DVD Rev 13\sn\SN07021310a.pdf
12/17/2007 12:52:25 PM : Extracting : F:\2360027 copy for CT DVD Rev 13\sn\SN07030710a.pdf
12/17/2007 12:52:26 PM : Extracting : F:\2360027 copy for CT DVD Rev 13\sn\SN07041216a.pdf
12/17/2007 12:52:26 PM : Extracting : F:\2360027 copy for CT DVD Rev 13\sn\t1395.pdf
12/17/2007 12:52:26 PM : Extracting : F:\2360027 copy for CT DVD Rev 13\sn\t1406.pdf
12/17/2007 12:52:26 PM : Extracting : F:\2360027 copy for CT DVD Rev 13\sn\t1420.pdf
12/17/2007 12:52:27 PM : Extracting : F:\2360027 copy for CT DVD Rev 13\sn\t1421.pdf
12/17/2007 12:52:27 PM : Extracting : F:\2360027 copy for CT DVD Rev 13\sn\t1428.pdf
12/17/2007 12:52:37 PM : Extracting : F:\2360027 copy for CT DVD Rev 13\sn\t1432.pdf
12/17/2007 12:52:37 PM : Extracting : F:\2360027 copy for CT DVD Rev 13\sn\t1434.pdf
12/17/2007 12:52:38 PM : Extracting : F:\2360027 copy for CT DVD Rev 13\sn\t1435.pdf
12/17/2007 12:52:38 PM : Extracting : F:\2360027 copy for CT DVD Rev 13\sn\t1437.pdf
12/17/2007 12:52:38 PM : Extracting : F:\2360027 copy for CT DVD Rev 13\sn\t1439.pdf
12/17/2007 12:52:38 PM : Extracting : F:\2360027 copy for CT DVD Rev 13\sn\t1443.pdf
12/17/2007 12:52:39 PM : Extracting : F:\2360027 copy for CT DVD Rev 13\sn\t1445.pdf
12/17/2007 12:52:39 PM : Extracting : F:\2360027 copy for CT DVD Rev 13\sn\t1446.pdf
12/17/2007 12:52:40 PM : Extracting : F:\2360027 copy for CT DVD Rev 13\sn\t1450.pdf
12/17/2007 12:52:40 PM : Extracting : F:\2360027 copy for CT DVD Rev 13\sn\SN07051613a.pdf
12/17/2007 12:52:40 PM : Extracting : F:\2360027 copy for CT DVD Rev 13\sn\SN07060412a.pdf
12/17/2007 12:52:40 PM : Extracting : F:\2360027 copy for CT DVD Rev 13\sn\SN07061215a.pdf
12/17/2007 12:52:40 PM : Extracting : F:\2360027 copy for CT DVD Rev 13\sn\SN07061815a.pdf
12/17/2007 12:52:41 PM : Extracting : F:\2360027 copy for CT DVD Rev 13\sn\SN07062814b.pdf
12/17/2007 12:52:41 PM : Extracting : F:\2360027 copy for CT DVD Rev 13\sn\SN07062211a.pdf
12/17/2007 12:52:42 PM : Extracting : F:\2360027 copy for CT DVD Rev 13\sn\SN07051510b.pdf
12/17/2007 12:52:42 PM : Extracting : F:\2360027 copy for CT DVD Rev 13\sn\SN07062210a.pdf
12/17/2007 12:52:42 PM : Extracting : F:\2360027 copy for CT DVD Rev 13\sn\SN07072611a.pdf
12/17/2007 12:52:42 PM : Extracting : F:\2360027 copy for CT DVD Rev 13\sn\SN07082410a.pdf
12/17/2007 12:52:43 PM : Extracting : F:\2360027 copy for CT DVD Rev 13\sn\SN07091114a.pdf
12/17/2007 12:52:43 PM : Extracting : F:\2360027 copy for CT DVD Rev 13\sn\SN06101714b.pdf
12/17/2007 12:52:43 PM : Extracting : F:\2360027 copy for CT DVD Rev 13\sn\SN07090608a.pdf
12/17/2007 12:52:43 PM : Extracting : F:\2360027 copy for CT DVD Rev 13\sn\SN07090517a.pdf
12/17/2007 12:52:43 PM : Extracting : F:\2360027 copy for CT DVD Rev 13\sn\SN07091412a.pdf
12/17/2007 12:52:43 PM : Extracting : F:\2360027 copy for CT DVD Rev 13\sn\SN07091912a.pdf
12/17/2007 12:52:44 PM : Extracting : F:\2360027 copy for CT DVD Rev 13\sn\SN07092012a.pdf
12/17/2007 12:52:44 PM : Extracting : F:\2360027 copy for CT DVD Rev 13\sn\SN05091210e.pdf
12/17/2007 12:52:44 PM : Extracting : F:\2360027 copy for CT DVD Rev 13\sn\eSN_Number_Scheme.pdf
12/17/2007 12:52:44 PM : Extracting : F:\2360027 copy for CT DVD Rev 13\sn\SN07101212b.pdf
12/17/2007 12:52:45 PM : Extracting : F:\2360027 copy for CT DVD Rev 13\sn\SN07102911a.pdf
12/17/2007 12:52:45 PM : Extracting : F:\2360027 copy for CT DVD Rev 13\sn\SN07102512a.pdf
12/17/2007 12:52:45 PM : Extracting : F:\2360027 copy for CT DVD Rev 13\sn\SN07110612a.pdf
12/17/2007 12:52:46 PM : Extracting : F:\2360027 copy for CT DVD Rev 13\sn\SN07112612a.pdf
12/17/2007 12:52:46 PM : Creating Index
12/17/2007 12:52:54 PM :   Total PDF files in all directories : 99
12/17/2007 12:52:54 PM :   Total PDF attachments : 0
12/17/2007 12:52:54 PM :   Total new files : 99
12/17/2007 12:52:54 PM :   Total pages indexed : 477
12/17/2007 12:52:54 PM :   Total number of files skipped : 0
12/17/2007 12:52:54 PM :   Total deleted files : 0
12/17/2007 12:52:54 PM : Index build successful.

04/24/2008 11:36:25 AM : Starting rebuild of Index : F:\2360027 copy for CT DVD Rev 14\sn\service_notes.pdx
04/24/2008 11:36:25 AM : Deleting files from current index
04/24/2008 11:36:25 AM : Deleting : F:\2360027 copy for CT DVD Rev 14\sn\service_notes\index.idx
04/24/2008 11:36:25 AM : Deleting : F:\2360027 copy for CT DVD Rev 14\sn\service_notes\index1.idx
04/24/2008 11:36:25 AM : Searching : F:\2360027 copy for CT DVD Rev 14\sn\
04/24/2008 11:36:27 AM : Indexing 104 files
04/24/2008 11:36:27 AM : Extracting : F:\2360027 copy for CT DVD Rev 14\sn\GEHW-SN112017_2.pdf
04/24/2008 11:36:27 AM : Extracting : F:\2360027 copy for CT DVD Rev 14\sn\GEHW-SN112029.pdf
04/24/2008 11:36:27 AM : Extracting : F:\2360027 copy for CT DVD Rev 14\sn\GEHW-SN112037.pdf
04/24/2008 11:36:27 AM : Extracting : F:\2360027 copy for CT DVD Rev 14\sn\GEHW-SN130601A.pdf
04/24/2008 11:36:27 AM : Extracting : F:\2360027 copy for CT DVD Rev 14\sn\SN05080610a.pdf
04/24/2008 11:36:27 AM : Extracting : F:\2360027 copy for CT DVD Rev 14\sn\SN05080810b.pdf
04/24/2008 11:36:28 AM : Extracting : F:\2360027 copy for CT DVD Rev 14\sn\SN05080916a.pdf
04/24/2008 11:36:28 AM : Extracting : F:\2360027 copy for CT DVD Rev 14\sn\SN05081109a.pdf
04/24/2008 11:36:28 AM : Extracting : F:\2360027 copy for CT DVD Rev 14\sn\SN05081620a.pdf
04/24/2008 11:36:28 AM : Extracting : F:\2360027 copy for CT DVD Rev 14\sn\SN05081621a.pdf
04/24/2008 11:36:28 AM : Extracting : F:\2360027 copy for CT DVD Rev 14\sn\SN05082409a.pdf
04/24/2008 11:36:28 AM : Extracting : F:\2360027 copy for CT DVD Rev 14\sn\SN05082410a.pdf
04/24/2008 11:36:28 AM : Extracting : F:\2360027 copy for CT DVD Rev 14\sn\SN05083009a.pdf
04/24/2008 11:36:28 AM : Extracting : F:\2360027 copy for CT DVD Rev 14\sn\SN05090610a.pdf
04/24/2008 11:36:28 AM : Extracting : F:\2360027 copy for CT DVD Rev 14\sn\SN05102815a.pdf
04/24/2008 11:36:28 AM : Extracting : F:\2360027 copy for CT DVD Rev 14\sn\SN05110411a.pdf
04/24/2008 11:36:28 AM : Extracting : F:\2360027 copy for CT DVD Rev 14\sn\SN05110812a.pdf
04/24/2008 11:36:28 AM : Extracting : F:\2360027 copy for CT DVD Rev 14\sn\SN05111710a.pdf
04/24/2008 11:36:28 AM : Extracting : F:\2360027 copy for CT DVD Rev 14\sn\SN05111715a.pdf
04/24/2008 11:36:28 AM : Extracting : F:\2360027 copy for CT DVD Rev 14\sn\SN05112116b.pdf
04/24/2008 11:36:29 AM : Extracting : F:\2360027 copy for CT DVD Rev 14\sn\SN05112916a.pdf
04/24/2008 11:36:29 AM : Extracting : F:\2360027 copy for CT DVD Rev 14\sn\SN05120511a.pdf
04/24/2008 11:36:29 AM : Extracting : F:\2360027 copy for CT DVD Rev 14\sn\SN05121410a.pdf
04/24/2008 11:36:29 AM : Extracting : F:\2360027 copy for CT DVD Rev 14\sn\SN06011607a.pdf
04/24/2008 11:36:29 AM : Extracting : F:\2360027 copy for CT DVD Rev 14\sn\SN06013010a.pdf
04/24/2008 11:36:29 AM : Extracting : F:\2360027 copy for CT DVD Rev 14\sn\SN06013108a.pdf
04/24/2008 11:36:29 AM : Extracting : F:\2360027 copy for CT DVD Rev 14\sn\SN06022010a.pdf
04/24/2008 11:36:29 AM : Extracting : F:\2360027 copy for CT DVD Rev 14\sn\SN06022713a.pdf
04/24/2008 11:36:29 AM : Extracting : F:\2360027 copy for CT DVD Rev 14\sn\SN06030809a.pdf
04/24/2008 11:36:30 AM : Extracting : F:\2360027 copy for CT DVD Rev 14\sn\SN06051009a.pdf
04/24/2008 11:36:30 AM : Extracting : F:\2360027 copy for CT DVD Rev 14\sn\SN06051511a.pdf
04/24/2008 11:36:30 AM : Extracting : F:\2360027 copy for CT DVD Rev 14\sn\SN06052311a.pdf
04/24/2008 11:36:30 AM : Extracting : F:\2360027 copy for CT DVD Rev 14\sn\SN06061311a.pdf
04/24/2008 11:36:30 AM : Extracting : F:\2360027 copy for CT DVD Rev 14\sn\SN06062207b.pdf
04/24/2008 11:36:30 AM : Extracting : F:\2360027 copy for CT DVD Rev 14\sn\SN06071117a.pdf
04/24/2008 11:36:31 AM : Extracting : F:\2360027 copy for CT DVD Rev 14\sn\SN06080312a.pdf
04/24/2008 11:36:31 AM : Extracting : F:\2360027 copy for CT DVD Rev 14\sn\SN06081808a.pdf
04/24/2008 11:36:31 AM : Extracting : F:\2360027 copy for CT DVD Rev 14\sn\SN06082812a.pdf
04/24/2008 11:36:31 AM : Extracting : F:\2360027 copy for CT DVD Rev 14\sn\SN06090708a.pdf
04/24/2008 11:36:31 AM : Extracting : F:\2360027 copy for CT DVD Rev 14\sn\SN06101010a.pdf
04/24/2008 11:36:31 AM : Extracting : F:\2360027 copy for CT DVD Rev 14\sn\SN06101011a.pdf
04/24/2008 11:36:32 AM : Extracting : F:\2360027 copy for CT DVD Rev 14\sn\SN06101012a.pdf
04/24/2008 11:36:32 AM : Extracting : F:\2360027 copy for CT DVD Rev 14\sn\SN06101213a.pdf
04/24/2008 11:36:32 AM : Extracting : F:\2360027 copy for CT DVD Rev 14\sn\SN06101806a.pdf
04/24/2008 11:36:32 AM : Extracting : F:\2360027 copy for CT DVD Rev 14\sn\SN06102022a.pdf
04/24/2008 11:36:32 AM : Extracting : F:\2360027 copy for CT DVD Rev 14\sn\SN06102121a.pdf
04/24/2008 11:36:32 AM : Extracting : F:\2360027 copy for CT DVD Rev 14\sn\SN06110805a.pdf
04/24/2008 11:36:32 AM : Extracting : F:\2360027 copy for CT DVD Rev 14\sn\SN06112814a.pdf
04/24/2008 11:36:32 AM : Extracting : F:\2360027 copy for CT DVD Rev 14\sn\SN06120807a.pdf
04/24/2008 11:36:33 AM : Extracting : F:\2360027 copy for CT DVD Rev 14\sn\SN06121110a.pdf
04/24/2008 11:36:33 AM : Extracting : F:\2360027 copy for CT DVD Rev 14\sn\SN06121211a.pdf
04/24/2008 11:36:33 AM : Extracting : F:\2360027 copy for CT DVD Rev 14\sn\SN07010810a.pdf
04/24/2008 11:36:33 AM : Extracting : F:\2360027 copy for CT DVD Rev 14\sn\SN07011917a.pdf
04/24/2008 11:36:33 AM : Extracting : F:\2360027 copy for CT DVD Rev 14\sn\SN07012210a.pdf
04/24/2008 11:36:33 AM : Extracting : F:\2360027 copy for CT DVD Rev 14\sn\SN07012213a.pdf
04/24/2008 11:36:34 AM : Extracting : F:\2360027 copy for CT DVD Rev 14\sn\SN07012409a.pdf
04/24/2008 11:36:34 AM : Extracting : F:\2360027 copy for CT DVD Rev 14\sn\SN07012514a.pdf
04/24/2008 11:36:34 AM : Extracting : F:\2360027 copy for CT DVD Rev 14\sn\SN07012909a.pdf
04/24/2008 11:36:34 AM : Extracting : F:\2360027 copy for CT DVD Rev 14\sn\SN07021310a.pdf
04/24/2008 11:36:34 AM : Extracting : F:\2360027 copy for CT DVD Rev 14\sn\SN07030710a.pdf
04/24/2008 11:36:34 AM : Extracting : F:\2360027 copy for CT DVD Rev 14\sn\SN07041216a.pdf
04/24/2008 11:36:34 AM : Extracting : F:\2360027 copy for CT DVD Rev 14\sn\t1395.pdf
04/24/2008 11:36:34 AM : Extracting : F:\2360027 copy for CT DVD Rev 14\sn\t1406.pdf
04/24/2008 11:36:35 AM : Extracting : F:\2360027 copy for CT DVD Rev 14\sn\t1420.pdf
04/24/2008 11:36:35 AM : Extracting : F:\2360027 copy for CT DVD Rev 14\sn\t1421.pdf
04/24/2008 11:36:35 AM : Extracting : F:\2360027 copy for CT DVD Rev 14\sn\t1428.pdf
04/24/2008 11:36:38 AM : Extracting : F:\2360027 copy for CT DVD Rev 14\sn\t1432.pdf
04/24/2008 11:36:38 AM : Extracting : F:\2360027 copy for CT DVD Rev 14\sn\t1434.pdf
04/24/2008 11:36:38 AM : Extracting : F:\2360027 copy for CT DVD Rev 14\sn\t1435.pdf
04/24/2008 11:36:38 AM : Extracting : F:\2360027 copy for CT DVD Rev 14\sn\t1437.pdf
04/24/2008 11:36:39 AM : Extracting : F:\2360027 copy for CT DVD Rev 14\sn\t1439.pdf
04/24/2008 11:36:39 AM : Extracting : F:\2360027 copy for CT DVD Rev 14\sn\t1443.pdf
04/24/2008 11:36:39 AM : Extracting : F:\2360027 copy for CT DVD Rev 14\sn\t1445.pdf
04/24/2008 11:36:39 AM : Extracting : F:\2360027 copy for CT DVD Rev 14\sn\t1446.pdf
04/24/2008 11:36:39 AM : Extracting : F:\2360027 copy for CT DVD Rev 14\sn\t1450.pdf
04/24/2008 11:36:39 AM : Extracting : F:\2360027 copy for CT DVD Rev 14\sn\SN07051613a.pdf
04/24/2008 11:36:39 AM : Extracting : F:\2360027 copy for CT DVD Rev 14\sn\SN07060412a.pdf
04/24/2008 11:36:39 AM : Extracting : F:\2360027 copy for CT DVD Rev 14\sn\SN07061215a.pdf
04/24/2008 11:36:40 AM : Extracting : F:\2360027 copy for CT DVD Rev 14\sn\SN07061815a.pdf
04/24/2008 11:36:40 AM : Extracting : F:\2360027 copy for CT DVD Rev 14\sn\SN07062814b.pdf
04/24/2008 11:36:40 AM : Extracting : F:\2360027 copy for CT DVD Rev 14\sn\SN07062211a.pdf
04/24/2008 11:36:40 AM : Extracting : F:\2360027 copy for CT DVD Rev 14\sn\SN07051510b.pdf
04/24/2008 11:36:41 AM : Extracting : F:\2360027 copy for CT DVD Rev 14\sn\SN07062210a.pdf
04/24/2008 11:36:41 AM : Extracting : F:\2360027 copy for CT DVD Rev 14\sn\SN07072611a.pdf
04/24/2008 11:36:41 AM : Extracting : F:\2360027 copy for CT DVD Rev 14\sn\SN07082410a.pdf
04/24/2008 11:36:41 AM : Extracting : F:\2360027 copy for CT DVD Rev 14\sn\SN07091114a.pdf
04/24/2008 11:36:41 AM : Extracting : F:\2360027 copy for CT DVD Rev 14\sn\SN06101714b.pdf
04/24/2008 11:36:41 AM : Extracting : F:\2360027 copy for CT DVD Rev 14\sn\SN07090608a.pdf
04/24/2008 11:36:41 AM : Extracting : F:\2360027 copy for CT DVD Rev 14\sn\SN07090517a.pdf
04/24/2008 11:36:41 AM : Extracting : F:\2360027 copy for CT DVD Rev 14\sn\SN07091412a.pdf
04/24/2008 11:36:41 AM : Extracting : F:\2360027 copy for CT DVD Rev 14\sn\SN07091912a.pdf
04/24/2008 11:36:41 AM : Extracting : F:\2360027 copy for CT DVD Rev 14\sn\SN07092012a.pdf
04/24/2008 11:36:41 AM : Extracting : F:\2360027 copy for CT DVD Rev 14\sn\SN05091210e.pdf
04/24/2008 11:36:42 AM : Extracting : F:\2360027 copy for CT DVD Rev 14\sn\eSN_Number_Scheme.pdf
04/24/2008 11:36:42 AM : Extracting : F:\2360027 copy for CT DVD Rev 14\sn\SN07101212b.pdf
04/24/2008 11:36:42 AM : Extracting : F:\2360027 copy for CT DVD Rev 14\sn\SN07102911a.pdf
04/24/2008 11:36:42 AM : Extracting : F:\2360027 copy for CT DVD Rev 14\sn\SN07102512a.pdf
04/24/2008 11:36:42 AM : Extracting : F:\2360027 copy for CT DVD Rev 14\sn\SN07112612a.pdf
04/24/2008 11:36:42 AM : Extracting : F:\2360027 copy for CT DVD Rev 14\sn\SN07111513a.pdf
04/24/2008 11:36:42 AM : Extracting : F:\2360027 copy for CT DVD Rev 14\sn\SN07110612b.pdf
04/24/2008 11:36:43 AM : Extracting : F:\2360027 copy for CT DVD Rev 14\sn\SN08010312a.pdf
04/24/2008 11:36:43 AM : Extracting : F:\2360027 copy for CT DVD Rev 14\sn\SN08011412a.pdf
04/24/2008 11:36:43 AM : Extracting : F:\2360027 copy for CT DVD Rev 14\sn\SN08021411a.pdf
04/24/2008 11:36:43 AM : Extracting : F:\2360027 copy for CT DVD Rev 14\sn\SN0803070720a.pdf
04/24/2008 11:36:43 AM : Creating Index
04/24/2008 11:36:48 AM :   Total PDF files in all directories : 104
04/24/2008 11:36:48 AM :   Total PDF attachments : 0
04/24/2008 11:36:48 AM :   Total new files : 104
04/24/2008 11:36:48 AM :   Total pages indexed : 492
04/24/2008 11:36:48 AM :   Total number of files skipped : 0
04/24/2008 11:36:48 AM :   Total deleted files : 0
04/24/2008 11:36:48 AM : Index build successful.

12/22/2008 9:23:40 AM : Starting rebuild of Index : F:\2360027_Rev15_(CT-DVD)\sn\service_notes.pdx
12/22/2008 9:23:40 AM : Deleting files from current index
12/22/2008 9:23:40 AM : Deleting : F:\2360027_Rev15_(CT-DVD)\sn\service_notes\index.idx
12/22/2008 9:23:40 AM : Deleting : F:\2360027_Rev15_(CT-DVD)\sn\service_notes\index1.idx
12/22/2008 9:23:40 AM : Searching : F:\2360027_Rev15_(CT-DVD)\sn\
12/22/2008 9:23:44 AM : Indexing 115 files
12/22/2008 9:23:44 AM : Extracting : F:\2360027_Rev15_(CT-DVD)\sn\GEHW-SN112017_2.pdf
12/22/2008 9:23:44 AM : Extracting : F:\2360027_Rev15_(CT-DVD)\sn\GEHW-SN112029.pdf
12/22/2008 9:23:44 AM : Extracting : F:\2360027_Rev15_(CT-DVD)\sn\GEHW-SN112037.pdf
12/22/2008 9:23:44 AM : Extracting : F:\2360027_Rev15_(CT-DVD)\sn\GEHW-SN130601A.pdf
12/22/2008 9:23:44 AM : Extracting : F:\2360027_Rev15_(CT-DVD)\sn\SN05080610a.pdf
12/22/2008 9:23:44 AM : Extracting : F:\2360027_Rev15_(CT-DVD)\sn\SN05080810b.pdf
12/22/2008 9:23:44 AM : Extracting : F:\2360027_Rev15_(CT-DVD)\sn\SN05080916a.pdf
12/22/2008 9:23:44 AM : Extracting : F:\2360027_Rev15_(CT-DVD)\sn\SN05081109a.pdf
12/22/2008 9:23:44 AM : Extracting : F:\2360027_Rev15_(CT-DVD)\sn\SN05081620a.pdf
12/22/2008 9:23:44 AM : Extracting : F:\2360027_Rev15_(CT-DVD)\sn\SN05081621a.pdf
12/22/2008 9:23:44 AM : Extracting : F:\2360027_Rev15_(CT-DVD)\sn\SN05082409a.pdf
12/22/2008 9:23:45 AM : Extracting : F:\2360027_Rev15_(CT-DVD)\sn\SN05082410a.pdf
12/22/2008 9:23:45 AM : Extracting : F:\2360027_Rev15_(CT-DVD)\sn\SN05083009a.pdf
12/22/2008 9:23:45 AM : Extracting : F:\2360027_Rev15_(CT-DVD)\sn\SN05090610a.pdf
12/22/2008 9:23:45 AM : Extracting : F:\2360027_Rev15_(CT-DVD)\sn\SN05102815a.pdf
12/22/2008 9:23:45 AM : Extracting : F:\2360027_Rev15_(CT-DVD)\sn\SN05110411a.pdf
12/22/2008 9:23:45 AM : Extracting : F:\2360027_Rev15_(CT-DVD)\sn\SN05110812a.pdf
12/22/2008 9:23:45 AM : Extracting : F:\2360027_Rev15_(CT-DVD)\sn\SN05111710a.pdf
12/22/2008 9:23:45 AM : Extracting : F:\2360027_Rev15_(CT-DVD)\sn\SN05111715a.pdf
12/22/2008 9:23:45 AM : Extracting : F:\2360027_Rev15_(CT-DVD)\sn\SN05112116b.pdf
12/22/2008 9:23:45 AM : Extracting : F:\2360027_Rev15_(CT-DVD)\sn\SN05112916a.pdf
12/22/2008 9:23:45 AM : Extracting : F:\2360027_Rev15_(CT-DVD)\sn\SN05120511a.pdf
12/22/2008 9:23:45 AM : Extracting : F:\2360027_Rev15_(CT-DVD)\sn\SN05121410a.pdf
12/22/2008 9:23:45 AM : Extracting : F:\2360027_Rev15_(CT-DVD)\sn\SN06011607a.pdf
12/22/2008 9:23:45 AM : Extracting : F:\2360027_Rev15_(CT-DVD)\sn\SN06013010a.pdf
12/22/2008 9:23:46 AM : Extracting : F:\2360027_Rev15_(CT-DVD)\sn\SN06013108a.pdf
12/22/2008 9:23:46 AM : Extracting : F:\2360027_Rev15_(CT-DVD)\sn\SN06022010a.pdf
12/22/2008 9:23:46 AM : Extracting : F:\2360027_Rev15_(CT-DVD)\sn\SN06022713a.pdf
12/22/2008 9:23:46 AM : Extracting : F:\2360027_Rev15_(CT-DVD)\sn\SN06030809a.pdf
12/22/2008 9:23:46 AM : Extracting : F:\2360027_Rev15_(CT-DVD)\sn\SN06051009a.pdf
12/22/2008 9:23:46 AM : Extracting : F:\2360027_Rev15_(CT-DVD)\sn\SN06051511a.pdf
12/22/2008 9:23:46 AM : Extracting : F:\2360027_Rev15_(CT-DVD)\sn\SN06052311a.pdf
12/22/2008 9:23:46 AM : Extracting : F:\2360027_Rev15_(CT-DVD)\sn\SN06061311a.pdf
12/22/2008 9:23:47 AM : Extracting : F:\2360027_Rev15_(CT-DVD)\sn\SN06062207b.pdf
12/22/2008 9:23:47 AM : Extracting : F:\2360027_Rev15_(CT-DVD)\sn\SN06071117a.pdf
12/22/2008 9:23:47 AM : Extracting : F:\2360027_Rev15_(CT-DVD)\sn\SN06080312a.pdf
12/22/2008 9:23:47 AM : Extracting : F:\2360027_Rev15_(CT-DVD)\sn\SN06081808a.pdf
12/22/2008 9:23:47 AM : Extracting : F:\2360027_Rev15_(CT-DVD)\sn\SN06082812a.pdf
12/22/2008 9:23:48 AM : Extracting : F:\2360027_Rev15_(CT-DVD)\sn\SN06090708a.pdf
12/22/2008 9:23:48 AM : Extracting : F:\2360027_Rev15_(CT-DVD)\sn\SN06101010a.pdf
12/22/2008 9:23:48 AM : Extracting : F:\2360027_Rev15_(CT-DVD)\sn\SN06101011a.pdf
12/22/2008 9:23:48 AM : Extracting : F:\2360027_Rev15_(CT-DVD)\sn\SN06101012a.pdf
12/22/2008 9:23:48 AM : Extracting : F:\2360027_Rev15_(CT-DVD)\sn\SN06101213a.pdf
12/22/2008 9:23:48 AM : Extracting : F:\2360027_Rev15_(CT-DVD)\sn\SN06101806a.pdf
12/22/2008 9:23:48 AM : Extracting : F:\2360027_Rev15_(CT-DVD)\sn\SN06102022a.pdf
12/22/2008 9:23:48 AM : Extracting : F:\2360027_Rev15_(CT-DVD)\sn\SN06102121a.pdf
12/22/2008 9:23:48 AM : Extracting : F:\2360027_Rev15_(CT-DVD)\sn\SN06110805a.pdf
12/22/2008 9:23:49 AM : Extracting : F:\2360027_Rev15_(CT-DVD)\sn\SN06112814a.pdf
12/22/2008 9:23:49 AM : Extracting : F:\2360027_Rev15_(CT-DVD)\sn\SN06120807a.pdf
12/22/2008 9:23:49 AM : Extracting : F:\2360027_Rev15_(CT-DVD)\sn\SN06121110a.pdf
12/22/2008 9:23:49 AM : Extracting : F:\2360027_Rev15_(CT-DVD)\sn\SN06121211a.pdf
12/22/2008 9:23:49 AM : Extracting : F:\2360027_Rev15_(CT-DVD)\sn\SN07010810a.pdf
12/22/2008 9:23:49 AM : Extracting : F:\2360027_Rev15_(CT-DVD)\sn\SN07011917a.pdf
12/22/2008 9:23:49 AM : Extracting : F:\2360027_Rev15_(CT-DVD)\sn\SN07012210a.pdf
12/22/2008 9:23:50 AM : Extracting : F:\2360027_Rev15_(CT-DVD)\sn\SN07012213a.pdf
12/22/2008 9:23:50 AM : Extracting : F:\2360027_Rev15_(CT-DVD)\sn\SN07012409a.pdf
12/22/2008 9:23:50 AM : Extracting : F:\2360027_Rev15_(CT-DVD)\sn\SN07012514a.pdf
12/22/2008 9:23:50 AM : Extracting : F:\2360027_Rev15_(CT-DVD)\sn\SN07012909a.pdf
12/22/2008 9:23:50 AM : Extracting : F:\2360027_Rev15_(CT-DVD)\sn\SN07021310a.pdf
12/22/2008 9:23:50 AM : Extracting : F:\2360027_Rev15_(CT-DVD)\sn\SN07030710a.pdf
12/22/2008 9:23:50 AM : Extracting : F:\2360027_Rev15_(CT-DVD)\sn\SN07041216a.pdf
12/22/2008 9:23:51 AM : Extracting : F:\2360027_Rev15_(CT-DVD)\sn\t1395.pdf
12/22/2008 9:23:51 AM : Extracting : F:\2360027_Rev15_(CT-DVD)\sn\t1406.pdf
12/22/2008 9:23:51 AM : Extracting : F:\2360027_Rev15_(CT-DVD)\sn\t1420.pdf
12/22/2008 9:23:51 AM : Extracting : F:\2360027_Rev15_(CT-DVD)\sn\t1421.pdf
12/22/2008 9:23:51 AM : Extracting : F:\2360027_Rev15_(CT-DVD)\sn\t1428.pdf
12/22/2008 9:23:54 AM : Extracting : F:\2360027_Rev15_(CT-DVD)\sn\t1432.pdf
12/22/2008 9:23:54 AM : Extracting : F:\2360027_Rev15_(CT-DVD)\sn\t1434.pdf
12/22/2008 9:23:54 AM : Extracting : F:\2360027_Rev15_(CT-DVD)\sn\t1435.pdf
12/22/2008 9:23:54 AM : Extracting : F:\2360027_Rev15_(CT-DVD)\sn\t1437.pdf
12/22/2008 9:23:55 AM : Extracting : F:\2360027_Rev15_(CT-DVD)\sn\t1439.pdf
12/22/2008 9:23:55 AM : Extracting : F:\2360027_Rev15_(CT-DVD)\sn\t1443.pdf
12/22/2008 9:23:55 AM : Extracting : F:\2360027_Rev15_(CT-DVD)\sn\t1445.pdf
12/22/2008 9:23:55 AM : Extracting : F:\2360027_Rev15_(CT-DVD)\sn\t1446.pdf
12/22/2008 9:23:55 AM : Extracting : F:\2360027_Rev15_(CT-DVD)\sn\t1450.pdf
12/22/2008 9:23:55 AM : Extracting : F:\2360027_Rev15_(CT-DVD)\sn\SN07051613a.pdf
12/22/2008 9:23:55 AM : Extracting : F:\2360027_Rev15_(CT-DVD)\sn\SN07060412a.pdf
12/22/2008 9:23:55 AM : Extracting : F:\2360027_Rev15_(CT-DVD)\sn\SN07061215a.pdf
12/22/2008 9:23:56 AM : Extracting : F:\2360027_Rev15_(CT-DVD)\sn\SN07061815a.pdf
12/22/2008 9:23:56 AM : Extracting : F:\2360027_Rev15_(CT-DVD)\sn\SN07062814b.pdf
12/22/2008 9:23:56 AM : Extracting : F:\2360027_Rev15_(CT-DVD)\sn\SN07062211a.pdf
12/22/2008 9:23:56 AM : Extracting : F:\2360027_Rev15_(CT-DVD)\sn\SN07051510b.pdf
12/22/2008 9:23:56 AM : Extracting : F:\2360027_Rev15_(CT-DVD)\sn\SN07062210a.pdf
12/22/2008 9:23:57 AM : Extracting : F:\2360027_Rev15_(CT-DVD)\sn\SN07072611a.pdf
12/22/2008 9:23:57 AM : Extracting : F:\2360027_Rev15_(CT-DVD)\sn\SN07082410a.pdf
12/22/2008 9:23:57 AM : Extracting : F:\2360027_Rev15_(CT-DVD)\sn\SN07091114a.pdf
12/22/2008 9:23:57 AM : Extracting : F:\2360027_Rev15_(CT-DVD)\sn\SN06101714b.pdf
12/22/2008 9:23:57 AM : Extracting : F:\2360027_Rev15_(CT-DVD)\sn\SN07090608a.pdf
12/22/2008 9:23:57 AM : Extracting : F:\2360027_Rev15_(CT-DVD)\sn\SN07090517a.pdf
12/22/2008 9:23:57 AM : Extracting : F:\2360027_Rev15_(CT-DVD)\sn\SN07091412a.pdf
12/22/2008 9:23:57 AM : Extracting : F:\2360027_Rev15_(CT-DVD)\sn\SN07091912a.pdf
12/22/2008 9:23:57 AM : Extracting : F:\2360027_Rev15_(CT-DVD)\sn\SN07092012a.pdf
12/22/2008 9:23:57 AM : Extracting : F:\2360027_Rev15_(CT-DVD)\sn\eSN_Number_Scheme.pdf
12/22/2008 9:23:57 AM : Extracting : F:\2360027_Rev15_(CT-DVD)\sn\SN07101212b.pdf
12/22/2008 9:23:58 AM : Extracting : F:\2360027_Rev15_(CT-DVD)\sn\SN07102911a.pdf
12/22/2008 9:23:58 AM : Extracting : F:\2360027_Rev15_(CT-DVD)\sn\SN07102512a.pdf
12/22/2008 9:23:58 AM : Extracting : F:\2360027_Rev15_(CT-DVD)\sn\SN07111513a.pdf
12/22/2008 9:23:58 AM : Extracting : F:\2360027_Rev15_(CT-DVD)\sn\SN07110612b.pdf
12/22/2008 9:23:58 AM : Extracting : F:\2360027_Rev15_(CT-DVD)\sn\SN08010312a.pdf
12/22/2008 9:23:58 AM : Extracting : F:\2360027_Rev15_(CT-DVD)\sn\SN08011412a.pdf
12/22/2008 9:23:58 AM : Extracting : F:\2360027_Rev15_(CT-DVD)\sn\SN08021411a.pdf
12/22/2008 9:23:58 AM : Extracting : F:\2360027_Rev15_(CT-DVD)\sn\SN0803070720a.pdf
12/22/2008 9:23:58 AM : Extracting : F:\2360027_Rev15_(CT-DVD)\sn\SN08060516a.pdf
12/22/2008 9:23:58 AM : Extracting : F:\2360027_Rev15_(CT-DVD)\sn\SN08072813a.pdf
12/22/2008 9:23:59 AM : Extracting : F:\2360027_Rev15_(CT-DVD)\sn\SN07112612b.pdf
12/22/2008 9:23:59 AM : Extracting : F:\2360027_Rev15_(CT-DVD)\sn\SN08091016a.pdf
12/22/2008 9:23:59 AM : Extracting : F:\2360027_Rev15_(CT-DVD)\sn\SN08091610a.pdf
12/22/2008 9:23:59 AM : Extracting : F:\2360027_Rev15_(CT-DVD)\sn\SN08100112a.pdf
12/22/2008 9:23:59 AM : Extracting : F:\2360027_Rev15_(CT-DVD)\sn\SN08050216a.pdf
12/22/2008 9:23:59 AM : Extracting : F:\2360027_Rev15_(CT-DVD)\sn\SN05091210f.pdf
12/22/2008 9:23:59 AM : Extracting : F:\2360027_Rev15_(CT-DVD)\sn\SN08102716a.pdf
12/22/2008 9:23:59 AM : Extracting : F:\2360027_Rev15_(CT-DVD)\sn\SN08101614a.pdf
12/22/2008 9:23:59 AM : Extracting : F:\2360027_Rev15_(CT-DVD)\sn\SN08110509b.pdf
12/22/2008 9:23:59 AM : Extracting : F:\2360027_Rev15_(CT-DVD)\sn\SN08112010a.pdf
12/22/2008 9:23:59 AM : Extracting : F:\2360027_Rev15_(CT-DVD)\sn\SN08111310a.pdf
12/22/2008 9:24:00 AM : Creating Index
12/22/2008 9:24:05 AM :   Total PDF files in all directories : 115
12/22/2008 9:24:05 AM :   Total PDF attachments : 0
12/22/2008 9:24:05 AM :   Total new files : 115
12/22/2008 9:24:05 AM :   Total pages indexed : 534
12/22/2008 9:24:05 AM :   Total number of files skipped : 0
12/22/2008 9:24:05 AM :   Total deleted files : 0
12/22/2008 9:24:05 AM : Index build successful.
