10/22/11 19:05:01 create7 G:\2 dtSearch Post Publishing\750w\10222011\Class M\5670006 GEM\root\data\Signa_Index
10/22/11 19:05:01 open edit index_i.ix
10/22/11 19:05:01 open failed:  index_i.ix The system cannot find the file specified. (2) (file: index_i.ix)
10/22/11 19:05:01 open replace index_i.ix
10/22/11 19:05:01 open index_i.ix 0
10/22/11 19:05:01 open replace index_k.ix
10/22/11 19:05:01 open index_k.ix 0
10/22/11 19:05:01 open replace index_r.ix
10/22/11 19:05:01 open index_r.ix 0
10/22/11 19:05:01 open replace index_d.ix
10/22/11 19:05:01 open index_d.ix 0
10/22/11 19:05:01 open replace index_di.ix
10/22/11 19:05:01 open index_di.ix 0
10/22/11 19:05:01 open edit index_klh.ix
10/22/11 19:05:01 open failed:  index_klh.ix The system cannot find the file specified. (2) (file: index_klh.ix)
10/22/11 19:05:01 open replace index_klh.ix
10/22/11 19:05:01 open index_klh.ix 0
10/22/11 19:05:01 open replace index_kl.ix
10/22/11 19:05:01 open index_kl.ix 0
10/22/11 19:05:01 commit G:\2 dtSearch Post Publishing\750w\10222011\Class M\5670006 GEM\root\data\Signa_Index\index_k_1.ix 65,536
10/22/11 19:05:01 commit G:\2 dtSearch Post Publishing\750w\10222011\Class M\5670006 GEM\root\data\Signa_Index\index_d_1.ix 65,536
10/22/11 19:05:01 commit G:\2 dtSearch Post Publishing\750w\10222011\Class M\5670006 GEM\root\data\Signa_Index\index_di_1.ix 65,536
10/22/11 19:05:01 commit G:\2 dtSearch Post Publishing\750w\10222011\Class M\5670006 GEM\root\data\Signa_Index\index_i_1.ix 675
10/22/11 19:05:01 commit G:\2 dtSearch Post Publishing\750w\10222011\Class M\5670006 GEM\root\data\Signa_Index\index_r_1.ix 23
10/22/11 19:05:01 commit G:\2 dtSearch Post Publishing\750w\10222011\Class M\5670006 GEM\root\data\Signa_Index\index_kl_1.ix 172,032
10/22/11 19:05:01 commit G:\2 dtSearch Post Publishing\750w\10222011\Class M\5670006 GEM\root\data\Signa_Index\index_klh_1.ix 34
10/22/11 19:05:01 directory commit G:\2 dtSearch Post Publishing\750w\10222011\Class M\5670006 GEM\root\data\Signa_Index\index_v.ix ok
10/22/11 19:05:01 close
10/22/11 19:05:01 clean
10/22/11 19:05:01 directory unlock
10/22/11 19:05:01 commit G:\2 dtSearch Post Publishing\750w\10222011\Class M\5670006 GEM\root\data\Signa_Index ok
10/22/11 19:05:02 clean
10/22/11 19:05:02 directory unlock
10/22/11 19:05:02 open edit G:\2 dtSearch Post Publishing\750w\10222011\Class M\5670006 GEM\root\data\Signa_Index
10/22/11 19:05:02 open edit index_k.ix
10/22/11 19:05:02 open index_k.ix 65,536
10/22/11 19:05:02 open append index_r.ix
10/22/11 19:05:02 open index_r.ix 23
10/22/11 19:05:02 open append index_d.ix
10/22/11 19:05:02 open index_d.ix 65,536
10/22/11 19:05:02 open append index_di.ix
10/22/11 19:05:02 open index_di.ix 65,536
10/22/11 19:05:02 open edit index_i.ix
10/22/11 19:05:02 open index_i.ix 675
10/22/11 19:05:02 open edit index_klh.ix
10/22/11 19:05:02 open index_klh.ix 34
10/22/11 19:05:02 open edit-r index_kl.ix
10/22/11 19:05:02 open index_kl.ix 172,032
10/22/11 19:05:26 commit G:\2 dtSearch Post Publishing\750w\10222011\Class M\5670006 GEM\root\data\Signa_Index\index_k_2.ix 65,536
10/22/11 19:05:26 commit G:\2 dtSearch Post Publishing\750w\10222011\Class M\5670006 GEM\root\data\Signa_Index\index_d_1.ix 917,504
10/22/11 19:05:26 commit G:\2 dtSearch Post Publishing\750w\10222011\Class M\5670006 GEM\root\data\Signa_Index\index_di_1.ix 65,536
10/22/11 19:05:26 commit G:\2 dtSearch Post Publishing\750w\10222011\Class M\5670006 GEM\root\data\Signa_Index\index_i_2.ix 1,454
10/22/11 19:05:27 commit G:\2 dtSearch Post Publishing\750w\10222011\Class M\5670006 GEM\root\data\Signa_Index\index_r_1.ix 2,385,345
10/22/11 19:05:27 commit G:\2 dtSearch Post Publishing\750w\10222011\Class M\5670006 GEM\root\data\Signa_Index\index_kl_1.ix 1,662,976
10/22/11 19:05:27 commit G:\2 dtSearch Post Publishing\750w\10222011\Class M\5670006 GEM\root\data\Signa_Index\index_klh_2.ix 202
10/22/11 19:05:27 directory commit G:\2 dtSearch Post Publishing\750w\10222011\Class M\5670006 GEM\root\data\Signa_Index\index_v_1.ix ok
10/22/11 19:05:27 close
10/22/11 19:05:27 clean
10/22/11 19:05:27 directory unlock
10/22/11 19:05:27 rename G:\2 dtSearch Post Publishing\750w\10222011\Class M\5670006 GEM\root\data\Signa_Index\index_v_1.ix G:\2 dtSearch Post Publishing\750w\10222011\Class M\5670006 GEM\root\data\Signa_Index\index_v.ix ok
10/22/11 19:05:27 commit G:\2 dtSearch Post Publishing\750w\10222011\Class M\5670006 GEM\root\data\Signa_Index ok
