03/17/2006 8:11:18 AM : Starting build.
03/17/2006 8:11:18 AM : Searching : D:\web page\2360027\hs_qxi\
03/17/2006 8:11:18 AM : Indexing 9 files
03/17/2006 8:11:19 AM : Extracting : D:\web page\2360027\hs_qxi\2340894.pdf
03/17/2006 8:11:24 AM : Extracting : D:\web page\2360027\hs_qxi\2340895.pdf
03/17/2006 8:11:41 AM : Extracting : D:\web page\2360027\hs_qxi\2340896.pdf
03/17/2006 8:11:44 AM : Extracting : D:\web page\2360027\hs_qxi\2340898.pdf
03/17/2006 8:13:12 AM : Extracting : D:\web page\2360027\hs_qxi\2340899.pdf
03/17/2006 8:14:46 AM : Extracting : D:\web page\2360027\hs_qxi\2340900.pdf
03/17/2006 8:15:09 AM : Extracting : D:\web page\2360027\hs_qxi\2340902.pdf
03/17/2006 8:15:10 AM : Extracting : D:\web page\2360027\hs_qxi\2344574.pdf
03/17/2006 8:15:11 AM : Extracting : D:\web page\2360027\hs_qxi\2379286.pdf
03/17/2006 8:15:14 AM : Creating Index
03/17/2006 8:15:38 AM :   Total PDF files in all directories : 9
03/17/2006 8:15:38 AM :   Total new files : 9
03/17/2006 8:15:38 AM :   Total pages indexed : 2696
03/17/2006 8:15:38 AM :   Total number of files skipped : 0
03/17/2006 8:15:38 AM :   Total deleted files : 0
03/17/2006 8:15:38 AM : Index build successful.

08/10/2006 11:35:07 AM : Starting rebuild
08/10/2006 11:35:07 AM : Deleting files from current index
08/10/2006 11:35:07 AM : Deleting : D:\web page\2360027\hs_qxi\hispeed_qxi\index.idx
08/10/2006 11:35:07 AM : Deleting : D:\web page\2360027\hs_qxi\hispeed_qxi\index1.idx
08/10/2006 11:35:07 AM : Searching : D:\web page\2360027\hs_qxi\
08/10/2006 11:35:07 AM : Indexing 9 files
08/10/2006 11:35:08 AM : Extracting : D:\web page\2360027\hs_qxi\2340894.pdf
08/10/2006 11:35:14 AM : Extracting : D:\web page\2360027\hs_qxi\2340895.pdf
08/10/2006 11:35:33 AM : Extracting : D:\web page\2360027\hs_qxi\2340896.pdf
08/10/2006 11:35:36 AM : Extracting : D:\web page\2360027\hs_qxi\2340898.pdf
08/10/2006 11:36:57 AM : Extracting : D:\web page\2360027\hs_qxi\2340899.pdf
08/10/2006 11:38:31 AM : Extracting : D:\web page\2360027\hs_qxi\2340900.pdf
08/10/2006 11:39:00 AM : Extracting : D:\web page\2360027\hs_qxi\2340902.pdf
08/10/2006 11:39:01 AM : Extracting : D:\web page\2360027\hs_qxi\2344574.pdf
08/10/2006 11:39:03 AM : Extracting : D:\web page\2360027\hs_qxi\2379286.pdf
08/10/2006 11:39:07 AM : Creating Index
08/10/2006 11:40:16 AM :   Total PDF files in all directories : 9
08/10/2006 11:40:16 AM :   Total new files : 9
08/10/2006 11:40:16 AM :   Total pages indexed : 2696
08/10/2006 11:40:16 AM :   Total number of files skipped : 0
08/10/2006 11:40:16 AM :   Total deleted files : 0
08/10/2006 11:40:16 AM : Index build successful.

12/22/2008 9:04:55 AM : Starting rebuild of Index : F:\2360027_Rev15_(CT-DVD)\hs_qxi\hispeed_qxi.pdx
12/22/2008 9:04:55 AM : Deleting files from current index
12/22/2008 9:04:55 AM : Deleting : F:\2360027_Rev15_(CT-DVD)\hs_qxi\hispeed_qxi\index.idx
12/22/2008 9:04:55 AM : Deleting : F:\2360027_Rev15_(CT-DVD)\hs_qxi\hispeed_qxi\index1.idx
12/22/2008 9:04:55 AM : Searching : F:\2360027_Rev15_(CT-DVD)\hs_qxi\
12/22/2008 9:05:00 AM : Indexing 9 files
12/22/2008 9:05:00 AM : Extracting : F:\2360027_Rev15_(CT-DVD)\hs_qxi\2340894.pdf
12/22/2008 9:05:03 AM : Extracting : F:\2360027_Rev15_(CT-DVD)\hs_qxi\2340895.pdf
12/22/2008 9:05:14 AM : Extracting : F:\2360027_Rev15_(CT-DVD)\hs_qxi\2340896.pdf
12/22/2008 9:05:16 AM : Extracting : F:\2360027_Rev15_(CT-DVD)\hs_qxi\2340898.pdf
12/22/2008 9:06:07 AM : Extracting : F:\2360027_Rev15_(CT-DVD)\hs_qxi\2340899.pdf
12/22/2008 9:08:22 AM : Extracting : F:\2360027_Rev15_(CT-DVD)\hs_qxi\2340900.pdf
12/22/2008 9:08:38 AM : Extracting : F:\2360027_Rev15_(CT-DVD)\hs_qxi\2340902.pdf
12/22/2008 9:08:38 AM : Extracting : F:\2360027_Rev15_(CT-DVD)\hs_qxi\2344574.pdf
12/22/2008 9:08:38 AM : Extracting : F:\2360027_Rev15_(CT-DVD)\hs_qxi\2379286.pdf
12/22/2008 9:08:40 AM : Creating Index
12/22/2008 9:08:55 AM :   Total PDF files in all directories : 9
12/22/2008 9:08:55 AM :   Total PDF attachments : 0
12/22/2008 9:08:55 AM :   Total new files : 9
12/22/2008 9:08:55 AM :   Total pages indexed : 2696
12/22/2008 9:08:55 AM :   Total number of files skipped : 0
12/22/2008 9:08:55 AM :   Total deleted files : 0
12/22/2008 9:08:55 AM : Index build successful.
