6/12/2012 4:02:48 PM : Starting build of Index : C:\Users\Randy\Documents\SWMR GE DOCS 1\MRI\1.5T 21x Optima 450w\1.5T 21x Optima MR450w Index.pdx
6/12/2012 4:02:48 PM : Searching : C:\Users\Randy\Documents\SWMR GE DOCS 1\MRI\1.5T 21x Optima 450w\CD 5670013 Rev1 1.5T 21xOptima MR450\
6/12/2012 4:03:16 PM : Indexing 128 files
6/12/2012 4:03:16 PM : Extracting : C:\Users\Randy\Documents\SWMR GE DOCS 1\MRI\1.5T 21x Optima 450w\CD 5670013 Rev1 1.5T 21xOptima MR450\root\data\dtSearch_pdfhelp.pdf
6/12/2012 4:03:16 PM : Extracting : C:\Users\Randy\Documents\SWMR GE DOCS 1\MRI\1.5T 21x Optima 450w\CD 5670013 Rev1 1.5T 21xOptima MR450\root\data\Signa_EXCITE\media\1003327-995556.pdf
6/12/2012 4:03:16 PM : Extracting : C:\Users\Randy\Documents\SWMR GE DOCS 1\MRI\1.5T 21x Optima 450w\CD 5670013 Rev1 1.5T 21xOptima MR450\root\data\Signa_EXCITE\media\1051508-1051509.pdf
6/12/2012 4:03:17 PM : Extracting : C:\Users\Randy\Documents\SWMR GE DOCS 1\MRI\1.5T 21x Optima 450w\CD 5670013 Rev1 1.5T 21xOptima MR450\root\data\Signa_EXCITE\media\1051587-1066563.pdf
6/12/2012 4:03:18 PM : Extracting : C:\Users\Randy\Documents\SWMR GE DOCS 1\MRI\1.5T 21x Optima 450w\CD 5670013 Rev1 1.5T 21xOptima MR450\root\data\Signa_EXCITE\media\1051587-1112335.pdf
6/12/2012 4:03:18 PM : Extracting : C:\Users\Randy\Documents\SWMR GE DOCS 1\MRI\1.5T 21x Optima 450w\CD 5670013 Rev1 1.5T 21xOptima MR450\root\data\Signa_EXCITE\media\1051964-1051965.pdf
6/12/2012 4:03:19 PM : Extracting : C:\Users\Randy\Documents\SWMR GE DOCS 1\MRI\1.5T 21x Optima 450w\CD 5670013 Rev1 1.5T 21xOptima MR450\root\data\Signa_EXCITE\media\1051964-1067605.pdf
6/12/2012 4:03:19 PM : Extracting : C:\Users\Randy\Documents\SWMR GE DOCS 1\MRI\1.5T 21x Optima 450w\CD 5670013 Rev1 1.5T 21xOptima MR450\root\data\Signa_EXCITE\media\1051964-1067606.pdf
6/12/2012 4:03:19 PM : Extracting : C:\Users\Randy\Documents\SWMR GE DOCS 1\MRI\1.5T 21x Optima 450w\CD 5670013 Rev1 1.5T 21xOptima MR450\root\data\Signa_EXCITE\media\1051964-1067607.pdf
6/12/2012 4:03:19 PM : Extracting : C:\Users\Randy\Documents\SWMR GE DOCS 1\MRI\1.5T 21x Optima 450w\CD 5670013 Rev1 1.5T 21xOptima MR450\root\data\Signa_EXCITE\media\1051964-1067608.pdf
6/12/2012 4:03:19 PM : Extracting : C:\Users\Randy\Documents\SWMR GE DOCS 1\MRI\1.5T 21x Optima 450w\CD 5670013 Rev1 1.5T 21xOptima MR450\root\data\Signa_EXCITE\media\1051964-1067609.pdf
6/12/2012 4:03:19 PM : Extracting : C:\Users\Randy\Documents\SWMR GE DOCS 1\MRI\1.5T 21x Optima 450w\CD 5670013 Rev1 1.5T 21xOptima MR450\root\data\Signa_EXCITE\media\1051964-1067610.pdf
6/12/2012 4:03:19 PM : Extracting : C:\Users\Randy\Documents\SWMR GE DOCS 1\MRI\1.5T 21x Optima 450w\CD 5670013 Rev1 1.5T 21xOptima MR450\root\data\Signa_EXCITE\media\1051964-1067611.pdf
6/12/2012 4:03:19 PM : Extracting : C:\Users\Randy\Documents\SWMR GE DOCS 1\MRI\1.5T 21x Optima 450w\CD 5670013 Rev1 1.5T 21xOptima MR450\root\data\Signa_EXCITE\media\1051964-1067612.pdf
6/12/2012 4:03:19 PM : Extracting : C:\Users\Randy\Documents\SWMR GE DOCS 1\MRI\1.5T 21x Optima 450w\CD 5670013 Rev1 1.5T 21xOptima MR450\root\data\Signa_EXCITE\media\1051964-1067613.pdf
6/12/2012 4:03:20 PM : Extracting : C:\Users\Randy\Documents\SWMR GE DOCS 1\MRI\1.5T 21x Optima 450w\CD 5670013 Rev1 1.5T 21xOptima MR450\root\data\Signa_EXCITE\media\1051964-1067614.pdf
6/12/2012 4:03:20 PM : Extracting : C:\Users\Randy\Documents\SWMR GE DOCS 1\MRI\1.5T 21x Optima 450w\CD 5670013 Rev1 1.5T 21xOptima MR450\root\data\Signa_EXCITE\media\1051964-1067615.pdf
6/12/2012 4:03:20 PM : Extracting : C:\Users\Randy\Documents\SWMR GE DOCS 1\MRI\1.5T 21x Optima 450w\CD 5670013 Rev1 1.5T 21xOptima MR450\root\data\Signa_EXCITE\media\1051964-1067616.pdf
6/12/2012 4:03:20 PM : Extracting : C:\Users\Randy\Documents\SWMR GE DOCS 1\MRI\1.5T 21x Optima 450w\CD 5670013 Rev1 1.5T 21xOptima MR450\root\data\Signa_EXCITE\media\1051964-1067617.pdf
6/12/2012 4:03:20 PM : Extracting : C:\Users\Randy\Documents\SWMR GE DOCS 1\MRI\1.5T 21x Optima 450w\CD 5670013 Rev1 1.5T 21xOptima MR450\root\data\Signa_EXCITE\media\1051964-1067618.pdf
6/12/2012 4:03:20 PM : Extracting : C:\Users\Randy\Documents\SWMR GE DOCS 1\MRI\1.5T 21x Optima 450w\CD 5670013 Rev1 1.5T 21xOptima MR450\root\data\Signa_EXCITE\media\1051964-1099196.pdf
6/12/2012 4:03:20 PM : Extracting : C:\Users\Randy\Documents\SWMR GE DOCS 1\MRI\1.5T 21x Optima 450w\CD 5670013 Rev1 1.5T 21xOptima MR450\root\data\Signa_EXCITE\media\1051964-1103631.pdf
6/12/2012 4:03:20 PM : Extracting : C:\Users\Randy\Documents\SWMR GE DOCS 1\MRI\1.5T 21x Optima 450w\CD 5670013 Rev1 1.5T 21xOptima MR450\root\data\Signa_EXCITE\media\1051964-1126639.pdf
6/12/2012 4:03:20 PM : Extracting : C:\Users\Randy\Documents\SWMR GE DOCS 1\MRI\1.5T 21x Optima 450w\CD 5670013 Rev1 1.5T 21xOptima MR450\root\data\Signa_EXCITE\media\1052408-1067166.pdf
6/12/2012 4:03:20 PM : Extracting : C:\Users\Randy\Documents\SWMR GE DOCS 1\MRI\1.5T 21x Optima 450w\CD 5670013 Rev1 1.5T 21xOptima MR450\root\data\Signa_EXCITE\media\1054743-1065059.pdf
6/12/2012 4:03:21 PM : Extracting : C:\Users\Randy\Documents\SWMR GE DOCS 1\MRI\1.5T 21x Optima 450w\CD 5670013 Rev1 1.5T 21xOptima MR450\root\data\Signa_EXCITE\media\1057209-367143.pdf
6/12/2012 4:03:21 PM : Extracting : C:\Users\Randy\Documents\SWMR GE DOCS 1\MRI\1.5T 21x Optima 450w\CD 5670013 Rev1 1.5T 21xOptima MR450\root\data\Signa_EXCITE\media\1057391-1064995.pdf
6/12/2012 4:03:21 PM : Extracting : C:\Users\Randy\Documents\SWMR GE DOCS 1\MRI\1.5T 21x Optima 450w\CD 5670013 Rev1 1.5T 21xOptima MR450\root\data\Signa_EXCITE\media\1060526-1060550.pdf
6/12/2012 4:03:21 PM : Extracting : C:\Users\Randy\Documents\SWMR GE DOCS 1\MRI\1.5T 21x Optima 450w\CD 5670013 Rev1 1.5T 21xOptima MR450\root\data\Signa_EXCITE\media\1062834-1062885.pdf
6/12/2012 4:03:21 PM : Extracting : C:\Users\Randy\Documents\SWMR GE DOCS 1\MRI\1.5T 21x Optima 450w\CD 5670013 Rev1 1.5T 21xOptima MR450\root\data\Signa_EXCITE\media\1062835-1062886.pdf
6/12/2012 4:03:22 PM : Extracting : C:\Users\Randy\Documents\SWMR GE DOCS 1\MRI\1.5T 21x Optima 450w\CD 5670013 Rev1 1.5T 21xOptima MR450\root\data\Signa_EXCITE\media\1063070-1068654.pdf
6/12/2012 4:03:23 PM : Extracting : C:\Users\Randy\Documents\SWMR GE DOCS 1\MRI\1.5T 21x Optima 450w\CD 5670013 Rev1 1.5T 21xOptima MR450\root\data\Signa_EXCITE\media\1063428-1063427.pdf
6/12/2012 4:03:24 PM : Extracting : C:\Users\Randy\Documents\SWMR GE DOCS 1\MRI\1.5T 21x Optima 450w\CD 5670013 Rev1 1.5T 21xOptima MR450\root\data\Signa_EXCITE\media\1063507-1063508.pdf
6/12/2012 4:03:30 PM : Extracting : C:\Users\Randy\Documents\SWMR GE DOCS 1\MRI\1.5T 21x Optima 450w\CD 5670013 Rev1 1.5T 21xOptima MR450\root\data\Signa_EXCITE\media\1067107-1069717.pdf
6/12/2012 4:03:34 PM : Extracting : C:\Users\Randy\Documents\SWMR GE DOCS 1\MRI\1.5T 21x Optima 450w\CD 5670013 Rev1 1.5T 21xOptima MR450\root\data\Signa_EXCITE\media\1067107-1069720.pdf
6/12/2012 4:03:41 PM : Extracting : C:\Users\Randy\Documents\SWMR GE DOCS 1\MRI\1.5T 21x Optima 450w\CD 5670013 Rev1 1.5T 21xOptima MR450\root\data\Signa_EXCITE\media\1087000-1012407.pdf
6/12/2012 4:03:42 PM : Extracting : C:\Users\Randy\Documents\SWMR GE DOCS 1\MRI\1.5T 21x Optima 450w\CD 5670013 Rev1 1.5T 21xOptima MR450\root\data\Signa_EXCITE\media\1087000-1074650.pdf
6/12/2012 4:03:43 PM : Extracting : C:\Users\Randy\Documents\SWMR GE DOCS 1\MRI\1.5T 21x Optima 450w\CD 5670013 Rev1 1.5T 21xOptima MR450\root\data\Signa_EXCITE\media\1087000-1112267.pdf
6/12/2012 4:03:44 PM : Extracting : C:\Users\Randy\Documents\SWMR GE DOCS 1\MRI\1.5T 21x Optima 450w\CD 5670013 Rev1 1.5T 21xOptima MR450\root\data\Signa_EXCITE\media\1087000-1117631.pdf
6/12/2012 4:03:45 PM : Extracting : C:\Users\Randy\Documents\SWMR GE DOCS 1\MRI\1.5T 21x Optima 450w\CD 5670013 Rev1 1.5T 21xOptima MR450\root\data\Signa_EXCITE\media\1087000-1123181.pdf
6/12/2012 4:03:53 PM : Could not open document : C:\Users\Randy\Documents\SWMR GE DOCS 1\MRI\1.5T 21x Optima 450w\CD 5670013 Rev1 1.5T 21xOptima MR450\root\data\Signa_EXCITE\media\1087000-1123181.pdf-PDF for print.joboptions
6/12/2012 4:03:53 PM : Extracting : C:\Users\Randy\Documents\SWMR GE DOCS 1\MRI\1.5T 21x Optima 450w\CD 5670013 Rev1 1.5T 21xOptima MR450\root\data\Signa_EXCITE\media\1087000-1123766.pdf
6/12/2012 4:03:54 PM : Extracting : C:\Users\Randy\Documents\SWMR GE DOCS 1\MRI\1.5T 21x Optima 450w\CD 5670013 Rev1 1.5T 21xOptima MR450\root\data\Signa_EXCITE\media\1087000-1130446.pdf
6/12/2012 4:03:55 PM : Extracting : C:\Users\Randy\Documents\SWMR GE DOCS 1\MRI\1.5T 21x Optima 450w\CD 5670013 Rev1 1.5T 21xOptima MR450\root\data\Signa_EXCITE\media\1087000-1130447.pdf
6/12/2012 4:03:55 PM : Extracting : C:\Users\Randy\Documents\SWMR GE DOCS 1\MRI\1.5T 21x Optima 450w\CD 5670013 Rev1 1.5T 21xOptima MR450\root\data\Signa_EXCITE\media\1087000-1130448.pdf
6/12/2012 4:03:56 PM : Extracting : C:\Users\Randy\Documents\SWMR GE DOCS 1\MRI\1.5T 21x Optima 450w\CD 5670013 Rev1 1.5T 21xOptima MR450\root\data\Signa_EXCITE\media\1087000-1131044.pdf
6/12/2012 4:03:57 PM : Extracting : C:\Users\Randy\Documents\SWMR GE DOCS 1\MRI\1.5T 21x Optima 450w\CD 5670013 Rev1 1.5T 21xOptima MR450\root\data\Signa_EXCITE\media\1087000-411382.pdf
6/12/2012 4:03:58 PM : Extracting : C:\Users\Randy\Documents\SWMR GE DOCS 1\MRI\1.5T 21x Optima 450w\CD 5670013 Rev1 1.5T 21xOptima MR450\root\data\Signa_EXCITE\media\1095867-1067374.pdf
6/12/2012 4:03:59 PM : Extracting : C:\Users\Randy\Documents\SWMR GE DOCS 1\MRI\1.5T 21x Optima 450w\CD 5670013 Rev1 1.5T 21xOptima MR450\root\data\Signa_EXCITE\media\1097398-1097402.pdf
6/12/2012 4:03:59 PM : Extracting : C:\Users\Randy\Documents\SWMR GE DOCS 1\MRI\1.5T 21x Optima 450w\CD 5670013 Rev1 1.5T 21xOptima MR450\root\data\Signa_EXCITE\media\1103492-1069716.pdf
6/12/2012 4:05:48 PM : Extracting : C:\Users\Randy\Documents\SWMR GE DOCS 1\MRI\1.5T 21x Optima 450w\CD 5670013 Rev1 1.5T 21xOptima MR450\root\data\Signa_EXCITE\media\1103492-1099995.pdf
6/12/2012 4:05:57 PM : Extracting : C:\Users\Randy\Documents\SWMR GE DOCS 1\MRI\1.5T 21x Optima 450w\CD 5670013 Rev1 1.5T 21xOptima MR450\root\data\Signa_EXCITE\media\1104692-1103623.pdf
6/12/2012 4:07:18 PM : Extracting : C:\Users\Randy\Documents\SWMR GE DOCS 1\MRI\1.5T 21x Optima 450w\CD 5670013 Rev1 1.5T 21xOptima MR450\root\data\Signa_EXCITE\media\1115616-1115617.pdf
6/12/2012 4:07:18 PM : Extracting : C:\Users\Randy\Documents\SWMR GE DOCS 1\MRI\1.5T 21x Optima 450w\CD 5670013 Rev1 1.5T 21xOptima MR450\root\data\Signa_EXCITE\media\1115616-1115618.pdf
6/12/2012 4:07:18 PM : Extracting : C:\Users\Randy\Documents\SWMR GE DOCS 1\MRI\1.5T 21x Optima 450w\CD 5670013 Rev1 1.5T 21xOptima MR450\root\data\Signa_EXCITE\media\1115616-1115619.pdf
6/12/2012 4:07:18 PM : Extracting : C:\Users\Randy\Documents\SWMR GE DOCS 1\MRI\1.5T 21x Optima 450w\CD 5670013 Rev1 1.5T 21xOptima MR450\root\data\Signa_EXCITE\media\1117516-1132284.pdf
6/12/2012 4:07:21 PM : Extracting : C:\Users\Randy\Documents\SWMR GE DOCS 1\MRI\1.5T 21x Optima 450w\CD 5670013 Rev1 1.5T 21xOptima MR450\root\data\Signa_EXCITE\media\163436-115251.pdf
6/12/2012 4:07:23 PM : Extracting : C:\Users\Randy\Documents\SWMR GE DOCS 1\MRI\1.5T 21x Optima 450w\CD 5670013 Rev1 1.5T 21xOptima MR450\root\data\Signa_EXCITE\media\163436-121289.pdf
6/12/2012 4:07:23 PM : Extracting : C:\Users\Randy\Documents\SWMR GE DOCS 1\MRI\1.5T 21x Optima 450w\CD 5670013 Rev1 1.5T 21xOptima MR450\root\data\Signa_EXCITE\media\163436-126907.pdf
6/12/2012 4:07:25 PM : Extracting : C:\Users\Randy\Documents\SWMR GE DOCS 1\MRI\1.5T 21x Optima 450w\CD 5670013 Rev1 1.5T 21xOptima MR450\root\data\Signa_EXCITE\media\163436-127157.pdf
6/12/2012 4:07:26 PM : Extracting : C:\Users\Randy\Documents\SWMR GE DOCS 1\MRI\1.5T 21x Optima 450w\CD 5670013 Rev1 1.5T 21xOptima MR450\root\data\Signa_EXCITE\media\163436-177931.pdf
6/12/2012 4:07:33 PM : Extracting : C:\Users\Randy\Documents\SWMR GE DOCS 1\MRI\1.5T 21x Optima 450w\CD 5670013 Rev1 1.5T 21xOptima MR450\root\data\Signa_EXCITE\media\163436-177933.pdf
6/12/2012 4:07:41 PM : Extracting : C:\Users\Randy\Documents\SWMR GE DOCS 1\MRI\1.5T 21x Optima 450w\CD 5670013 Rev1 1.5T 21xOptima MR450\root\data\Signa_EXCITE\media\163436-372159.pdf
6/12/2012 4:07:43 PM : Extracting : C:\Users\Randy\Documents\SWMR GE DOCS 1\MRI\1.5T 21x Optima 450w\CD 5670013 Rev1 1.5T 21xOptima MR450\root\data\Signa_EXCITE\media\163436-385752.pdf
6/12/2012 4:07:44 PM : Extracting : C:\Users\Randy\Documents\SWMR GE DOCS 1\MRI\1.5T 21x Optima 450w\CD 5670013 Rev1 1.5T 21xOptima MR450\root\data\Signa_EXCITE\media\163436-480041.pdf
6/12/2012 4:07:44 PM : Extracting : C:\Users\Randy\Documents\SWMR GE DOCS 1\MRI\1.5T 21x Optima 450w\CD 5670013 Rev1 1.5T 21xOptima MR450\root\data\Signa_EXCITE\media\163436-487405.pdf
6/12/2012 4:07:50 PM : Extracting : C:\Users\Randy\Documents\SWMR GE DOCS 1\MRI\1.5T 21x Optima 450w\CD 5670013 Rev1 1.5T 21xOptima MR450\root\data\Signa_EXCITE\media\163436-767526.pdf
6/12/2012 4:07:50 PM : Extracting : C:\Users\Randy\Documents\SWMR GE DOCS 1\MRI\1.5T 21x Optima 450w\CD 5670013 Rev1 1.5T 21xOptima MR450\root\data\Signa_EXCITE\media\335765-335758.pdf
6/12/2012 4:07:53 PM : Extracting : C:\Users\Randy\Documents\SWMR GE DOCS 1\MRI\1.5T 21x Optima 450w\CD 5670013 Rev1 1.5T 21xOptima MR450\root\data\Signa_EXCITE\media\346817-1012561.pdf
6/12/2012 4:07:53 PM : Extracting : C:\Users\Randy\Documents\SWMR GE DOCS 1\MRI\1.5T 21x Optima 450w\CD 5670013 Rev1 1.5T 21xOptima MR450\root\data\Signa_EXCITE\media\357834-357832.pdf
6/12/2012 4:07:55 PM : Extracting : C:\Users\Randy\Documents\SWMR GE DOCS 1\MRI\1.5T 21x Optima 450w\CD 5670013 Rev1 1.5T 21xOptima MR450\root\data\Signa_EXCITE\media\47026-47163.pdf
6/12/2012 4:07:55 PM : Extracting : C:\Users\Randy\Documents\SWMR GE DOCS 1\MRI\1.5T 21x Optima 450w\CD 5670013 Rev1 1.5T 21xOptima MR450\root\data\Signa_EXCITE\media\504561-1115326.pdf
6/12/2012 4:07:58 PM : Extracting : C:\Users\Randy\Documents\SWMR GE DOCS 1\MRI\1.5T 21x Optima 450w\CD 5670013 Rev1 1.5T 21xOptima MR450\root\data\Signa_EXCITE\media\504561-1115327.pdf
6/12/2012 4:07:59 PM : Extracting : C:\Users\Randy\Documents\SWMR GE DOCS 1\MRI\1.5T 21x Optima 450w\CD 5670013 Rev1 1.5T 21xOptima MR450\root\data\Signa_EXCITE\media\538530-538814.pdf
6/12/2012 4:07:59 PM : Extracting : C:\Users\Randy\Documents\SWMR GE DOCS 1\MRI\1.5T 21x Optima 450w\CD 5670013 Rev1 1.5T 21xOptima MR450\root\data\Signa_EXCITE\media\580506-325172.pdf
6/12/2012 4:08:09 PM : Extracting : C:\Users\Randy\Documents\SWMR GE DOCS 1\MRI\1.5T 21x Optima 450w\CD 5670013 Rev1 1.5T 21xOptima MR450\root\data\Signa_EXCITE\media\580509-325177.pdf
6/12/2012 4:08:18 PM : Extracting : C:\Users\Randy\Documents\SWMR GE DOCS 1\MRI\1.5T 21x Optima 450w\CD 5670013 Rev1 1.5T 21xOptima MR450\root\data\Signa_EXCITE\media\585057-585184.pdf
6/12/2012 4:08:18 PM : Extracting : C:\Users\Randy\Documents\SWMR GE DOCS 1\MRI\1.5T 21x Optima 450w\CD 5670013 Rev1 1.5T 21xOptima MR450\root\data\Signa_EXCITE\media\625416-625507.pdf
6/12/2012 4:08:18 PM : Extracting : C:\Users\Randy\Documents\SWMR GE DOCS 1\MRI\1.5T 21x Optima 450w\CD 5670013 Rev1 1.5T 21xOptima MR450\root\data\Signa_EXCITE\media\625416-626521.pdf
6/12/2012 4:08:18 PM : Extracting : C:\Users\Randy\Documents\SWMR GE DOCS 1\MRI\1.5T 21x Optima 450w\CD 5670013 Rev1 1.5T 21xOptima MR450\root\data\Signa_EXCITE\media\679783-679781.pdf
6/12/2012 4:08:19 PM : Extracting : C:\Users\Randy\Documents\SWMR GE DOCS 1\MRI\1.5T 21x Optima 450w\CD 5670013 Rev1 1.5T 21xOptima MR450\root\data\Signa_EXCITE\media\679785-679782.pdf
6/12/2012 4:08:19 PM : Extracting : C:\Users\Randy\Documents\SWMR GE DOCS 1\MRI\1.5T 21x Optima 450w\CD 5670013 Rev1 1.5T 21xOptima MR450\root\data\Signa_EXCITE\media\78144-1012921.pdf
6/12/2012 4:08:20 PM : Extracting : C:\Users\Randy\Documents\SWMR GE DOCS 1\MRI\1.5T 21x Optima 450w\CD 5670013 Rev1 1.5T 21xOptima MR450\root\data\Signa_EXCITE\media\78144-1018802.pdf
6/12/2012 4:08:21 PM : Extracting : C:\Users\Randy\Documents\SWMR GE DOCS 1\MRI\1.5T 21x Optima 450w\CD 5670013 Rev1 1.5T 21xOptima MR450\root\data\Signa_EXCITE\media\78144-1058452.pdf
6/12/2012 4:08:22 PM : Extracting : C:\Users\Randy\Documents\SWMR GE DOCS 1\MRI\1.5T 21x Optima 450w\CD 5670013 Rev1 1.5T 21xOptima MR450\root\data\Signa_EXCITE\media\78144-1099168.pdf
6/12/2012 4:08:24 PM : Extracting : C:\Users\Randy\Documents\SWMR GE DOCS 1\MRI\1.5T 21x Optima 450w\CD 5670013 Rev1 1.5T 21xOptima MR450\root\data\Signa_EXCITE\media\78144-1115328.pdf
6/12/2012 4:08:24 PM : Extracting : C:\Users\Randy\Documents\SWMR GE DOCS 1\MRI\1.5T 21x Optima 450w\CD 5670013 Rev1 1.5T 21xOptima MR450\root\data\Signa_EXCITE\media\78144-117492.pdf
6/12/2012 4:08:26 PM : Extracting : C:\Users\Randy\Documents\SWMR GE DOCS 1\MRI\1.5T 21x Optima 450w\CD 5670013 Rev1 1.5T 21xOptima MR450\root\data\Signa_EXCITE\media\78144-129776.pdf
6/12/2012 4:08:26 PM : Extracting : C:\Users\Randy\Documents\SWMR GE DOCS 1\MRI\1.5T 21x Optima 450w\CD 5670013 Rev1 1.5T 21xOptima MR450\root\data\Signa_EXCITE\media\78144-129778.pdf
6/12/2012 4:08:27 PM : Extracting : C:\Users\Randy\Documents\SWMR GE DOCS 1\MRI\1.5T 21x Optima 450w\CD 5670013 Rev1 1.5T 21xOptima MR450\root\data\Signa_EXCITE\media\78144-136229.pdf
6/12/2012 4:08:27 PM : Extracting : C:\Users\Randy\Documents\SWMR GE DOCS 1\MRI\1.5T 21x Optima 450w\CD 5670013 Rev1 1.5T 21xOptima MR450\root\data\Signa_EXCITE\media\78144-163419.pdf
6/12/2012 4:08:28 PM : Extracting : C:\Users\Randy\Documents\SWMR GE DOCS 1\MRI\1.5T 21x Optima 450w\CD 5670013 Rev1 1.5T 21xOptima MR450\root\data\Signa_EXCITE\media\78144-163421.pdf
6/12/2012 4:08:28 PM : Extracting : C:\Users\Randy\Documents\SWMR GE DOCS 1\MRI\1.5T 21x Optima 450w\CD 5670013 Rev1 1.5T 21xOptima MR450\root\data\Signa_EXCITE\media\78144-163425.pdf
6/12/2012 4:08:29 PM : Extracting : C:\Users\Randy\Documents\SWMR GE DOCS 1\MRI\1.5T 21x Optima 450w\CD 5670013 Rev1 1.5T 21xOptima MR450\root\data\Signa_EXCITE\media\78144-188891.pdf
6/12/2012 4:08:30 PM : Extracting : C:\Users\Randy\Documents\SWMR GE DOCS 1\MRI\1.5T 21x Optima 450w\CD 5670013 Rev1 1.5T 21xOptima MR450\root\data\Signa_EXCITE\media\78144-188893.pdf
6/12/2012 4:08:31 PM : Extracting : C:\Users\Randy\Documents\SWMR GE DOCS 1\MRI\1.5T 21x Optima 450w\CD 5670013 Rev1 1.5T 21xOptima MR450\root\data\Signa_EXCITE\media\78144-201422.pdf
6/12/2012 4:08:32 PM : Extracting : C:\Users\Randy\Documents\SWMR GE DOCS 1\MRI\1.5T 21x Optima 450w\CD 5670013 Rev1 1.5T 21xOptima MR450\root\data\Signa_EXCITE\media\78144-220255.pdf
6/12/2012 4:08:32 PM : Extracting : C:\Users\Randy\Documents\SWMR GE DOCS 1\MRI\1.5T 21x Optima 450w\CD 5670013 Rev1 1.5T 21xOptima MR450\root\data\Signa_EXCITE\media\78144-385749.pdf
6/12/2012 4:08:34 PM : Extracting : C:\Users\Randy\Documents\SWMR GE DOCS 1\MRI\1.5T 21x Optima 450w\CD 5670013 Rev1 1.5T 21xOptima MR450\root\data\Signa_EXCITE\media\78144-412123.pdf
6/12/2012 4:08:35 PM : Extracting : C:\Users\Randy\Documents\SWMR GE DOCS 1\MRI\1.5T 21x Optima 450w\CD 5670013 Rev1 1.5T 21xOptima MR450\root\data\Signa_EXCITE\media\78144-78065.pdf
6/12/2012 4:08:36 PM : Extracting : C:\Users\Randy\Documents\SWMR GE DOCS 1\MRI\1.5T 21x Optima 450w\CD 5670013 Rev1 1.5T 21xOptima MR450\root\data\Signa_EXCITE\media\78144-78072.pdf
6/12/2012 4:08:36 PM : Extracting : C:\Users\Randy\Documents\SWMR GE DOCS 1\MRI\1.5T 21x Optima 450w\CD 5670013 Rev1 1.5T 21xOptima MR450\root\data\Signa_EXCITE\media\78144-78074.pdf
6/12/2012 4:08:37 PM : Extracting : C:\Users\Randy\Documents\SWMR GE DOCS 1\MRI\1.5T 21x Optima 450w\CD 5670013 Rev1 1.5T 21xOptima MR450\root\data\Signa_EXCITE\media\78144-78076.pdf
6/12/2012 4:08:37 PM : Extracting : C:\Users\Randy\Documents\SWMR GE DOCS 1\MRI\1.5T 21x Optima 450w\CD 5670013 Rev1 1.5T 21xOptima MR450\root\data\Signa_EXCITE\media\78144-78078.pdf
6/12/2012 4:08:39 PM : Extracting : C:\Users\Randy\Documents\SWMR GE DOCS 1\MRI\1.5T 21x Optima 450w\CD 5670013 Rev1 1.5T 21xOptima MR450\root\data\Signa_EXCITE\media\78144-78080.pdf
6/12/2012 4:08:40 PM : Extracting : C:\Users\Randy\Documents\SWMR GE DOCS 1\MRI\1.5T 21x Optima 450w\CD 5670013 Rev1 1.5T 21xOptima MR450\root\data\Signa_EXCITE\media\78144-78082.pdf
6/12/2012 4:08:40 PM : Extracting : C:\Users\Randy\Documents\SWMR GE DOCS 1\MRI\1.5T 21x Optima 450w\CD 5670013 Rev1 1.5T 21xOptima MR450\root\data\Signa_EXCITE\media\78144-78086.pdf
6/12/2012 4:08:41 PM : Extracting : C:\Users\Randy\Documents\SWMR GE DOCS 1\MRI\1.5T 21x Optima 450w\CD 5670013 Rev1 1.5T 21xOptima MR450\root\data\Signa_EXCITE\media\78144-78088.pdf
6/12/2012 4:08:42 PM : Extracting : C:\Users\Randy\Documents\SWMR GE DOCS 1\MRI\1.5T 21x Optima 450w\CD 5670013 Rev1 1.5T 21xOptima MR450\root\data\Signa_EXCITE\media\78144-78090.pdf
6/12/2012 4:08:42 PM : Extracting : C:\Users\Randy\Documents\SWMR GE DOCS 1\MRI\1.5T 21x Optima 450w\CD 5670013 Rev1 1.5T 21xOptima MR450\root\data\Signa_EXCITE\media\78144-78092.pdf
6/12/2012 4:08:43 PM : Extracting : C:\Users\Randy\Documents\SWMR GE DOCS 1\MRI\1.5T 21x Optima 450w\CD 5670013 Rev1 1.5T 21xOptima MR450\root\data\Signa_EXCITE\media\78144-78094.pdf
6/12/2012 4:08:43 PM : Extracting : C:\Users\Randy\Documents\SWMR GE DOCS 1\MRI\1.5T 21x Optima 450w\CD 5670013 Rev1 1.5T 21xOptima MR450\root\data\Signa_EXCITE\media\78144-78096.pdf
6/12/2012 4:08:43 PM : Extracting : C:\Users\Randy\Documents\SWMR GE DOCS 1\MRI\1.5T 21x Optima 450w\CD 5670013 Rev1 1.5T 21xOptima MR450\root\data\Signa_EXCITE\media\78144-78098.pdf
6/12/2012 4:08:43 PM : Extracting : C:\Users\Randy\Documents\SWMR GE DOCS 1\MRI\1.5T 21x Optima 450w\CD 5670013 Rev1 1.5T 21xOptima MR450\root\data\Signa_EXCITE\media\78144-78100.pdf
6/12/2012 4:08:44 PM : Extracting : C:\Users\Randy\Documents\SWMR GE DOCS 1\MRI\1.5T 21x Optima 450w\CD 5670013 Rev1 1.5T 21xOptima MR450\root\data\Signa_EXCITE\media\78144-78102.pdf
6/12/2012 4:08:45 PM : Extracting : C:\Users\Randy\Documents\SWMR GE DOCS 1\MRI\1.5T 21x Optima 450w\CD 5670013 Rev1 1.5T 21xOptima MR450\root\data\Signa_EXCITE\media\78144-78104.pdf
6/12/2012 4:08:45 PM : Extracting : C:\Users\Randy\Documents\SWMR GE DOCS 1\MRI\1.5T 21x Optima 450w\CD 5670013 Rev1 1.5T 21xOptima MR450\root\data\Signa_EXCITE\media\78144-78106.pdf
6/12/2012 4:08:46 PM : Extracting : C:\Users\Randy\Documents\SWMR GE DOCS 1\MRI\1.5T 21x Optima 450w\CD 5670013 Rev1 1.5T 21xOptima MR450\root\data\Signa_EXCITE\media\78144-78110.pdf
6/12/2012 4:08:46 PM : Extracting : C:\Users\Randy\Documents\SWMR GE DOCS 1\MRI\1.5T 21x Optima 450w\CD 5670013 Rev1 1.5T 21xOptima MR450\root\data\Signa_EXCITE\media\78144-78113.pdf
6/12/2012 4:08:46 PM : Extracting : C:\Users\Randy\Documents\SWMR GE DOCS 1\MRI\1.5T 21x Optima 450w\CD 5670013 Rev1 1.5T 21xOptima MR450\root\data\Signa_EXCITE\media\78144-78116.pdf
6/12/2012 4:08:47 PM : Extracting : C:\Users\Randy\Documents\SWMR GE DOCS 1\MRI\1.5T 21x Optima 450w\CD 5670013 Rev1 1.5T 21xOptima MR450\root\data\Signa_EXCITE\media\78144-78118.pdf
6/12/2012 4:08:48 PM : Extracting : C:\Users\Randy\Documents\SWMR GE DOCS 1\MRI\1.5T 21x Optima 450w\CD 5670013 Rev1 1.5T 21xOptima MR450\root\data\Signa_EXCITE\media\78144-78120.pdf
6/12/2012 4:08:48 PM : Extracting : C:\Users\Randy\Documents\SWMR GE DOCS 1\MRI\1.5T 21x Optima 450w\CD 5670013 Rev1 1.5T 21xOptima MR450\root\data\Signa_EXCITE\media\78144-78122.pdf
6/12/2012 4:08:48 PM : Extracting : C:\Users\Randy\Documents\SWMR GE DOCS 1\MRI\1.5T 21x Optima 450w\CD 5670013 Rev1 1.5T 21xOptima MR450\root\data\Signa_EXCITE\media\78144-78126.pdf
6/12/2012 4:08:49 PM : Extracting : C:\Users\Randy\Documents\SWMR GE DOCS 1\MRI\1.5T 21x Optima 450w\CD 5670013 Rev1 1.5T 21xOptima MR450\root\data\Signa_EXCITE\media\78144-78128.pdf
6/12/2012 4:08:50 PM : Extracting : C:\Users\Randy\Documents\SWMR GE DOCS 1\MRI\1.5T 21x Optima 450w\CD 5670013 Rev1 1.5T 21xOptima MR450\root\data\Signa_EXCITE\media\78144-78773.pdf
6/12/2012 4:08:51 PM : Extracting : C:\Users\Randy\Documents\SWMR GE DOCS 1\MRI\1.5T 21x Optima 450w\CD 5670013 Rev1 1.5T 21xOptima MR450\root\data\Signa_EXCITE\media\78144-79489.pdf
6/12/2012 4:08:52 PM : Extracting : C:\Users\Randy\Documents\SWMR GE DOCS 1\MRI\1.5T 21x Optima 450w\CD 5670013 Rev1 1.5T 21xOptima MR450\root\data\Signa_EXCITE\media\78144-79497.pdf
6/12/2012 4:08:52 PM : Extracting : C:\Users\Randy\Documents\SWMR GE DOCS 1\MRI\1.5T 21x Optima 450w\CD 5670013 Rev1 1.5T 21xOptima MR450\root\data\Signa_EXCITE\media\880753-1098364.pdf
6/12/2012 4:08:53 PM : Creating Index
6/12/2012 4:08:58 PM :   Total PDF files in all directories : 129
6/12/2012 4:08:58 PM :   Total PDF attachments : 0
6/12/2012 4:08:58 PM :   Total new files : 128
6/12/2012 4:08:58 PM :   Total pages indexed : 3614
6/12/2012 4:08:58 PM :   Total number of files skipped : 1
6/12/2012 4:08:58 PM :   Total deleted files : 0
6/12/2012 4:08:58 PM : Index build successful.
