12/06/10 09:43:32 create7 D:\Documents and Settings\212042086\dtSearch Post Publishing\5440000-HDxt\5440000\root\data\Signa_Index
12/06/10 09:43:32 open edit index_i.ix
12/06/10 09:43:32 open failed:  index_i.ix The system cannot find the file specified. (2) (file: index_i.ix)
12/06/10 09:43:32 open replace index_i.ix
12/06/10 09:43:32 open index_i.ix 0
12/06/10 09:43:32 open replace index_k.ix
12/06/10 09:43:32 open index_k.ix 0
12/06/10 09:43:32 open replace index_r.ix
12/06/10 09:43:32 open index_r.ix 0
12/06/10 09:43:32 open replace index_d.ix
12/06/10 09:43:32 open index_d.ix 0
12/06/10 09:43:32 open replace index_di.ix
12/06/10 09:43:32 open index_di.ix 0
12/06/10 09:43:32 open edit index_klh.ix
12/06/10 09:43:32 open failed:  index_klh.ix The system cannot find the file specified. (2) (file: index_klh.ix)
12/06/10 09:43:32 open replace index_klh.ix
12/06/10 09:43:32 open index_klh.ix 0
12/06/10 09:43:32 open replace index_kl.ix
12/06/10 09:43:32 open index_kl.ix 0
12/06/10 09:43:32 commit D:\Documents and Settings\212042086\dtSearch Post Publishing\5440000-HDxt\5440000\root\data\Signa_Index\index_k_1.ix 65,536
12/06/10 09:43:32 commit D:\Documents and Settings\212042086\dtSearch Post Publishing\5440000-HDxt\5440000\root\data\Signa_Index\index_d_1.ix 65,536
12/06/10 09:43:32 commit D:\Documents and Settings\212042086\dtSearch Post Publishing\5440000-HDxt\5440000\root\data\Signa_Index\index_di_1.ix 65,536
12/06/10 09:43:32 commit D:\Documents and Settings\212042086\dtSearch Post Publishing\5440000-HDxt\5440000\root\data\Signa_Index\index_i_1.ix 675
12/06/10 09:43:32 commit D:\Documents and Settings\212042086\dtSearch Post Publishing\5440000-HDxt\5440000\root\data\Signa_Index\index_r_1.ix 23
12/06/10 09:43:32 commit D:\Documents and Settings\212042086\dtSearch Post Publishing\5440000-HDxt\5440000\root\data\Signa_Index\index_kl_1.ix 172,032
12/06/10 09:43:32 commit D:\Documents and Settings\212042086\dtSearch Post Publishing\5440000-HDxt\5440000\root\data\Signa_Index\index_klh_1.ix 34
12/06/10 09:43:32 directory commit D:\Documents and Settings\212042086\dtSearch Post Publishing\5440000-HDxt\5440000\root\data\Signa_Index\index_v.ix ok
12/06/10 09:43:32 close
12/06/10 09:43:32 clean
12/06/10 09:43:32 directory unlock
12/06/10 09:43:32 commit D:\Documents and Settings\212042086\dtSearch Post Publishing\5440000-HDxt\5440000\root\data\Signa_Index ok
12/06/10 09:43:33 clean
12/06/10 09:43:33 directory unlock
12/06/10 09:43:33 open edit D:\Documents and Settings\212042086\dtSearch Post Publishing\5440000-HDxt\5440000\root\data\Signa_Index
12/06/10 09:43:33 open edit index_k.ix
12/06/10 09:43:33 open index_k.ix 65,536
12/06/10 09:43:33 open append index_r.ix
12/06/10 09:43:33 open index_r.ix 23
12/06/10 09:43:33 open append index_d.ix
12/06/10 09:43:33 open index_d.ix 65,536
12/06/10 09:43:33 open append index_di.ix
12/06/10 09:43:33 open index_di.ix 65,536
12/06/10 09:43:33 open edit index_i.ix
12/06/10 09:43:33 open index_i.ix 675
12/06/10 09:43:33 open edit index_klh.ix
12/06/10 09:43:33 open index_klh.ix 34
12/06/10 09:43:33 open edit-r index_kl.ix
12/06/10 09:43:33 open index_kl.ix 172,032
12/06/10 09:46:14 commit D:\Documents and Settings\212042086\dtSearch Post Publishing\5440000-HDxt\5440000\root\data\Signa_Index\index_k_2.ix 65,536
12/06/10 09:46:14 commit D:\Documents and Settings\212042086\dtSearch Post Publishing\5440000-HDxt\5440000\root\data\Signa_Index\index_d_1.ix 2,752,512
12/06/10 09:46:14 commit D:\Documents and Settings\212042086\dtSearch Post Publishing\5440000-HDxt\5440000\root\data\Signa_Index\index_di_1.ix 65,536
12/06/10 09:46:14 commit D:\Documents and Settings\212042086\dtSearch Post Publishing\5440000-HDxt\5440000\root\data\Signa_Index\index_i_2.ix 2,298
12/06/10 09:46:14 commit D:\Documents and Settings\212042086\dtSearch Post Publishing\5440000-HDxt\5440000\root\data\Signa_Index\index_r_1.ix 6,499,630
12/06/10 09:46:15 commit D:\Documents and Settings\212042086\dtSearch Post Publishing\5440000-HDxt\5440000\root\data\Signa_Index\index_kl_1.ix 3,055,616
12/06/10 09:46:15 commit D:\Documents and Settings\212042086\dtSearch Post Publishing\5440000-HDxt\5440000\root\data\Signa_Index\index_klh_2.ix 202
12/06/10 09:46:15 directory commit D:\Documents and Settings\212042086\dtSearch Post Publishing\5440000-HDxt\5440000\root\data\Signa_Index\index_v_1.ix ok
12/06/10 09:46:15 close
12/06/10 09:46:15 clean
12/06/10 09:46:15 directory unlock
12/06/10 09:46:15 rename D:\Documents and Settings\212042086\dtSearch Post Publishing\5440000-HDxt\5440000\root\data\Signa_Index\index_v_1.ix D:\Documents and Settings\212042086\dtSearch Post Publishing\5440000-HDxt\5440000\root\data\Signa_Index\index_v.ix ok
12/06/10 09:46:15 commit D:\Documents and Settings\212042086\dtSearch Post Publishing\5440000-HDxt\5440000\root\data\Signa_Index ok
